<html>
<body>
<pre>
<h1>礦ision Build Log</h1>
<h2>Tool Versions:</h2>
IDE-Version: μVision V5.23.0.0
Copyright (C) 2017 ARM Ltd and ARM Germany GmbH. All rights reserved.
License Information: yingshi Microsoft, Microsoft, LIC=SDAMM-XERKV-V1CP8-3M998-R57IL-WPTCP
 
Tool Versions:
Toolchain:       MDK-ARM Plus  Version: 5.23
Toolchain Path:  D:\Program Files (x86)\keilyingshi\ARM\ARMCC\Bin
C Compiler:      Armcc.exe V5.06 update 4 (build 422)
Assembler:       Armasm.exe V5.06 update 4 (build 422)
Linker/Locator:  ArmLink.exe V5.06 update 4 (build 422)
Library Manager: ArmAr.exe V5.06 update 4 (build 422)
Hex Converter:   FromElf.exe V5.06 update 4 (build 422)
CPU DLL:         SARMCM3.DLL V5.23
Dialog DLL:      DCM.DLL V1.15.0.0
Target DLL:      STLink\ST-LINKIII-KEIL_SWO.dll V2.0.18.0
Dialog DLL:      TCM.DLL V1.27.0.0
 
<h2>Project:</h2>
G:\坪山出差\血凝系统运动程序\Project\Rege\Rege.uvprojx
Project File Date:  08/28/2018

<h2>Output:</h2>
*** Using Compiler 'V5.06 update 4 (build 422)', folder: 'D:\Program Files (x86)\keilyingshi\ARM\ARMCC\Bin'
Build target 'Rege'
assembling startup_stm32f103xe.s...
compiling system_stm32f1xx.c...
compiling stm32f1xx_hal.c...
compiling stm32f1xx_hal_cortex.c...
compiling stm32f1xx_hal_gpio.c...
compiling stm32f1xx_hal_rcc.c...
compiling stm32f1xx_hal_tim.c...
compiling stm32f1xx_hal_uart.c...
compiling stm32f1xx_hal_dma.c...
compiling stm32f1xx_hal_tim_ex.c...
compiling stm32f1xx_hal_spi.c...
compiling Buffer.c...
compiling stm32f1xx_hal_crc.c...
compiling Message.c...
compiling Config.c...
compiling Console.c...
compiling Spi.c...
compiling Host.c...
compiling Uart.c...
compiling Timer.c...
compiling Gpio.c...
compiling StepMotor.c...
compiling FramFM25CL64B.c...
compiling Pulse4Axis.c...
compiling AccelerateTable.c...
compiling Board.c...
compiling Interrupts.c...
compiling Main.c...
compiling StepMotorRege.c...
compiling HostRege.c...
compiling LevelDetection.c...
compiling SendResultCode.c...
compiling Regent.c...
compiling stateReady.c...
compiling stateMoveWork.c...
compiling stateReset.c...
compiling stateSub.c...
compiling stateDrain.c...
compiling ConfigReage.c...
compiling stateClean.c...
compiling SlaveRege.c...
linking...
Program Size: Code=41938 RO-data=5462 RW-data=44 ZI-data=5492  
".\Objects\Rege.axf" - 0 Error(s), 0 Warning(s).

<h2>Collection of Component include folders:</h2>
  .\RTE\_Rege
  D:\Program Files (x86)\keilyingshi\ARM\PACK\Keil\STM32F1xx_DFP\2.1.0\Device\Include

<h2>Collection of Component Files used:</h2>
Build Time Elapsed:  00:01:29
</pre>
</body>
</html>
