Component: ARM Compiler 5.06 update 1 (build 61) Tool: armlink [4d35a8]

==============================================================================

Section Cross References

    system_stm32f1xx.o(i.SystemCoreClockUpdate) refers to system_stm32f1xx.o(.data) for SystemCoreClock
    system_stm32f1xx.o(i.SystemCoreClockUpdate) refers to system_stm32f1xx.o(.constdata) for AHBPrescTable
    startup_stm32f103xe.o(STACK) refers (Special) to heapauxi.o(.text) for __use_two_region_memory
    startup_stm32f103xe.o(HEAP) refers (Special) to heapauxi.o(.text) for __use_two_region_memory
    startup_stm32f103xe.o(RESET) refers (Special) to heapauxi.o(.text) for __use_two_region_memory
    startup_stm32f103xe.o(RESET) refers to startup_stm32f103xe.o(STACK) for __initial_sp
    startup_stm32f103xe.o(RESET) refers to startup_stm32f103xe.o(.text) for Reset_Handler
    startup_stm32f103xe.o(RESET) refers to interrupts.o(i.NMI_Handler) for NMI_Handler
    startup_stm32f103xe.o(RESET) refers to interrupts.o(i.HardFault_Handler) for HardFault_Handler
    startup_stm32f103xe.o(RESET) refers to interrupts.o(i.MemManage_Handler) for MemManage_Handler
    startup_stm32f103xe.o(RESET) refers to interrupts.o(i.BusFault_Handler) for BusFault_Handler
    startup_stm32f103xe.o(RESET) refers to interrupts.o(i.UsageFault_Handler) for UsageFault_Handler
    startup_stm32f103xe.o(RESET) refers to interrupts.o(i.DebugMon_Handler) for DebugMon_Handler
    startup_stm32f103xe.o(RESET) refers to interrupts.o(i.SysTick_Handler) for SysTick_Handler
    startup_stm32f103xe.o(RESET) refers to stateledcontrol.o(i.TIM1_UP_IRQHandler) for TIM1_UP_IRQHandler
    startup_stm32f103xe.o(RESET) refers to uart.o(i.USART1_IRQHandler) for USART1_IRQHandler
    startup_stm32f103xe.o(RESET) refers to uart.o(i.USART3_IRQHandler) for USART3_IRQHandler
    startup_stm32f103xe.o(RESET) refers to timer.o(i.TIM6_IRQHandler) for TIM6_IRQHandler
    startup_stm32f103xe.o(RESET) refers to timer.o(i.TIM7_IRQHandler) for TIM7_IRQHandler
    startup_stm32f103xe.o(.text) refers (Special) to heapauxi.o(.text) for __use_two_region_memory
    startup_stm32f103xe.o(.text) refers to system_stm32f1xx.o(i.SystemInit) for SystemInit
    startup_stm32f103xe.o(.text) refers to __main.o(!!!main) for __main
    startup_stm32f103xe.o(.text) refers to startup_stm32f103xe.o(HEAP) for Heap_Mem
    startup_stm32f103xe.o(.text) refers to startup_stm32f103xe.o(STACK) for Stack_Mem
    stm32f1xx_hal.o(i.HAL_DeInit) refers to stm32f1xx_hal.o(i.HAL_MspDeInit) for HAL_MspDeInit
    stm32f1xx_hal.o(i.HAL_Delay) refers to stm32f1xx_hal.o(i.HAL_GetTick) for HAL_GetTick
    stm32f1xx_hal.o(i.HAL_GetTick) refers to stm32f1xx_hal.o(.data) for uwTick
    stm32f1xx_hal.o(i.HAL_IncTick) refers to stm32f1xx_hal.o(.data) for uwTick
    stm32f1xx_hal.o(i.HAL_Init) refers to stm32f1xx_hal_cortex.o(i.HAL_NVIC_SetPriorityGrouping) for HAL_NVIC_SetPriorityGrouping
    stm32f1xx_hal.o(i.HAL_Init) refers to stm32f1xx_hal.o(i.HAL_InitTick) for HAL_InitTick
    stm32f1xx_hal.o(i.HAL_Init) refers to stm32f1xx_hal.o(i.HAL_MspInit) for HAL_MspInit
    stm32f1xx_hal.o(i.HAL_InitTick) refers to stm32f1xx_hal_cortex.o(i.HAL_SYSTICK_Config) for HAL_SYSTICK_Config
    stm32f1xx_hal.o(i.HAL_InitTick) refers to stm32f1xx_hal_cortex.o(i.HAL_NVIC_SetPriority) for HAL_NVIC_SetPriority
    stm32f1xx_hal.o(i.HAL_InitTick) refers to system_stm32f1xx.o(.data) for SystemCoreClock
    stm32f1xx_hal_cortex.o(i.HAL_NVIC_GetPriorityGrouping) refers to stm32f1xx_hal_cortex.o(i.NVIC_GetPriorityGrouping) for NVIC_GetPriorityGrouping
    stm32f1xx_hal_cortex.o(i.HAL_NVIC_SetPriority) refers to stm32f1xx_hal_cortex.o(i.NVIC_GetPriorityGrouping) for NVIC_GetPriorityGrouping
    stm32f1xx_hal_cortex.o(i.HAL_NVIC_SetPriority) refers to stm32f1xx_hal_cortex.o(i.NVIC_SetPriority) for NVIC_SetPriority
    stm32f1xx_hal_cortex.o(i.HAL_SYSTICK_Config) refers to stm32f1xx_hal_cortex.o(i.NVIC_SetPriority) for NVIC_SetPriority
    stm32f1xx_hal_cortex.o(i.HAL_SYSTICK_IRQHandler) refers to stm32f1xx_hal_cortex.o(i.HAL_SYSTICK_Callback) for HAL_SYSTICK_Callback
    stm32f1xx_hal_gpio.o(i.HAL_GPIO_EXTI_IRQHandler) refers to stm32f1xx_hal_gpio.o(i.HAL_GPIO_EXTI_Callback) for HAL_GPIO_EXTI_Callback
    stm32f1xx_hal_rcc.o(i.HAL_RCC_ClockConfig) refers to stm32f1xx_hal.o(i.HAL_GetTick) for HAL_GetTick
    stm32f1xx_hal_rcc.o(i.HAL_RCC_ClockConfig) refers to stm32f1xx_hal_rcc.o(i.HAL_RCC_GetSysClockFreq) for HAL_RCC_GetSysClockFreq
    stm32f1xx_hal_rcc.o(i.HAL_RCC_ClockConfig) refers to stm32f1xx_hal.o(i.HAL_InitTick) for HAL_InitTick
    stm32f1xx_hal_rcc.o(i.HAL_RCC_ClockConfig) refers to system_stm32f1xx.o(.constdata) for AHBPrescTable
    stm32f1xx_hal_rcc.o(i.HAL_RCC_ClockConfig) refers to system_stm32f1xx.o(.data) for SystemCoreClock
    stm32f1xx_hal_rcc.o(i.HAL_RCC_DeInit) refers to system_stm32f1xx.o(.data) for SystemCoreClock
    stm32f1xx_hal_rcc.o(i.HAL_RCC_GetHCLKFreq) refers to system_stm32f1xx.o(.data) for SystemCoreClock
[...]
    __lcnum_c_point                          0x08006034   Data           0  lc_numeric_c.o(locale$$data)
    __lcnum_c_thousands                      0x08006036   Data           0  lc_numeric_c.o(locale$$data)
    __lcnum_c_grouping                       0x08006037   Data           0  lc_numeric_c.o(locale$$data)
    __lcnum_c_end                            0x08006038   Data           0  lc_numeric_c.o(locale$$data)
    .data                                    0x20000000   Section        4  system_stm32f1xx.o(.data)
    .data                                    0x20000004   Section        4  stm32f1xx_hal.o(.data)
    .data                                    0x20000008   Section        1  host.o(.data)
    tag                                      0x20000008   Data           1  host.o(.data)
    .data                                    0x2000000a   Section        4  timer.o(.data)
    timerTimes                               0x2000000a   Data           2  timer.o(.data)
    timerTimes2                              0x2000000c   Data           2  timer.o(.data)
    .data                                    0x2000000e   Section        2  statemonitor.o(.data)
    tag                                      0x2000000e   Data           1  statemonitor.o(.data)
    ketDownCounts                            0x2000000f   Data           1  statemonitor.o(.data)
    .data                                    0x20000010   Section        4  stateledcontrol.o(.data)
    timerTimes                               0x20000010   Data           2  stateledcontrol.o(.data)
    tLed                                     0x20000012   Data           2  stateledcontrol.o(.data)
    .bss                                     0x20000018   Section       32  stm32f1xx_hal_flash.o(.bss)
    .bss                                     0x20000038   Section      168  message.o(.bss)
    msgQueue                                 0x20000038   Data         168  message.o(.bss)
    .bss                                     0x200000e0   Section      828  console.o(.bss)
    console                                  0x200000e0   Data         404  console.o(.bss)
    consoleLine                              0x20000274   Data         424  console.o(.bss)
    .bss                                     0x2000041c   Section      312  host.o(.bss)
    host                                     0x2000041c   Data         312  host.o(.bss)
    .bss                                     0x20000554   Section      400  uart.o(.bss)
    uarts                                    0x20000554   Data         400  uart.o(.bss)
    .bss                                     0x200006e4   Section      128  timer.o(.bss)
    timerDef                                 0x200006e4   Data          64  timer.o(.bss)
    timerDef2                                0x20000724   Data          64  timer.o(.bss)
    .bss                                     0x20000764   Section      192  board.o(.bss)
    board                                    0x20000764   Data         192  board.o(.bss)
    .bss                                     0x20000824   Section       28  statemonitor.o(.bss)
    .bss                                     0x20000840   Section       64  stateledcontrol.o(.bss)
    timerDef                                 0x20000840   Data          64  stateledcontrol.o(.bss)
    .bss                                     0x20000880   Section       84  serialdownload.o(.bss)
    .bss                                     0x200008d4   Section       96  libspace.o(.bss)
    HEAP                                     0x20000938   Section      512  startup_stm32f103xe.o(HEAP)
    Heap_Mem                                 0x20000938   Data         512  startup_stm32f103xe.o(HEAP)
    STACK                                    0x20000b38   Section     1024  startup_stm32f103xe.o(STACK)
    Stack_Mem                                0x20000b38   Data        1024  startup_stm32f103xe.o(STACK)
    __initial_sp                             0x20000f38   Data           0  startup_stm32f103xe.o(STACK)

    Global Symbols

    Symbol Name                              Value     Ov Type        Size  Object(Section)

    BuildAttributes$$THM_ISAv4$P$D$K$B$S$PE$A:L22UL41UL21$X:L11$S22US41US21$IEEE1$IW$USESV6$~STKCKD$USESV7$~SHL$OTIME$ROPI$IEEEJ$EBA8$UX$STANDARDLIB$REQ8$PRES8$EABIv2 0x00000000   Number         0  anon$$obj.o ABSOLUTE
    __ARM_use_no_argv                        0x00000000   Number         0  main.o ABSOLUTE
    _printf_flags                            0x00000000   Number         0  printf_stubs.o ABSOLUTE
    _printf_return_value                     0x00000000   Number         0  printf_stubs.o ABSOLUTE
    _printf_sizespec                         0x00000000   Number         0  printf_stubs.o ABSOLUTE
    _printf_widthprec                        0x00000000   Number         0  printf_stubs.o ABSOLUTE
    __ARM_exceptions_init                     - Undefined Weak Reference
    __alloca_initialize                       - Undefined Weak Reference
    __arm_preinit_                            - Undefined Weak Reference
    __cpp_initialize__aeabi_                  - Undefined Weak Reference
    __cxa_finalize                            - Undefined Weak Reference
    __sigvec_lookup                           - Undefined Weak Reference
    _atexit_init                              - Undefined Weak Reference
    _call_atexit_fns                          - Undefined Weak Reference
    _clock_init                               - Undefined Weak Reference
    _fp_trap_init                             - Undefined Weak Reference
    _fp_trap_shutdown                         - Undefined Weak Reference
    _get_lc_collate                           - Undefined Weak Reference
    _get_lc_monetary                          - Undefined Weak Reference
    _get_lc_time                              - Undefined Weak Reference
    _getenv_init                              - Undefined Weak Reference
    _handle_redirection                       - Undefined Weak Reference
    _init_alloc                               - Undefined Weak Reference
    _init_user_alloc                          - Undefined Weak Reference
    _initio                                   - Undefined Weak Reference
    _printf_mbtowc                            - Undefined Weak Reference
    _printf_wc                                - Undefined Weak Reference
    _rand_init                                - Undefined Weak Reference
    _signal_finish                            - Undefined Weak Reference
    _signal_init                              - Undefined Weak Reference
    _terminate_alloc                          - Undefined Weak Reference
    _terminate_user_alloc                     - Undefined Weak Reference
    _terminateio                              - Undefined Weak Reference
    __Vectors_Size                           0x00000130   Number         0  startup_stm32f103xe.o ABSOLUTE
    __Vectors                                0x08000000   Data           4  startup_stm32f103xe.o(RESET)
    __Vectors_End                            0x08000130   Data           0  startup_stm32f103xe.o(RESET)
    __main                                   0x08000131   Thumb Code     8  __main.o(!!!main)
    __scatterload                            0x08000139   Thumb Code     0  __scatter.o(!!!scatter)
    __scatterload_rt2                        0x08000139   Thumb Code    44  __scatter.o(!!!scatter)
    __scatterload_rt2_thumb_only             0x08000139   Thumb Code     0  __scatter.o(!!!scatter)
    __scatterload_null                       0x08000147   Thumb Code     0  __scatter.o(!!!scatter)
    __scatterload_copy                       0x0800016d   Thumb Code    26  __scatter_copy.o(!!handler_copy)
    __scatterload_zeroinit                   0x08000189   Thumb Code    28  __scatter_zi.o(!!handler_zi)
    _printf_n                                0x080001a5   Thumb Code     0  _printf_n.o(.ARM.Collect$$_printf_percent$$00000001)
    _printf_percent                          0x080001a5   Thumb Code     0  _printf_percent.o(.ARM.Collect$$_printf_percent$$00000000)
    _printf_p                                0x080001ab   Thumb Code     0  _printf_p.o(.ARM.Collect$$_printf_percent$$00000002)
    _printf_f                                0x080001b1   Thumb Code     0  _printf_f.o(.ARM.Collect$$_printf_percent$$00000003)
    _printf_e                                0x080001b7   Thumb Code     0  _printf_e.o(.ARM.Collect$$_printf_percent$$00000004)
    _printf_g                                0x080001bd   Thumb Code     0  _printf_g.o(.ARM.Collect$$_printf_percent$$00000005)
    _printf_a                                0x080001c3   Thumb Code     0  _printf_a.o(.ARM.Collect$$_printf_percent$$00000006)
    _printf_ll                               0x080001c9   Thumb Code     0  _printf_ll.o(.ARM.Collect$$_printf_percent$$00000007)
    _printf_i                                0x080001d3   Thumb Code     0  _printf_i.o(.ARM.Collect$$_printf_percent$$00000008)
    _printf_d                                0x080001d9   Thumb Code     0  _printf_d.o(.ARM.Collect$$_printf_percent$$00000009)
    _printf_u                                0x080001df   Thumb Code     0  _printf_u.o(.ARM.Collect$$_printf_percent$$0000000A)
    _printf_o                                0x080001e5   Thumb Code     0  _printf_o.o(.ARM.Collect$$_printf_percent$$0000000B)
    _printf_x                                0x080001eb   Thumb Code     0  _printf_x.o(.ARM.Collect$$_printf_percent$$0000000C)
    _printf_lli                              0x080001f1   Thumb Code     0  _printf_lli.o(.ARM.Collect$$_printf_percent$$0000000D)
    _printf_lld                              0x080001f7   Thumb Code     0  _printf_lld.o(.ARM.Collect$$_printf_percent$$0000000E)
    _printf_llu                              0x080001fd   Thumb Code     0  _printf_llu.o(.ARM.Collect$$_printf_percent$$0000000F)
    _printf_llo                              0x08000203   Thumb Code     0  _printf_llo.o(.ARM.Collect$$_printf_percent$$00000010)
    _printf_llx                              0x08000209   Thumb Code     0  _printf_llx.o(.ARM.Collect$$_printf_percent$$00000011)
    _printf_l                                0x0800020f   Thumb Code     0  _printf_l.o(.ARM.Collect$$_printf_percent$$00000012)
    _printf_c                                0x08000219   Thumb Code     0  _printf_c.o(.ARM.Collect$$_printf_percent$$00000013)
    _printf_s                                0x0800021f   Thumb Code     0  _printf_s.o(.ARM.Collect$$_printf_percent$$00000014)
    _printf_lc                               0x08000225   Thumb Code     0  _printf_lc.o(.ARM.Collect$$_printf_percent$$00000015)
    _printf_ls                               0x0800022b   Thumb Code     0  _printf_ls.o(.ARM.Collect$$_printf_percent$$00000016)
    _printf_percent_end                      0x08000231   Thumb Code     0  _printf_percent_end.o(.ARM.Collect$$_printf_percent$$00000017)
    __rt_lib_init                            0x08000235   Thumb Code     0  libinit.o(.ARM.Collect$$libinit$$00000000)
    __rt_lib_init_fp_1                       0x08000237   Thumb Code     0  libinit2.o(.ARM.Collect$$libinit$$00000002)
    __rt_lib_init_heap_1                     0x08000237   Thumb Code     0  libinit2.o(.ARM.Collect$$libinit$$0000000A)
    __rt_lib_init_lc_common                  0x08000237   Thumb Code     0  libinit2.o(.ARM.Collect$$libinit$$0000000F)
    __rt_lib_init_preinit_1                  0x08000237   Thumb Code     0  libinit2.o(.ARM.Collect$$libinit$$00000004)
    __rt_lib_init_rand_1                     0x08000237   Thumb Code     0  libinit2.o(.ARM.Collect$$libinit$$0000000E)
    __rt_lib_init_user_alloc_1               0x08000237   Thumb Code     0  libinit2.o(.ARM.Collect$$libinit$$0000000C)
    __rt_lib_init_lc_collate_1               0x0800023d   Thumb Code     0  libinit2.o(.ARM.Collect$$libinit$$00000011)
    __rt_lib_init_lc_ctype_2                 0x0800023d   Thumb Code     0  libinit2.o(.ARM.Collect$$libinit$$00000012)
    __rt_lib_init_lc_ctype_1                 0x08000249   Thumb Code     0  libinit2.o(.ARM.Collect$$libinit$$00000013)
    __rt_lib_init_lc_monetary_1              0x08000249   Thumb Code     0  libinit2.o(.ARM.Collect$$libinit$$00000015)
    __rt_lib_init_lc_numeric_2               0x08000249   Thumb Code     0  libinit2.o(.ARM.Collect$$libinit$$00000016)
    __rt_lib_init_alloca_1                   0x08000253   Thumb Code     0  libinit2.o(.ARM.Collect$$libinit$$0000002E)
    __rt_lib_init_argv_1                     0x08000253   Thumb Code     0  libinit2.o(.ARM.Collect$$libinit$$0000002C)
    __rt_lib_init_atexit_1                   0x08000253   Thumb Code     0  libinit2.o(.ARM.Collect$$libinit$$0000001B)
    __rt_lib_init_clock_1                    0x08000253   Thumb Code     0  libinit2.o(.ARM.Collect$$libinit$$00000021)
    __rt_lib_init_cpp_1                      0x08000253   Thumb Code     0  libinit2.o(.ARM.Collect$$libinit$$00000032)
    __rt_lib_init_exceptions_1               0x08000253   Thumb Code     0  libinit2.o(.ARM.Collect$$libinit$$00000030)
    __rt_lib_init_fp_trap_1                  0x08000253   Thumb Code     0  libinit2.o(.ARM.Collect$$libinit$$0000001F)
    __rt_lib_init_getenv_1                   0x08000253   Thumb Code     0  libinit2.o(.ARM.Collect$$libinit$$00000023)
    __rt_lib_init_lc_numeric_1               0x08000253   Thumb Code     0  libinit2.o(.ARM.Collect$$libinit$$00000017)
    __rt_lib_init_lc_time_1                  0x08000253   Thumb Code     0  libinit2.o(.ARM.Collect$$libinit$$00000019)
    __rt_lib_init_return                     0x08000253   Thumb Code     0  libinit2.o(.ARM.Collect$$libinit$$00000033)
    __rt_lib_init_signal_1                   0x08000253   Thumb Code     0  libinit2.o(.ARM.Collect$$libinit$$0000001D)
    __rt_lib_init_stdio_1                    0x08000253   Thumb Code     0  libinit2.o(.ARM.Collect$$libinit$$00000025)
    __rt_lib_shutdown                        0x08000255   Thumb Code     0  libshutdown.o(.ARM.Collect$$libshutdown$$00000000)
    __rt_lib_shutdown_cpp_1                  0x08000257   Thumb Code     0  libshutdown2.o(.ARM.Collect$$libshutdown$$00000002)
    __rt_lib_shutdown_fp_trap_1              0x08000257   Thumb Code     0  libshutdown2.o(.ARM.Collect$$libshutdown$$00000007)
    __rt_lib_shutdown_heap_1                 0x08000257   Thumb Code     0  libshutdown2.o(.ARM.Collect$$libshutdown$$0000000F)
    __rt_lib_shutdown_return                 0x08000257   Thumb Code     0  libshutdown2.o(.ARM.Collect$$libshutdown$$00000010)
    __rt_lib_shutdown_signal_1               0x08000257   Thumb Code     0  libshutdown2.o(.ARM.Collect$$libshutdown$$0000000A)
    __rt_lib_shutdown_stdio_1                0x08000257   Thumb Code     0  libshutdown2.o(.ARM.Collect$$libshutdown$$00000004)
    __rt_lib_shutdown_user_alloc_1           0x08000257   Thumb Code     0  libshutdown2.o(.ARM.Collect$$libshutdown$$0000000C)
    __rt_entry                               0x08000259   Thumb Code     0  __rtentry.o(.ARM.Collect$$rtentry$$00000000)
    __rt_entry_presh_1                       0x08000259   Thumb Code     0  __rtentry2.o(.ARM.Collect$$rtentry$$00000002)
    __rt_entry_sh                            0x08000259   Thumb Code     0  __rtentry4.o(.ARM.Collect$$rtentry$$00000004)
    __rt_entry_li                            0x0800025f   Thumb Code     0  __rtentry2.o(.ARM.Collect$$rtentry$$0000000A)
    __rt_entry_postsh_1                      0x0800025f   Thumb Code     0  __rtentry2.o(.ARM.Collect$$rtentry$$00000009)
    __rt_entry_main                          0x08000263   Thumb Code     0  __rtentry2.o(.ARM.Collect$$rtentry$$0000000D)
    __rt_entry_postli_1                      0x08000263   Thumb Code     0  __rtentry2.o(.ARM.Collect$$rtentry$$0000000C)
    __rt_exit                                0x0800026b   Thumb Code     0  rtexit.o(.ARM.Collect$$rtexit$$00000000)
    __rt_exit_ls                             0x0800026d   Thumb Code     0  rtexit2.o(.ARM.Collect$$rtexit$$00000003)
    __rt_exit_prels_1                        0x0800026d   Thumb Code     0  rtexit2.o(.ARM.Collect$$rtexit$$00000002)
    __rt_exit_exit                           0x08000271   Thumb Code     0  rtexit2.o(.ARM.Collect$$rtexit$$00000004)
    Reset_Handler                            0x08000279   Thumb Code     8  startup_stm32f103xe.o(.text)
    SVC_Handler                              0x0800028b   Thumb Code     2  startup_stm32f103xe.o(.text)
    PendSV_Handler                           0x0800028f   Thumb Code     2  startup_stm32f103xe.o(.text)
    ADC1_2_IRQHandler                        0x08000293   Thumb Code     0  startup_stm32f103xe.o(.text)
    ADC3_IRQHandler                          0x08000293   Thumb Code     0  startup_stm32f103xe.o(.text)
    CAN1_RX1_IRQHandler                      0x08000293   Thumb Code     0  startup_stm32f103xe.o(.text)
    CAN1_SCE_IRQHandler                      0x08000293   Thumb Code     0  startup_stm32f103xe.o(.text)
    DMA1_Channel1_IRQHandler                 0x08000293   Thumb Code     0  startup_stm32f103xe.o(.text)
    DMA1_Channel2_IRQHandler                 0x08000293   Thumb Code     0  startup_stm32f103xe.o(.text)
    DMA1_Channel3_IRQHandler                 0x08000293   Thumb Code     0  startup_stm32f103xe.o(.text)
    DMA1_Channel4_IRQHandler                 0x08000293   Thumb Code     0  startup_stm32f103xe.o(.text)
    DMA1_Channel5_IRQHandler                 0x08000293   Thumb Code     0  startup_stm32f103xe.o(.text)
    DMA1_Channel6_IRQHandler                 0x08000293   Thumb Code     0  startup_stm32f103xe.o(.text)
    DMA1_Channel7_IRQHandler                 0x08000293   Thumb Code     0  startup_stm32f103xe.o(.text)
    DMA2_Channel1_IRQHandler                 0x08000293   Thumb Code     0  startup_stm32f103xe.o(.text)
    DMA2_Channel2_IRQHandler                 0x08000293   Thumb Code     0  startup_stm32f103xe.o(.text)
    DMA2_Channel3_IRQHandler                 0x08000293   Thumb Code     0  startup_stm32f103xe.o(.text)
    DMA2_Channel4_5_IRQHandler               0x08000293   Thumb Code     0  startup_stm32f103xe.o(.text)
    EXTI0_IRQHandler                         0x08000293   Thumb Code     0  startup_stm32f103xe.o(.text)
    EXTI15_10_IRQHandler                     0x08000293   Thumb Code     0  startup_stm32f103xe.o(.text)
    EXTI1_IRQHandler                         0x08000293   Thumb Code     0  startup_stm32f103xe.o(.text)
    EXTI2_IRQHandler                         0x08000293   Thumb Code     0  startup_stm32f103xe.o(.text)
    EXTI3_IRQHandler                         0x08000293   Thumb Code     0  startup_stm32f103xe.o(.text)
    EXTI4_IRQHandler                         0x08000293   Thumb Code     0  startup_stm32f103xe.o(.text)
    EXTI9_5_IRQHandler                       0x08000293   Thumb Code     0  startup_stm32f103xe.o(.text)
    FLASH_IRQHandler                         0x08000293   Thumb Code     0  startup_stm32f103xe.o(.text)
    FSMC_IRQHandler                          0x08000293   Thumb Code     0  startup_stm32f103xe.o(.text)
    I2C1_ER_IRQHandler                       0x08000293   Thumb Code     0  startup_stm32f103xe.o(.text)
    I2C1_EV_IRQHandler                       0x08000293   Thumb Code     0  startup_stm32f103xe.o(.text)
    I2C2_ER_IRQHandler                       0x08000293   Thumb Code     0  startup_stm32f103xe.o(.text)
    I2C2_EV_IRQHandler                       0x08000293   Thumb Code     0  startup_stm32f103xe.o(.text)
    PVD_IRQHandler                           0x08000293   Thumb Code     0  startup_stm32f103xe.o(.text)
    RCC_IRQHandler                           0x08000293   Thumb Code     0  startup_stm32f103xe.o(.text)
    RTC_Alarm_IRQHandler                     0x08000293   Thumb Code     0  startup_stm32f103xe.o(.text)
    RTC_IRQHandler                           0x08000293   Thumb Code     0  startup_stm32f103xe.o(.text)
    SDIO_IRQHandler                          0x08000293   Thumb Code     0  startup_stm32f103xe.o(.text)
    SPI1_IRQHandler                          0x08000293   Thumb Code     0  startup_stm32f103xe.o(.text)
    SPI2_IRQHandler                          0x08000293   Thumb Code     0  startup_stm32f103xe.o(.text)
    SPI3_IRQHandler                          0x08000293   Thumb Code     0  startup_stm32f103xe.o(.text)
    TAMPER_IRQHandler                        0x08000293   Thumb Code     0  startup_stm32f103xe.o(.text)
    TIM1_BRK_IRQHandler                      0x08000293   Thumb Code     0  startup_stm32f103xe.o(.text)
    TIM1_CC_IRQHandler                       0x08000293   Thumb Code     0  startup_stm32f103xe.o(.text)
    TIM1_TRG_COM_IRQHandler                  0x08000293   Thumb Code     0  startup_stm32f103xe.o(.text)
    TIM2_IRQHandler                          0x08000293   Thumb Code     0  startup_stm32f103xe.o(.text)
    TIM3_IRQHandler                          0x08000293   Thumb Code     0  startup_stm32f103xe.o(.text)
    TIM4_IRQHandler                          0x08000293   Thumb Code     0  startup_stm32f103xe.o(.text)
    TIM5_IRQHandler                          0x08000293   Thumb Code     0  startup_stm32f103xe.o(.text)
    TIM8_BRK_IRQHandler                      0x08000293   Thumb Code     0  startup_stm32f103xe.o(.text)
    TIM8_CC_IRQHandler                       0x08000293   Thumb Code     0  startup_stm32f103xe.o(.text)
    TIM8_TRG_COM_IRQHandler                  0x08000293   Thumb Code     0  startup_stm32f103xe.o(.text)
    TIM8_UP_IRQHandler                       0x08000293   Thumb Code     0  startup_stm32f103xe.o(.text)
    UART4_IRQHandler                         0x08000293   Thumb Code     0  startup_stm32f103xe.o(.text)
    UART5_IRQHandler                         0x08000293   Thumb Code     0  startup_stm32f103xe.o(.text)
    USART2_IRQHandler                        0x08000293   Thumb Code     0  startup_stm32f103xe.o(.text)
    USBWakeUp_IRQHandler                     0x08000293   Thumb Code     0  startup_stm32f103xe.o(.text)
    USB_HP_CAN1_TX_IRQHandler                0x08000293   Thumb Code     0  startup_stm32f103xe.o(.text)
    USB_LP_CAN1_RX0_IRQHandler               0x08000293   Thumb Code     0  startup_stm32f103xe.o(.text)
    WWDG_IRQHandler                          0x08000293   Thumb Code     0  startup_stm32f103xe.o(.text)
    __user_initial_stackheap                 0x08000295   Thumb Code     0  startup_stm32f103xe.o(.text)
    __aeabi_llsr                             0x080002b9   Thumb Code     0  llushr.o(.text)
    _ll_ushift_r                             0x080002b9   Thumb Code    38  llushr.o(.text)
    vsprintf                                 0x080002e1   Thumb Code    32  vsprintf.o(.text)
    __2sprintf                               0x08000305   Thumb Code    38  __2sprintf.o(.text)
    _printf_pre_padding                      0x08000331   Thumb Code    44  _printf_pad.o(.text)
    _printf_post_padding                     0x0800035d   Thumb Code    34  _printf_pad.o(.text)
    _printf_str                              0x0800037f   Thumb Code    82  _printf_str.o(.text)
    _printf_longlong_hex                     0x080003d1   Thumb Code    86  _printf_hex_int_ll_ptr.o(.text)
    _printf_int_hex                          0x08000427   Thumb Code    28  _printf_hex_int_ll_ptr.o(.text)
    _printf_ll_hex                           0x08000443   Thumb Code    12  _printf_hex_int_ll_ptr.o(.text)
    _printf_hex_ptr                          0x0800044f   Thumb Code    18  _printf_hex_int_ll_ptr.o(.text)
    __printf                                 0x08000465   Thumb Code   388  __printf_flags_ss_wp.o(.text)
    atoi                                     0x080005ed   Thumb Code    26  atoi.o(.text)
    strlen                                   0x08000607   Thumb Code    62  strlen.o(.text)
    __aeabi_memcpy                           0x08000645   Thumb Code     0  rt_memcpy_v6.o(.text)
    __rt_memcpy                              0x08000645   Thumb Code   138  rt_memcpy_v6.o(.text)
    _memcpy_lastbytes                        0x080006ab   Thumb Code     0  rt_memcpy_v6.o(.text)
    __aeabi_memmove                          0x080006cf   Thumb Code     0  rt_memmove_v6.o(.text)
    __rt_memmove                             0x080006cf   Thumb Code   132  rt_memmove_v6.o(.text)
    __memmove_lastfew                        0x0800072f   Thumb Code     0  rt_memmove_v6.o(.text)
    __aeabi_memclr4                          0x08000753   Thumb Code     0  rt_memclr_w.o(.text)
    __aeabi_memclr8                          0x08000753   Thumb Code     0  rt_memclr_w.o(.text)
    __rt_memclr_w                            0x08000753   Thumb Code    78  rt_memclr_w.o(.text)
    _memset_w                                0x08000757   Thumb Code     0  rt_memclr_w.o(.text)
    strncpy                                  0x080007a1   Thumb Code    86  strncpy.o(.text)
    strcmp                                   0x080007f9   Thumb Code   128  strcmpv7m.o(.text)
    __use_two_region_memory                  0x08000879   Thumb Code     2  heapauxi.o(.text)
    __rt_heap_escrow$2region                 0x0800087b   Thumb Code     2  heapauxi.o(.text)
    __rt_heap_expand$2region                 0x0800087d   Thumb Code     2  heapauxi.o(.text)
    __aeabi_errno_addr                       0x08000881   Thumb Code     8  rt_errno_addr_intlibspace.o(.text)
    __errno$intlibspace                      0x08000881   Thumb Code     0  rt_errno_addr_intlibspace.o(.text)
    __rt_errno_addr$intlibspace              0x08000881   Thumb Code     0  rt_errno_addr_intlibspace.o(.text)
    _printf_truncate_signed                  0x08000889   Thumb Code    18  _printf_truncate.o(.text)
    _printf_truncate_unsigned                0x0800089b   Thumb Code    18  _printf_truncate.o(.text)
    _printf_int_common                       0x080008ad   Thumb Code   178  _printf_intcommon.o(.text)
    _printf_int_dec                          0x08000961   Thumb Code   104  _printf_dec.o(.text)
    _printf_charcount                        0x080009d9   Thumb Code    40  _printf_charcount.o(.text)
    _printf_char_common                      0x08000a0b   Thumb Code    32  _printf_char_common.o(.text)
    _sputc                                   0x08000a31   Thumb Code    10  _sputc.o(.text)
    _printf_cs_common                        0x08000a3b   Thumb Code    20  _printf_char.o(.text)
    _printf_char                             0x08000a4f   Thumb Code    16  _printf_char.o(.text)
    _printf_string                           0x08000a5f   Thumb Code     8  _printf_char.o(.text)
    _printf_wctomb                           0x08000a69   Thumb Code   182  _printf_wctomb.o(.text)
    _printf_longlong_dec                     0x08000b25   Thumb Code   108  _printf_longlong_dec.o(.text)
    _printf_longlong_oct                     0x08000ba1   Thumb Code    68  _printf_oct_int_ll.o(.text)
    _printf_int_oct                          0x08000be5   Thumb Code    24  _printf_oct_int_ll.o(.text)
    _printf_ll_oct                           0x08000bfd   Thumb Code    12  _printf_oct_int_ll.o(.text)
    strtol                                   0x08000c11   Thumb Code   112  strtol.o(.text)
    __aeabi_memcpy4                          0x08000c81   Thumb Code     0  rt_memcpy_w.o(.text)
    __aeabi_memcpy8                          0x08000c81   Thumb Code     0  rt_memcpy_w.o(.text)
    __rt_memcpy_w                            0x08000c81   Thumb Code   100  rt_memcpy_w.o(.text)
    _memcpy_lastbytes_aligned                0x08000cc9   Thumb Code     0  rt_memcpy_w.o(.text)
    __aeabi_memmove4                         0x08000ce5   Thumb Code     0  rt_memmove_w.o(.text)
    __aeabi_memmove8                         0x08000ce5   Thumb Code     0  rt_memmove_w.o(.text)
    __rt_memmove_w                           0x08000ce5   Thumb Code   122  rt_memmove_w.o(.text)
    __memmove_aligned                        0x08000d0b   Thumb Code     0  rt_memmove_w.o(.text)
    __memmove_lastfew_aligned                0x08000d43   Thumb Code     0  rt_memmove_w.o(.text)
    __aeabi_memclr                           0x08000d5f   Thumb Code     0  rt_memclr.o(.text)
    __rt_memclr                              0x08000d5f   Thumb Code    68  rt_memclr.o(.text)
    _memset                                  0x08000d63   Thumb Code     0  rt_memclr.o(.text)
    __user_libspace                          0x08000da5   Thumb Code     8  libspace.o(.text)
    __user_perproc_libspace                  0x08000da5   Thumb Code     0  libspace.o(.text)
    __user_perthread_libspace                0x08000da5   Thumb Code     0  libspace.o(.text)
    __rt_ctype_table                         0x08000dad   Thumb Code    16  rt_ctype_table.o(.text)
    _ll_udiv10                               0x08000dbd   Thumb Code   138  lludiv10.o(.text)
    __lib_sel_fp_printf                      0x08000e47   Thumb Code     2  _printf_fp_dec.o(.text)
    _printf_fp_dec_real                      0x08000ff5   Thumb Code   620  _printf_fp_dec.o(.text)
    _printf_fp_hex_real                      0x08001261   Thumb Code   754  _printf_fp_hex.o(.text)
    _printf_lcs_common                       0x0800155d   Thumb Code    20  _printf_wchar.o(.text)
    _printf_wchar                            0x08001571   Thumb Code    16  _printf_wchar.o(.text)
    _printf_wstring                          0x08001581   Thumb Code     8  _printf_wchar.o(.text)
    _strtoul                                 0x08001589   Thumb Code   158  _strtoul.o(.text)
    _wcrtomb                                 0x08001627   Thumb Code    64  _wcrtomb.o(.text)
    __user_setup_stackheap                   0x08001667   Thumb Code    74  sys_stackheap_outer.o(.text)
    __rt_locale                              0x080016b1   Thumb Code     8  rt_locale_intlibspace.o(.text)
    _printf_fp_infnan                        0x080016b9   Thumb Code   112  _printf_fp_infnan.o(.text)
    _chval                                   0x08001739   Thumb Code    28  _chval.o(.text)
    _btod_etento                             0x08001755   Thumb Code   216  bigflt0.o(.text)
    exit                                     0x08001831   Thumb Code    18  exit.o(.text)
    _sys_exit                                0x08001845   Thumb Code     8  sys_exit.o(.text)
    __I$use$semihosting                      0x08001851   Thumb Code     0  use_no_semi.o(.text)
    __use_no_semihosting_swi                 0x08001851   Thumb Code     2  use_no_semi.o(.text)
    __semihosting_library_function           0x08001853   Thumb Code     0  indicate_semi.o(.text)
    _btod_d2e                                0x08001853   Thumb Code    62  btod.o(CL$$btod_d2e)
    _d2e_denorm_low                          0x08001891   Thumb Code    70  btod.o(CL$$btod_d2e_denorm_low)
    _d2e_norm_op1                            0x080018d7   Thumb Code    96  btod.o(CL$$btod_d2e_norm_op1)
    __btod_div_common                        0x08001937   Thumb Code   696  btod.o(CL$$btod_div_common)
    _e2e                                     0x08001c6f   Thumb Code   198  btod.o(CL$$btod_e2e)
    _btod_ediv                               0x08001d35   Thumb Code    40  btod.o(CL$$btod_ediv)
    _btod_emul                               0x08001d5d   Thumb Code    40  btod.o(CL$$btod_emul)
    __btod_mult_common                       0x08001d85   Thumb Code   580  btod.o(CL$$btod_mult_common)
    AnswerState                              0x08001fc9   Thumb Code    48  statemonitor.o(i.AnswerState)
    BoardGetConsoleUart                      0x08001ff9   Thumb Code     6  board.o(i.BoardGetConsoleUart)
    BoardGetGpio                             0x08002005   Thumb Code    18  board.o(i.BoardGetGpio)
    BoardGetHostUart                         0x0800201d   Thumb Code     6  board.o(i.BoardGetHostUart)
    BoardGpioInit                            0x08002029   Thumb Code   282  board.o(i.BoardGpioInit)
    BoardInit                                0x08002159   Thumb Code    36  board.o(i.BoardInit)
    BufferAppend                             0x08002181   Thumb Code   166  buffer.o(i.BufferAppend)
    BufferAppendByte                         0x08002227   Thumb Code    48  buffer.o(i.BufferAppendByte)
    BufferCreate                             0x08002257   Thumb Code    36  buffer.o(i.BufferCreate)
    BufferIsFull                             0x0800227b   Thumb Code    38  buffer.o(i.BufferIsFull)
    BufferLength                             0x080022a1   Thumb Code    34  buffer.o(i.BufferLength)
    BufferPeek                               0x080022c3   Thumb Code   132  buffer.o(i.BufferPeek)
    BufferPop                                0x08002347   Thumb Code    52  buffer.o(i.BufferPop)
    BufferSize                               0x0800237b   Thumb Code    12  buffer.o(i.BufferSize)
    BusFault_Handler                         0x08002387   Thumb Code     4  interrupts.o(i.BusFault_Handler)
    ConsoleInit                              0x0800241d   Thumb Code    80  console.o(i.ConsoleInit)
    ConsoleProcess                           0x0800251d   Thumb Code    66  console.o(i.ConsoleProcess)
    ConsoleRegister                          0x08002569   Thumb Code   100  console.o(i.ConsoleRegister)
    DebugError                               0x0800266d   Thumb Code    94  console.o(i.DebugError)
    DebugHex                                 0x080026e1   Thumb Code    80  console.o(i.DebugHex)
    DebugHexColor                            0x08002745   Thumb Code    80  console.o(i.DebugHexColor)
    DebugLog                                 0x080027a9   Thumb Code    52  console.o(i.DebugLog)
    DebugMon_Handler                         0x080027e1   Thumb Code     4  interrupts.o(i.DebugMon_Handler)
    DebugRegister                            0x080027e5   Thumb Code    74  console.o(i.DebugRegister)
    DebugWarning                             0x0800285d   Thumb Code    94  console.o(i.DebugWarning)
    EmergencyStopPoll                        0x080028d1   Thumb Code   100  statemonitor.o(i.EmergencyStopPoll)
    EmergencyStopSend                        0x08002939   Thumb Code    84  statemonitor.o(i.EmergencyStopSend)
    FLASH_PageErase                          0x080029b5   Thumb Code    32  stm32f1xx_hal_flash_ex.o(i.FLASH_PageErase)
    FLASH_WaitForLastOperation               0x08002a81   Thumb Code   106  stm32f1xx_hal_flash.o(i.FLASH_WaitForLastOperation)
    GetCleanState                            0x08002af1   Thumb Code    24  statemonitor.o(i.GetCleanState)
    GetDoorState                             0x08002b0d   Thumb Code    24  statemonitor.o(i.GetDoorState)
    GetFileData                              0x08002b29   Thumb Code    68  serialdownload.o(i.GetFileData)
    GetLoadProgramState                      0x08002b71   Thumb Code     6  serialdownload.o(i.GetLoadProgramState)
    GetSam1GPIO                              0x08002b7d   Thumb Code    56  statemonitor.o(i.GetSam1GPIO)
    GetWasteBarryState                       0x08002bb9   Thumb Code    24  statemonitor.o(i.GetWasteBarryState)
    GpioGet                                  0x08002ce9   Thumb Code    24  gpio.o(i.GpioGet)
    GpioInit                                 0x08002d01   Thumb Code    48  gpio.o(i.GpioInit)
    GpioSet                                  0x08002d31   Thumb Code    38  gpio.o(i.GpioSet)
    HAL_DMA_Abort_IT                         0x08002d59   Thumb Code   414  stm32f1xx_hal_dma.o(i.HAL_DMA_Abort_IT)
    HAL_FLASHEx_Erase                        0x08002f01   Thumb Code   168  stm32f1xx_hal_flash_ex.o(i.HAL_FLASHEx_Erase)
    HAL_FLASH_Lock                           0x08002fb1   Thumb Code    16  stm32f1xx_hal_flash.o(i.HAL_FLASH_Lock)
    HAL_FLASH_Program                        0x08002fc5   Thumb Code   168  stm32f1xx_hal_flash.o(i.HAL_FLASH_Program)
    HAL_FLASH_Unlock                         0x08003075   Thumb Code    30  stm32f1xx_hal_flash.o(i.HAL_FLASH_Unlock)
    HAL_GPIO_Init                            0x080030a1   Thumb Code   790  stm32f1xx_hal_gpio.o(i.HAL_GPIO_Init)
    HAL_GPIO_ReadPin                         0x080033e1   Thumb Code    16  stm32f1xx_hal_gpio.o(i.HAL_GPIO_ReadPin)
    HAL_GPIO_WritePin                        0x080033f1   Thumb Code    12  stm32f1xx_hal_gpio.o(i.HAL_GPIO_WritePin)
    HAL_GetTick                              0x080033fd   Thumb Code     6  stm32f1xx_hal.o(i.HAL_GetTick)
    HAL_IncTick                              0x08003409   Thumb Code    12  stm32f1xx_hal.o(i.HAL_IncTick)
    HAL_Init                                 0x08003419   Thumb Code    34  stm32f1xx_hal.o(i.HAL_Init)
    HAL_InitTick                             0x08003441   Thumb Code    36  stm32f1xx_hal.o(i.HAL_InitTick)
    HAL_MspInit                              0x08003469   Thumb Code     2  stm32f1xx_hal.o(i.HAL_MspInit)
    HAL_NVIC_EnableIRQ                       0x0800346b   Thumb Code    26  stm32f1xx_hal_cortex.o(i.HAL_NVIC_EnableIRQ)
    HAL_NVIC_SetPriority                     0x08003485   Thumb Code   124  stm32f1xx_hal_cortex.o(i.HAL_NVIC_SetPriority)
    HAL_NVIC_SetPriorityGrouping             0x08003501   Thumb Code    32  stm32f1xx_hal_cortex.o(i.HAL_NVIC_SetPriorityGrouping)
    HAL_RCC_ClockConfig                      0x08003529   Thumb Code   402  stm32f1xx_hal_rcc.o(i.HAL_RCC_ClockConfig)
    HAL_RCC_GetHCLKFreq                      0x080036cd   Thumb Code     6  stm32f1xx_hal_rcc.o(i.HAL_RCC_GetHCLKFreq)
    HAL_RCC_GetPCLK1Freq                     0x080036d9   Thumb Code    22  stm32f1xx_hal_rcc.o(i.HAL_RCC_GetPCLK1Freq)
    HAL_RCC_GetPCLK2Freq                     0x080036f9   Thumb Code    22  stm32f1xx_hal_rcc.o(i.HAL_RCC_GetPCLK2Freq)
    HAL_RCC_GetSysClockFreq                  0x08003719   Thumb Code   118  stm32f1xx_hal_rcc.o(i.HAL_RCC_GetSysClockFreq)
    HAL_RCC_OscConfig                        0x080037b5   Thumb Code  1078  stm32f1xx_hal_rcc.o(i.HAL_RCC_OscConfig)
    HAL_SYSTICK_CLKSourceConfig              0x08003bf5   Thumb Code    40  stm32f1xx_hal_cortex.o(i.HAL_SYSTICK_CLKSourceConfig)
    HAL_SYSTICK_Callback                     0x08003c1d   Thumb Code     2  stm32f1xx_hal_cortex.o(i.HAL_SYSTICK_Callback)
    HAL_SYSTICK_Config                       0x08003c1f   Thumb Code    52  stm32f1xx_hal_cortex.o(i.HAL_SYSTICK_Config)
    HAL_SYSTICK_IRQHandler                   0x08003c53   Thumb Code     8  stm32f1xx_hal_cortex.o(i.HAL_SYSTICK_IRQHandler)
    HAL_TIMEx_BreakCallback                  0x08003c5b   Thumb Code     2  stm32f1xx_hal_tim_ex.o(i.HAL_TIMEx_BreakCallback)
    HAL_TIMEx_CommutationCallback            0x08003c5d   Thumb Code     2  stm32f1xx_hal_tim_ex.o(i.HAL_TIMEx_CommutationCallback)
    HAL_TIM_Base_Init                        0x08003c5f   Thumb Code    52  stm32f1xx_hal_tim.o(i.HAL_TIM_Base_Init)
    HAL_TIM_Base_MspInit                     0x08003c93   Thumb Code     2  stm32f1xx_hal_tim.o(i.HAL_TIM_Base_MspInit)
    HAL_TIM_Base_Start_IT                    0x08003c95   Thumb Code    30  stm32f1xx_hal_tim.o(i.HAL_TIM_Base_Start_IT)
    HAL_TIM_Base_Stop_IT                     0x08003cb3   Thumb Code    56  stm32f1xx_hal_tim.o(i.HAL_TIM_Base_Stop_IT)
    HAL_TIM_IC_CaptureCallback               0x08003ceb   Thumb Code     2  stm32f1xx_hal_tim.o(i.HAL_TIM_IC_CaptureCallback)
    HAL_TIM_IRQHandler                       0x08003ced   Thumb Code   406  stm32f1xx_hal_tim.o(i.HAL_TIM_IRQHandler)
    HAL_TIM_OC_DelayElapsedCallback          0x08003e83   Thumb Code     2  stm32f1xx_hal_tim.o(i.HAL_TIM_OC_DelayElapsedCallback)
    HAL_TIM_PWM_PulseFinishedCallback        0x08003e85   Thumb Code     2  stm32f1xx_hal_tim.o(i.HAL_TIM_PWM_PulseFinishedCallback)
    HAL_TIM_PeriodElapsedCallback            0x08003e87   Thumb Code     2  stm32f1xx_hal_tim.o(i.HAL_TIM_PeriodElapsedCallback)
    HAL_TIM_TriggerCallback                  0x08003e89   Thumb Code     2  stm32f1xx_hal_tim.o(i.HAL_TIM_TriggerCallback)
    HAL_UART_ErrorCallback                   0x08003e8b   Thumb Code     2  stm32f1xx_hal_uart.o(i.HAL_UART_ErrorCallback)
    HAL_UART_GetState                        0x08003e8d   Thumb Code    20  stm32f1xx_hal_uart.o(i.HAL_UART_GetState)
    HAL_UART_IRQHandler                      0x08003ea1   Thumb Code   326  stm32f1xx_hal_uart.o(i.HAL_UART_IRQHandler)
    HAL_UART_Init                            0x08003fed   Thumb Code   114  stm32f1xx_hal_uart.o(i.HAL_UART_Init)
    HAL_UART_MspInit                         0x0800405f   Thumb Code     2  stm32f1xx_hal_uart.o(i.HAL_UART_MspInit)
    HAL_UART_Receive_IT                      0x08004061   Thumb Code   112  stm32f1xx_hal_uart.o(i.HAL_UART_Receive_IT)
    HAL_UART_RxCpltCallback                  0x080040d1   Thumb Code   110  uart.o(i.HAL_UART_RxCpltCallback)
    HAL_UART_Transmit_IT                     0x08004145   Thumb Code    88  stm32f1xx_hal_uart.o(i.HAL_UART_Transmit_IT)
    HAL_UART_TxCpltCallback                  0x0800419d   Thumb Code     2  stm32f1xx_hal_uart.o(i.HAL_UART_TxCpltCallback)
    HardFault_Handler                        0x0800419f   Thumb Code     4  interrupts.o(i.HardFault_Handler)
    HostAck                                  0x080041a5   Thumb Code   148  host.o(i.HostAck)
    HostGetConsoleTag                        0x08004499   Thumb Code     6  host.o(i.HostGetConsoleTag)
    HostInit                                 0x080044a5   Thumb Code    80  host.o(i.HostInit)
    HostParserRegister                       0x08004515   Thumb Code    78  host.o(i.HostParserRegister)
    HostProcess                              0x080045b5   Thumb Code   120  host.o(i.HostProcess)
    HostResponse                             0x08004645   Thumb Code   172  host.o(i.HostResponse)
    HostSend                                 0x08004725   Thumb Code    76  host.o(i.HostSend)
    HostStateMonitorInit                     0x08004779   Thumb Code    12  hoststatemonitor.o(i.HostStateMonitorInit)
    LedControl                               0x08004879   Thumb Code   138  statemonitor.o(i.LedControl)
    LoadProgramStateInit                     0x08004905   Thumb Code     8  serialdownload.o(i.LoadProgramStateInit)
    MemManage_Handler                        0x08004911   Thumb Code     4  interrupts.o(i.MemManage_Handler)
    MessageGet                               0x08004915   Thumb Code    66  message.o(i.MessageGet)
    MessagePost                              0x0800495d   Thumb Code    88  message.o(i.MessagePost)
    MessageQueueInit                         0x080049b9   Thumb Code    38  message.o(i.MessageQueueInit)
    MessageQueueProcess                      0x080049f9   Thumb Code    30  message.o(i.MessageQueueProcess)
    MessageRegisterHandler                   0x08004a1d   Thumb Code    32  message.o(i.MessageRegisterHandler)
    MonitorGpio                              0x08004a61   Thumb Code    10  board.o(i.MonitorGpio)
    NMI_Handler                              0x08004b61   Thumb Code     4  interrupts.o(i.NMI_Handler)
    PrintCurrentStateLog                     0x08004b9d   Thumb Code    64  statemonitor.o(i.PrintCurrentStateLog)
    PrintSaveData                            0x08004c1d   Thumb Code    74  serialdownload.o(i.PrintSaveData)
    SamLedControl                            0x08004d51   Thumb Code    42  statemonitor.o(i.SamLedControl)
    SaveFileData                             0x08004d7d   Thumb Code    64  serialdownload.o(i.SaveFileData)
    SavePrograme                             0x08004dc1   Thumb Code   178  serialdownload.o(i.SavePrograme)
    SendLoadResultOrder                      0x08004f81   Thumb Code    42  serialdownload.o(i.SendLoadResultOrder)
    SerialLoadInit                           0x08004fd5   Thumb Code   126  serialdownload.o(i.SerialLoadInit)
    SerialLoadStart                          0x08005065   Thumb Code    78  serialdownload.o(i.SerialLoadStart)
    SetHostOpenLogPra                        0x080050b9   Thumb Code     8  host.o(i.SetHostOpenLogPra)
    SetSam1Leds                              0x080050c5   Thumb Code    36  statemonitor.o(i.SetSam1Leds)
    StateLedTimerStart                       0x080050ed   Thumb Code    28  stateledcontrol.o(i.StateLedTimerStart)
    StateLedTimerStartMs                     0x0800510d   Thumb Code   114  stateledcontrol.o(i.StateLedTimerStartMs)
    StateMonitorInit                         0x0800518d   Thumb Code   140  statemonitor.o(i.StateMonitorInit)
    SysTick_Handler                          0x080053a1   Thumb Code    12  interrupts.o(i.SysTick_Handler)
    SystemInit                               0x080053ad   Thumb Code    70  system_stm32f1xx.o(i.SystemInit)
    TIM1_UP_IRQHandler                       0x08005405   Thumb Code    80  stateledcontrol.o(i.TIM1_UP_IRQHandler)
    TIM6_IRQHandler                          0x08005461   Thumb Code    70  timer.o(i.TIM6_IRQHandler)
    TIM7_IRQHandler                          0x080054b1   Thumb Code    70  timer.o(i.TIM7_IRQHandler)
    TIM_Base_SetConfig                       0x08005501   Thumb Code   132  stm32f1xx_hal_tim.o(i.TIM_Base_SetConfig)
    TimerInit                                0x08005599   Thumb Code    12  timer.o(i.TimerInit)
    TimerStart                               0x080055bd   Thumb Code    28  timer.o(i.TimerStart)
    TimerStartMs                             0x080055dd   Thumb Code   114  timer.o(i.TimerStartMs)
    TimerStartMs2                            0x0800565d   Thumb Code   114  timer.o(i.TimerStartMs2)
    USART1_IRQHandler                        0x08005a3d   Thumb Code    10  uart.o(i.USART1_IRQHandler)
    USART3_IRQHandler                        0x08005a4d   Thumb Code    10  uart.o(i.USART3_IRQHandler)
    UartGetObject                            0x08005a5d   Thumb Code    74  uart.o(i.UartGetObject)
    UartInit                                 0x08005aad   Thumb Code   382  uart.o(i.UartInit)
    UartSend                                 0x08005c41   Thumb Code   112  uart.o(i.UartSend)
    UsageFault_Handler                       0x08005cb1   Thumb Code     4  interrupts.o(i.UsageFault_Handler)
    __ARM_fpclassify                         0x08005cb5   Thumb Code    40  fpclassify.o(i.__ARM_fpclassify)
    _is_digit                                0x08005cdd   Thumb Code    14  __printf_wp.o(i._is_digit)
    main                                     0x08005d09   Thumb Code    64  main.o(i.main)
    _get_lc_ctype                            0x08005d75   Thumb Code    44  lc_ctype_c.o(locale$$code)
    _get_lc_numeric                          0x08005da1   Thumb Code    44  lc_numeric_c.o(locale$$code)
    _printf_fp_dec                           0x08005dcd   Thumb Code     4  printf1.o(x$fpl$printf1)
    _printf_fp_hex                           0x08005dd1   Thumb Code     4  printf2.o(x$fpl$printf2)
    AHBPrescTable                            0x08005dd4   Data          16  system_stm32f1xx.o(.constdata)
    __I$use$fp                               0x08005dd4   Number         0  usenofp.o(x$fpl$usenofp)
    APBPrescTable                            0x08005de4   Data           8  system_stm32f1xx.o(.constdata)
    Region$$Table$$Base                      0x08005eec   Number         0  anon$$obj.o(Region$$Table)
    Region$$Table$$Limit                     0x08005f0c   Number         0  anon$$obj.o(Region$$Table)
    __ctype                                  0x08005f19   Data           0  lc_ctype_c.o(locale$$data)
    SystemCoreClock                          0x20000000   Data           4  system_stm32f1xx.o(.data)
    uwTick                                   0x20000004   Data           4  stm32f1xx_hal.o(.data)
    pFlash                                   0x20000018   Data          32  stm32f1xx_hal_flash.o(.bss)
    monitorApp                               0x20000824   Data          28  statemonitor.o(.bss)
    serialLoad                               0x20000880   Data          84  serialdownload.o(.bss)
    __libspace_start                         0x200008d4   Data          96  libspace.o(.bss)
    __temporary_stack_top$libspace           0x20000934   Data           0  libspace.o(.bss)



==============================================================================

Memory Map of the image

  Image Entry point : 0x08000131

  Load Region LR_IROM1 (Base: 0x08000000, Size: 0x0000604c, Max: 0x00080000, ABSOLUTE)

    Execution Region ER_IROM1 (Base: 0x08000000, Size: 0x00006038, Max: 0x00080000, ABSOLUTE)

    Base Addr    Size         Type   Attr      Idx    E Section Name        Object

    0x08000000   0x00000130   Data   RO          210    RESET               startup_stm32f103xe.o
    0x08000130   0x00000008   Code   RO         3820  * !!!main             c_w.l(__main.o)
    0x08000138   0x00000034   Code   RO         4106    !!!scatter          c_w.l(__scatter.o)
    0x0800016c   0x0000001a   Code   RO         4108    !!handler_copy      c_w.l(__scatter_copy.o)
    0x08000186   0x00000002   PAD
    0x08000188   0x0000001c   Code   RO         4110    !!handler_zi        c_w.l(__scatter_zi.o)
    0x080001a4   0x00000000   Code   RO         3803    .ARM.Collect$$_printf_percent$$00000000  c_w.l(_printf_percent.o)
    0x080001a4   0x00000006   Code   RO         3854    .ARM.Collect$$_printf_percent$$00000001  c_w.l(_printf_n.o)
    0x080001aa   0x00000006   Code   RO         3855    .ARM.Collect$$_printf_percent$$00000002  c_w.l(_printf_p.o)
    0x080001b0   0x00000006   Code   RO         3860    .ARM.Collect$$_printf_percent$$00000003  c_w.l(_printf_f.o)
    0x080001b6   0x00000006   Code   RO         3861    .ARM.Collect$$_printf_percent$$00000004  c_w.l(_printf_e.o)
    0x080001bc   0x00000006   Code   RO         3862    .ARM.Collect$$_printf_percent$$00000005  c_w.l(_printf_g.o)
    0x080001c2   0x00000006   Code   RO         3863    .ARM.Collect$$_printf_percent$$00000006  c_w.l(_printf_a.o)
    0x080001c8   0x0000000a   Code   RO         3868    .ARM.Collect$$_printf_percent$$00000007  c_w.l(_printf_ll.o)
    0x080001d2   0x00000006   Code   RO         3857    .ARM.Collect$$_printf_percent$$00000008  c_w.l(_printf_i.o)
    0x080001d8   0x00000006   Code   RO         3858    .ARM.Collect$$_printf_percent$$00000009  c_w.l(_printf_d.o)
    0x080001de   0x00000006   Code   RO         3859    .ARM.Collect$$_printf_percent$$0000000A  c_w.l(_printf_u.o)
    0x080001e4   0x00000006   Code   RO         3856    .ARM.Collect$$_printf_percent$$0000000B  c_w.l(_printf_o.o)
    0x080001ea   0x00000006   Code   RO         3802    .ARM.Collect$$_printf_percent$$0000000C  c_w.l(_printf_x.o)
    0x080001f0   0x00000006   Code   RO         3865    .ARM.Collect$$_printf_percent$$0000000D  c_w.l(_printf_lli.o)
    0x080001f6   0x00000006   Code   RO         3866    .ARM.Collect$$_printf_percent$$0000000E  c_w.l(_printf_lld.o)
    0x080001fc   0x00000006   Code   RO         3867    .ARM.Collect$$_printf_percent$$0000000F  c_w.l(_printf_llu.o)
    0x08000202   0x00000006   Code   RO         3872    .ARM.Collect$$_printf_percent$$00000010  c_w.l(_printf_llo.o)
    0x08000208   0x00000006   Code   RO         3873    .ARM.Collect$$_printf_percent$$00000011  c_w.l(_printf_llx.o)
    0x0800020e   0x0000000a   Code   RO         3869    .ARM.Collect$$_printf_percent$$00000012  c_w.l(_printf_l.o)
    0x08000218   0x00000006   Code   RO         3853    .ARM.Collect$$_printf_percent$$00000013  c_w.l(_printf_c.o)
    0x0800021e   0x00000006   Code   RO         3801    .ARM.Collect$$_printf_percent$$00000014  c_w.l(_printf_s.o)
    0x08000224   0x00000006   Code   RO         3870    .ARM.Collect$$_printf_percent$$00000015  c_w.l(_printf_lc.o)
    0x0800022a   0x00000006   Code   RO         3871    .ARM.Collect$$_printf_percent$$00000016  c_w.l(_printf_ls.o)
    0x08000230   0x00000004   Code   RO         3864    .ARM.Collect$$_printf_percent$$00000017  c_w.l(_printf_percent_end.o)
    0x08000234   0x00000002   Code   RO         3974    .ARM.Collect$$libinit$$00000000  c_w.l(libinit.o)
    0x08000236   0x00000000   Code   RO         3983    .ARM.Collect$$libinit$$00000002  c_w.l(libinit2.o)
    0x08000236   0x00000000   Code   RO         3985    .ARM.Collect$$libinit$$00000004  c_w.l(libinit2.o)
    0x08000236   0x00000000   Code   RO         3988    .ARM.Collect$$libinit$$0000000A  c_w.l(libinit2.o)
    0x08000236   0x00000000   Code   RO         3990    .ARM.Collect$$libinit$$0000000C  c_w.l(libinit2.o)
    0x08000236   0x00000000   Code   RO         3992    .ARM.Collect$$libinit$$0000000E  c_w.l(libinit2.o)
    0x08000236   0x00000006   Code   RO         3993    .ARM.Collect$$libinit$$0000000F  c_w.l(libinit2.o)
    0x0800023c   0x00000000   Code   RO         3995    .ARM.Collect$$libinit$$00000011  c_w.l(libinit2.o)
    0x0800023c   0x0000000c   Code   RO         3996    .ARM.Collect$$libinit$$00000012  c_w.l(libinit2.o)
    0x08000248   0x00000000   Code   RO         3997    .ARM.Collect$$libinit$$00000013  c_w.l(libinit2.o)
    0x08000248   0x00000000   Code   RO         3999    .ARM.Collect$$libinit$$00000015  c_w.l(libinit2.o)
    0x08000248   0x0000000a   Code   RO         4000    .ARM.Collect$$libinit$$00000016  c_w.l(libinit2.o)
    0x08000252   0x00000000   Code   RO         4001    .ARM.Collect$$libinit$$00000017  c_w.l(libinit2.o)
    0x08000252   0x00000000   Code   RO         4003    .ARM.Collect$$libinit$$00000019  c_w.l(libinit2.o)
    0x08000252   0x00000000   Code   RO         4005    .ARM.Collect$$libinit$$0000001B  c_w.l(libinit2.o)
    0x08000252   0x00000000   Code   RO         4007    .ARM.Collect$$libinit$$0000001D  c_w.l(libinit2.o)
    0x08000252   0x00000000   Code   RO         4009    .ARM.Collect$$libinit$$0000001F  c_w.l(libinit2.o)
    0x08000252   0x00000000   Code   RO         4011    .ARM.Collect$$libinit$$00000021  c_w.l(libinit2.o)
    0x08000252   0x00000000   Code   RO         4013    .ARM.Collect$$libinit$$00000023  c_w.l(libinit2.o)
    0x08000252   0x00000000   Code   RO         4015    .ARM.Collect$$libinit$$00000025  c_w.l(libinit2.o)
    0x08000252   0x00000000   Code   RO         4019    .ARM.Collect$$libinit$$0000002C  c_w.l(libinit2.o)
    0x08000252   0x00000000   Code   RO         4021    .ARM.Collect$$libinit$$0000002E  c_w.l(libinit2.o)
    0x08000252   0x00000000   Code   RO         4023    .ARM.Collect$$libinit$$00000030  c_w.l(libinit2.o)
    0x08000252   0x00000000   Code   RO         4025    .ARM.Collect$$libinit$$00000032  c_w.l(libinit2.o)
    0x08000252   0x00000002   Code   RO         4026    .ARM.Collect$$libinit$$00000033  c_w.l(libinit2.o)
    0x08000254   0x00000002   Code   RO         4046    .ARM.Collect$$libshutdown$$00000000  c_w.l(libshutdown.o)
    0x08000256   0x00000000   Code   RO         4059    .ARM.Collect$$libshutdown$$00000002  c_w.l(libshutdown2.o)
    0x08000256   0x00000000   Code   RO         4061    .ARM.Collect$$libshutdown$$00000004  c_w.l(libshutdown2.o)
    0x08000256   0x00000000   Code   RO         4064    .ARM.Collect$$libshutdown$$00000007  c_w.l(libshutdown2.o)
    0x08000256   0x00000000   Code   RO         4067    .ARM.Collect$$libshutdown$$0000000A  c_w.l(libshutdown2.o)
    0x08000256   0x00000000   Code   RO         4069    .ARM.Collect$$libshutdown$$0000000C  c_w.l(libshutdown2.o)
    0x08000256   0x00000000   Code   RO         4072    .ARM.Collect$$libshutdown$$0000000F  c_w.l(libshutdown2.o)
    0x08000256   0x00000002   Code   RO         4073    .ARM.Collect$$libshutdown$$00000010  c_w.l(libshutdown2.o)
    0x08000258   0x00000000   Code   RO         3822    .ARM.Collect$$rtentry$$00000000  c_w.l(__rtentry.o)
    0x08000258   0x00000000   Code   RO         3894    .ARM.Collect$$rtentry$$00000002  c_w.l(__rtentry2.o)
    0x08000258   0x00000006   Code   RO         3906    .ARM.Collect$$rtentry$$00000004  c_w.l(__rtentry4.o)
    0x0800025e   0x00000000   Code   RO         3896    .ARM.Collect$$rtentry$$00000009  c_w.l(__rtentry2.o)
    0x0800025e   0x00000004   Code   RO         3897    .ARM.Collect$$rtentry$$0000000A  c_w.l(__rtentry2.o)
    0x08000262   0x00000000   Code   RO         3899    .ARM.Collect$$rtentry$$0000000C  c_w.l(__rtentry2.o)
    0x08000262   0x00000008   Code   RO         3900    .ARM.Collect$$rtentry$$0000000D  c_w.l(__rtentry2.o)
    0x0800026a   0x00000002   Code   RO         3980    .ARM.Collect$$rtexit$$00000000  c_w.l(rtexit.o)
    0x0800026c   0x00000000   Code   RO         4028    .ARM.Collect$$rtexit$$00000002  c_w.l(rtexit2.o)
    0x0800026c   0x00000004   Code   RO         4029    .ARM.Collect$$rtexit$$00000003  c_w.l(rtexit2.o)
    0x08000270   0x00000006   Code   RO         4030    .ARM.Collect$$rtexit$$00000004  c_w.l(rtexit2.o)
    0x08000276   0x00000002   PAD
    0x08000278   0x00000040   Code   RO          211    .text               startup_stm32f103xe.o
    0x080002b8   0x00000026   Code   RO         3746    .text               c_w.l(llushr.o)
    0x080002de   0x00000002   PAD
    0x080002e0   0x00000024   Code   RO         3748    .text               c_w.l(vsprintf.o)
    0x08000304   0x0000002c   Code   RO         3750    .text               c_w.l(__2sprintf.o)
    0x08000330   0x0000004e   Code   RO         3756    .text               c_w.l(_printf_pad.o)
    0x0800037e   0x00000052   Code   RO         3758    .text               c_w.l(_printf_str.o)
    0x080003d0   0x00000094   Code   RO         3778    .text               c_w.l(_printf_hex_int_ll_ptr.o)
    0x08000464   0x00000188   Code   RO         3798    .text               c_w.l(__printf_flags_ss_wp.o)
    0x080005ec   0x0000001a   Code   RO         3804    .text               c_w.l(atoi.o)
    0x08000606   0x0000003e   Code   RO         3806    .text               c_w.l(strlen.o)
    0x08000644   0x0000008a   Code   RO         3808    .text               c_w.l(rt_memcpy_v6.o)
    0x080006ce   0x00000084   Code   RO         3810    .text               c_w.l(rt_memmove_v6.o)
    0x08000752   0x0000004e   Code   RO         3812    .text               c_w.l(rt_memclr_w.o)
    0x080007a0   0x00000056   Code   RO         3814    .text               c_w.l(strncpy.o)
    0x080007f6   0x00000002   PAD
    0x080007f8   0x00000080   Code   RO         3816    .text               c_w.l(strcmpv7m.o)
    0x08000878   0x00000006   Code   RO         3818    .text               c_w.l(heapauxi.o)
    0x0800087e   0x00000002   PAD
    0x08000880   0x00000008   Code   RO         3826    .text               c_w.l(rt_errno_addr_intlibspace.o)
    0x08000888   0x00000024   Code   RO         3828    .text               c_w.l(_printf_truncate.o)
    0x080008ac   0x000000b2   Code   RO         3830    .text               c_w.l(_printf_intcommon.o)
    0x0800095e   0x00000002   PAD
    0x08000960   0x00000078   Code   RO         3832    .text               c_w.l(_printf_dec.o)
    0x080009d8   0x00000028   Code   RO         3834    .text               c_w.l(_printf_charcount.o)
    0x08000a00   0x00000030   Code   RO         3836    .text               c_w.l(_printf_char_common.o)
    0x08000a30   0x0000000a   Code   RO         3838    .text               c_w.l(_sputc.o)
    0x08000a3a   0x0000002c   Code   RO         3840    .text               c_w.l(_printf_char.o)
    0x08000a66   0x00000002   PAD
    0x08000a68   0x000000bc   Code   RO         3842    .text               c_w.l(_printf_wctomb.o)
    0x08000b24   0x0000007c   Code   RO         3845    .text               c_w.l(_printf_longlong_dec.o)
    0x08000ba0   0x00000070   Code   RO         3851    .text               c_w.l(_printf_oct_int_ll.o)
    0x08000c10   0x00000070   Code   RO         3874    .text               c_w.l(strtol.o)
    0x08000c80   0x00000064   Code   RO         3876    .text               c_w.l(rt_memcpy_w.o)
    0x08000ce4   0x0000007a   Code   RO         3878    .text               c_w.l(rt_memmove_w.o)
    0x08000d5e   0x00000044   Code   RO         3880    .text               c_w.l(rt_memclr.o)
    0x08000da2   0x00000002   PAD
    0x08000da4   0x00000008   Code   RO         3890    .text               c_w.l(libspace.o)
    0x08000dac   0x00000010   Code   RO         3908    .text               c_w.l(rt_ctype_table.o)
    0x08000dbc   0x0000008a   Code   RO         3910    .text               c_w.l(lludiv10.o)
    0x08000e46   0x0000041a   Code   RO         3912    .text               c_w.l(_printf_fp_dec.o)
    0x08001260   0x000002fc   Code   RO         3914    .text               c_w.l(_printf_fp_hex.o)
    0x0800155c   0x0000002c   Code   RO         3919    .text               c_w.l(_printf_wchar.o)
    0x08001588   0x0000009e   Code   RO         3921    .text               c_w.l(_strtoul.o)
    0x08001626   0x00000040   Code   RO         3923    .text               c_w.l(_wcrtomb.o)
    0x08001666   0x0000004a   Code   RO         3925    .text               c_w.l(sys_stackheap_outer.o)
    0x080016b0   0x00000008   Code   RO         3930    .text               c_w.l(rt_locale_intlibspace.o)
    0x080016b8   0x00000080   Code   RO         3932    .text               c_w.l(_printf_fp_infnan.o)
    0x08001738   0x0000001c   Code   RO         3934    .text               c_w.l(_chval.o)
    0x08001754   0x000000dc   Code   RO         3936    .text               c_w.l(bigflt0.o)
    0x08001830   0x00000012   Code   RO         3967    .text               c_w.l(exit.o)
    0x08001842   0x00000002   PAD
    0x08001844   0x0000000c   Code   RO         4038    .text               c_w.l(sys_exit.o)
    0x08001850   0x00000002   Code   RO         4049    .text               c_w.l(use_no_semi.o)
    0x08001852   0x00000000   Code   RO         4051    .text               c_w.l(indicate_semi.o)
    0x08001852   0x0000003e   Code   RO         3939    CL$$btod_d2e        c_w.l(btod.o)
    0x08001890   0x00000046   Code   RO         3941    CL$$btod_d2e_denorm_low  c_w.l(btod.o)
    0x080018d6   0x00000060   Code   RO         3940    CL$$btod_d2e_norm_op1  c_w.l(btod.o)
    0x08001936   0x00000338   Code   RO         3949    CL$$btod_div_common  c_w.l(btod.o)
    0x08001c6e   0x000000c6   Code   RO         3946    CL$$btod_e2e        c_w.l(btod.o)
    0x08001d34   0x00000028   Code   RO         3943    CL$$btod_ediv       c_w.l(btod.o)
    0x08001d5c   0x00000028   Code   RO         3942    CL$$btod_emul       c_w.l(btod.o)
    0x08001d84   0x00000244   Code   RO         3948    CL$$btod_mult_common  c_w.l(btod.o)
    0x08001fc8   0x00000030   Code   RO         3496    i.AnswerState       statemonitor.o
    0x08001ff8   0x0000000c   Code   RO         3250    i.BoardGetConsoleUart  board.o
    0x08002004   0x00000018   Code   RO         3251    i.BoardGetGpio      board.o
    0x0800201c   0x0000000c   Code   RO         3252    i.BoardGetHostUart  board.o
    0x08002028   0x00000130   Code   RO         3255    i.BoardGpioInit     board.o
    0x08002158   0x00000028   Code   RO         3256    i.BoardInit         board.o
    0x08002180   0x000000a6   Code   RO         2567    i.BufferAppend      buffer.o
    0x08002226   0x00000030   Code   RO         2568    i.BufferAppendByte  buffer.o
    0x08002256   0x00000024   Code   RO         2569    i.BufferCreate      buffer.o
    0x0800227a   0x00000026   Code   RO         2571    i.BufferIsFull      buffer.o
    0x080022a0   0x00000022   Code   RO         2572    i.BufferLength      buffer.o
    0x080022c2   0x00000084   Code   RO         2573    i.BufferPeek        buffer.o
    0x08002346   0x00000034   Code   RO         2574    i.BufferPop         buffer.o
    0x0800237a   0x0000000c   Code   RO         2575    i.BufferSize        buffer.o
    0x08002386   0x00000004   Code   RO         3323    i.BusFault_Handler  interrupts.o
    0x0800238a   0x0000003c   Code   RO         2885    i.CalcCrc16         host.o
    0x080023c6   0x00000002   PAD
    0x080023c8   0x00000054   Code   RO         2732    i.CheckConsoleLineCR  console.o
    0x0800241c   0x0000005c   Code   RO         2733    i.ConsoleInit       console.o
    0x08002478   0x000000a4   Code   RO         2734    i.ConsoleLineParser  console.o
    0x0800251c   0x0000004c   Code   RO         2735    i.ConsoleProcess    console.o
    0x08002568   0x000000a4   Code   RO         2736    i.ConsoleRegister   console.o
    0x0800260c   0x00000030   Code   RO         2639    i.CopyFromMessage   message.o
    0x0800263c   0x00000030   Code   RO         2640    i.CopyToMessage     message.o
    0x0800266c   0x00000074   Code   RO         2737    i.DebugError        console.o
    0x080026e0   0x00000064   Code   RO         2738    i.DebugHex          console.o
    0x08002744   0x00000064   Code   RO         2739    i.DebugHexColor     console.o
    0x080027a8   0x00000038   Code   RO         2740    i.DebugLog          console.o
    0x080027e0   0x00000004   Code   RO         3324    i.DebugMon_Handler  interrupts.o
    0x080027e4   0x00000078   Code   RO         2741    i.DebugRegister     console.o
    0x0800285c   0x00000074   Code   RO         2742    i.DebugWarning      console.o
    0x080028d0   0x00000068   Code   RO         3498    i.EmergencyStopPoll  statemonitor.o
    0x08002938   0x00000054   Code   RO         3499    i.EmergencyStopSend  statemonitor.o
    0x0800298c   0x00000028   Code   RO         2464    i.FLASH_MassErase   stm32f1xx_hal_flash_ex.o
    0x080029b4   0x00000028   Code   RO         2473    i.FLASH_PageErase   stm32f1xx_hal_flash_ex.o
    0x080029dc   0x00000020   Code   RO         2361    i.FLASH_Program_HalfWord  stm32f1xx_hal_flash.o
    0x080029fc   0x00000084   Code   RO         2362    i.FLASH_SetErrorCode  stm32f1xx_hal_flash.o
    0x08002a80   0x00000070   Code   RO         2363    i.FLASH_WaitForLastOperation  stm32f1xx_hal_flash.o
    0x08002af0   0x0000001c   Code   RO         3500    i.GetCleanState     statemonitor.o
    0x08002b0c   0x0000001c   Code   RO         3501    i.GetDoorState      statemonitor.o
    0x08002b28   0x00000048   Code   RO         3660    i.GetFileData       serialdownload.o
    0x08002b70   0x0000000c   Code   RO         3661    i.GetLoadProgramState  serialdownload.o
    0x08002b7c   0x0000003c   Code   RO         3502    i.GetSam1GPIO       statemonitor.o
    0x08002bb8   0x0000001c   Code   RO         3504    i.GetWasteBarryState  statemonitor.o
    0x08002bd4   0x00000114   Code   RO         3104    i.GpioClkEnable     gpio.o
    0x08002ce8   0x00000018   Code   RO         3106    i.GpioGet           gpio.o
    0x08002d00   0x00000030   Code   RO         3108    i.GpioInit          gpio.o
    0x08002d30   0x00000026   Code   RO         3109    i.GpioSet           gpio.o
    0x08002d56   0x00000002   PAD
    0x08002d58   0x000001a8   Code   RO         1632    i.HAL_DMA_Abort_IT  stm32f1xx_hal_dma.o
    0x08002f00   0x000000b0   Code   RO         2474    i.HAL_FLASHEx_Erase  stm32f1xx_hal_flash_ex.o
    0x08002fb0   0x00000014   Code   RO         2367    i.HAL_FLASH_Lock    stm32f1xx_hal_flash.o
    0x08002fc4   0x000000b0   Code   RO         2372    i.HAL_FLASH_Program  stm32f1xx_hal_flash.o
    0x08003074   0x0000002c   Code   RO         2374    i.HAL_FLASH_Unlock  stm32f1xx_hal_flash.o
    0x080030a0   0x00000340   Code   RO          488    i.HAL_GPIO_Init     stm32f1xx_hal_gpio.o
    0x080033e0   0x00000010   Code   RO          490    i.HAL_GPIO_ReadPin  stm32f1xx_hal_gpio.o
    0x080033f0   0x0000000c   Code   RO          492    i.HAL_GPIO_WritePin  stm32f1xx_hal_gpio.o
    0x080033fc   0x0000000c   Code   RO          229    i.HAL_GetTick       stm32f1xx_hal.o
    0x08003408   0x00000010   Code   RO          231    i.HAL_IncTick       stm32f1xx_hal.o
    0x08003418   0x00000028   Code   RO          232    i.HAL_Init          stm32f1xx_hal.o
    0x08003440   0x00000028   Code   RO          233    i.HAL_InitTick      stm32f1xx_hal.o
    0x08003468   0x00000002   Code   RO          235    i.HAL_MspInit       stm32f1xx_hal.o
    0x0800346a   0x0000001a   Code   RO          365    i.HAL_NVIC_EnableIRQ  stm32f1xx_hal_cortex.o
    0x08003484   0x0000007c   Code   RO          371    i.HAL_NVIC_SetPriority  stm32f1xx_hal_cortex.o
    0x08003500   0x00000028   Code   RO          372    i.HAL_NVIC_SetPriorityGrouping  stm32f1xx_hal_cortex.o
    0x08003528   0x000001a4   Code   RO          552    i.HAL_RCC_ClockConfig  stm32f1xx_hal_rcc.o
    0x080036cc   0x0000000c   Code   RO          557    i.HAL_RCC_GetHCLKFreq  stm32f1xx_hal_rcc.o
    0x080036d8   0x00000020   Code   RO          559    i.HAL_RCC_GetPCLK1Freq  stm32f1xx_hal_rcc.o
    0x080036f8   0x00000020   Code   RO          560    i.HAL_RCC_GetPCLK2Freq  stm32f1xx_hal_rcc.o
    0x08003718   0x0000009c   Code   RO          561    i.HAL_RCC_GetSysClockFreq  stm32f1xx_hal_rcc.o
    0x080037b4   0x00000440   Code   RO          564    i.HAL_RCC_OscConfig  stm32f1xx_hal_rcc.o
    0x08003bf4   0x00000028   Code   RO          374    i.HAL_SYSTICK_CLKSourceConfig  stm32f1xx_hal_cortex.o
    0x08003c1c   0x00000002   Code   RO          375    i.HAL_SYSTICK_Callback  stm32f1xx_hal_cortex.o
    0x08003c1e   0x00000034   Code   RO          376    i.HAL_SYSTICK_Config  stm32f1xx_hal_cortex.o
    0x08003c52   0x00000008   Code   RO          377    i.HAL_SYSTICK_IRQHandler  stm32f1xx_hal_cortex.o
    0x08003c5a   0x00000002   Code   RO         1725    i.HAL_TIMEx_BreakCallback  stm32f1xx_hal_tim_ex.o
    0x08003c5c   0x00000002   Code   RO         1726    i.HAL_TIMEx_CommutationCallback  stm32f1xx_hal_tim_ex.o
    0x08003c5e   0x00000034   Code   RO          660    i.HAL_TIM_Base_Init  stm32f1xx_hal_tim.o
    0x08003c92   0x00000002   Code   RO          662    i.HAL_TIM_Base_MspInit  stm32f1xx_hal_tim.o
    0x08003c94   0x0000001e   Code   RO          665    i.HAL_TIM_Base_Start_IT  stm32f1xx_hal_tim.o
    0x08003cb2   0x00000038   Code   RO          668    i.HAL_TIM_Base_Stop_IT  stm32f1xx_hal_tim.o
    0x08003cea   0x00000002   Code   RO          689    i.HAL_TIM_IC_CaptureCallback  stm32f1xx_hal_tim.o
    0x08003cec   0x00000196   Code   RO          702    i.HAL_TIM_IRQHandler  stm32f1xx_hal_tim.o
    0x08003e82   0x00000002   Code   RO          705    i.HAL_TIM_OC_DelayElapsedCallback  stm32f1xx_hal_tim.o
    0x08003e84   0x00000002   Code   RO          732    i.HAL_TIM_PWM_PulseFinishedCallback  stm32f1xx_hal_tim.o
    0x08003e86   0x00000002   Code   RO          739    i.HAL_TIM_PeriodElapsedCallback  stm32f1xx_hal_tim.o
    0x08003e88   0x00000002   Code   RO          743    i.HAL_TIM_TriggerCallback  stm32f1xx_hal_tim.o
    0x08003e8a   0x00000002   Code   RO         1320    i.HAL_UART_ErrorCallback  stm32f1xx_hal_uart.o
    0x08003e8c   0x00000014   Code   RO         1322    i.HAL_UART_GetState  stm32f1xx_hal_uart.o
    0x08003ea0   0x0000014c   Code   RO         1323    i.HAL_UART_IRQHandler  stm32f1xx_hal_uart.o
    0x08003fec   0x00000072   Code   RO         1324    i.HAL_UART_Init     stm32f1xx_hal_uart.o
    0x0800405e   0x00000002   Code   RO         1326    i.HAL_UART_MspInit  stm32f1xx_hal_uart.o
    0x08004060   0x00000070   Code   RO         1329    i.HAL_UART_Receive_IT  stm32f1xx_hal_uart.o
    0x080040d0   0x00000074   Code   RO         2977    i.HAL_UART_RxCpltCallback  uart.o
    0x08004144   0x00000058   Code   RO         1334    i.HAL_UART_Transmit_IT  stm32f1xx_hal_uart.o
    0x0800419c   0x00000002   Code   RO         1335    i.HAL_UART_TxCpltCallback  stm32f1xx_hal_uart.o
    0x0800419e   0x00000004   Code   RO         3325    i.HardFault_Handler  interrupts.o
    0x080041a2   0x00000002   PAD
    0x080041a4   0x0000009c   Code   RO         2886    i.HostAck           host.o
    0x08004240   0x00000030   Code   RO         2887    i.HostCheckCRC      host.o
    0x08004270   0x00000024   Code   RO         3419    i.HostCmdEmergencyStop  hoststatemonitor.o
    0x08004294   0x00000006   Code   RO         3420    i.HostCmdGetInfo    hoststatemonitor.o
    0x0800429a   0x00000006   Code   RO         3421    i.HostCmdParaInfo   hoststatemonitor.o
    0x080042a0   0x00000006   Code   RO         3422    i.HostCmdSetInfo    hoststatemonitor.o
    0x080042a6   0x00000024   Code   RO         3423    i.HostCmdStateAsk   hoststatemonitor.o
    0x080042ca   0x00000028   Code   RO         3424    i.HostCmdStateLedCtr  hoststatemonitor.o
    0x080042f2   0x0000003e   Code   RO         3425    i.HostCmdUpDateAsk  hoststatemonitor.o
    0x08004330   0x0000002a   Code   RO         3426    i.HostCmdUpDateTran  hoststatemonitor.o
    0x0800435a   0x00000024   Code   RO         3427    i.HostCmdVersion    hoststatemonitor.o
    0x0800437e   0x00000002   PAD
    0x08004380   0x00000118   Code   RO         2888    i.HostFrameParser   host.o
    0x08004498   0x0000000c   Code   RO         2889    i.HostGetConsoleTag  host.o
    0x080044a4   0x00000070   Code   RO         2890    i.HostInit          host.o
    0x08004514   0x000000a0   Code   RO         2891    i.HostParserRegister  host.o
    0x080045b4   0x00000090   Code   RO         2892    i.HostProcess       host.o
    0x08004644   0x000000b4   Code   RO         2893    i.HostResponse      host.o
    0x080046f8   0x0000002c   Code   RO         2894    i.HostSearchParser  host.o
    0x08004724   0x00000054   Code   RO         2895    i.HostSend          host.o
    0x08004778   0x00000010   Code   RO         3428    i.HostStateMonitorInit  hoststatemonitor.o
    0x08004788   0x000000d4   Code   RO         3429    i.HostStateMonitorParser  hoststatemonitor.o
    0x0800485c   0x0000001c   Code   RO         2743    i.IsRepeatLastMessage  console.o
    0x08004878   0x0000008a   Code   RO         3505    i.LedControl        statemonitor.o
    0x08004902   0x00000002   PAD
    0x08004904   0x0000000c   Code   RO         3662    i.LoadProgramStateInit  serialdownload.o
    0x08004910   0x00000004   Code   RO         3326    i.MemManage_Handler  interrupts.o
    0x08004914   0x00000048   Code   RO         2641    i.MessageGet        message.o
    0x0800495c   0x0000005c   Code   RO         2642    i.MessagePost       message.o
    0x080049b8   0x00000040   Code   RO         2643    i.MessageQueueInit  message.o
    0x080049f8   0x00000024   Code   RO         2644    i.MessageQueueProcess  message.o
    0x08004a1c   0x00000044   Code   RO         2645    i.MessageRegisterHandler  message.o
    0x08004a60   0x0000000a   Code   RO         3257    i.MonitorGpio       board.o
    0x08004a6a   0x00000002   PAD
    0x08004a6c   0x00000020   Code   RO         2744    i.MsgBufAppend      console.o
    0x08004a8c   0x00000020   Code   RO         2745    i.MsgBufAppendCRLF  console.o
    0x08004aac   0x00000040   Code   RO         2746    i.MsgBufAppendTag   console.o
    0x08004aec   0x00000054   Code   RO         2747    i.MsgBufHex         console.o
    0x08004b40   0x00000020   Code   RO         2748    i.MsgBufSend        console.o
    0x08004b60   0x00000004   Code   RO         3327    i.NMI_Handler       interrupts.o
    0x08004b64   0x00000010   Code   RO          378    i.NVIC_GetPriorityGrouping  stm32f1xx_hal_cortex.o
    0x08004b74   0x00000028   Code   RO          379    i.NVIC_SetPriority  stm32f1xx_hal_cortex.o
    0x08004b9c   0x00000080   Code   RO         3506    i.PrintCurrentStateLog  statemonitor.o
    0x08004c1c   0x00000054   Code   RO         3663    i.PrintSaveData     serialdownload.o
    0x08004c70   0x00000028   Code   RO          565    i.RCC_Delay         stm32f1xx_hal_rcc.o
    0x08004c98   0x00000066   Code   RO         3258    i.RccInit           board.o
    0x08004cfe   0x00000002   PAD
    0x08004d00   0x00000050   Code   RO         2749    i.RemoveBackspaceInLineArray  console.o
    0x08004d50   0x0000002a   Code   RO         3507    i.SamLedControl     statemonitor.o
    0x08004d7a   0x00000002   PAD
    0x08004d7c   0x00000044   Code   RO         3664    i.SaveFileData      serialdownload.o
    0x08004dc0   0x000000c4   Code   RO         3665    i.SavePrograme      serialdownload.o
    0x08004e84   0x0000004c   Code   RO         2750    i.SearchConsoleCommand  console.o
    0x08004ed0   0x000000b0   Code   RO         2751    i.SearchNextWordInLineArray  console.o
    0x08004f80   0x00000030   Code   RO         3666    i.SendLoadResultOrder  serialdownload.o
    0x08004fb0   0x00000024   Code   RO         3508    i.SendVersionMessage  statemonitor.o
    0x08004fd4   0x00000090   Code   RO         3667    i.SerialLoadInit    serialdownload.o
    0x08005064   0x00000054   Code   RO         3668    i.SerialLoadStart   serialdownload.o
    0x080050b8   0x0000000c   Code   RO         2896    i.SetHostOpenLogPra  host.o
    0x080050c4   0x00000028   Code   RO         3509    i.SetSam1Leds       statemonitor.o
    0x080050ec   0x00000020   Code   RO         3615    i.StateLedTimerStart  stateledcontrol.o
    0x0800510c   0x00000080   Code   RO         3616    i.StateLedTimerStartMs  stateledcontrol.o
    0x0800518c   0x000000f8   Code   RO         3510    i.StateMonitorInit  statemonitor.o
    0x08005284   0x0000011c   Code   RO         3511    i.StateMonitorMessageHandler  statemonitor.o
    0x080053a0   0x0000000c   Code   RO         3328    i.SysTick_Handler   interrupts.o
    0x080053ac   0x00000058   Code   RO            5    i.SystemInit        system_stm32f1xx.o
    0x08005404   0x0000005c   Code   RO         3618    i.TIM1_UP_IRQHandler  stateledcontrol.o
    0x08005460   0x00000050   Code   RO         3160    i.TIM6_IRQHandler   timer.o
    0x080054b0   0x00000050   Code   RO         3161    i.TIM7_IRQHandler   timer.o
    0x08005500   0x00000098   Code   RO          744    i.TIM_Base_SetConfig  stm32f1xx_hal_tim.o
    0x08005598   0x00000024   Code   RO         3162    i.TimerInit         timer.o
    0x080055bc   0x00000020   Code   RO         3164    i.TimerStart        timer.o
    0x080055dc   0x00000080   Code   RO         3166    i.TimerStartMs      timer.o
    0x0800565c   0x00000080   Code   RO         3167    i.TimerStartMs2     timer.o
    0x080056dc   0x00000036   Code   RO         2752    i.TransCR2CRLF      console.o
    0x08005712   0x00000014   Code   RO         1337    i.UART_DMAAbortOnError  stm32f1xx_hal_uart.o
    0x08005726   0x00000020   Code   RO         1347    i.UART_EndRxTransfer  stm32f1xx_hal_uart.o
    0x08005746   0x00000020   Code   RO         1348    i.UART_EndTransmit_IT  stm32f1xx_hal_uart.o
    0x08005766   0x000000a6   Code   RO         1350    i.UART_Receive_IT   stm32f1xx_hal_uart.o
    0x0800580c   0x000001c8   Code   RO         1351    i.UART_SetConfig    stm32f1xx_hal_uart.o
    0x080059d4   0x00000068   Code   RO         1352    i.UART_Transmit_IT  stm32f1xx_hal_uart.o
    0x08005a3c   0x00000010   Code   RO         2978    i.USART1_IRQHandler  uart.o
    0x08005a4c   0x00000010   Code   RO         2979    i.USART3_IRQHandler  uart.o
    0x08005a5c   0x00000050   Code   RO         2980    i.UartGetObject     uart.o
    0x08005aac   0x00000194   Code   RO         2981    i.UartInit          uart.o
    0x08005c40   0x00000070   Code   RO         2982    i.UartSend          uart.o
    0x08005cb0   0x00000004   Code   RO         3329    i.UsageFault_Handler  interrupts.o
    0x08005cb4   0x00000028   Code   RO         3978    i.__ARM_fpclassify  m_ws.l(fpclassify.o)
    0x08005cdc   0x0000000e   Code   RO         3791    i._is_digit         c_w.l(__printf_wp.o)
    0x08005cea   0x0000001e   Code   RO         2983    i.isUartEnable      uart.o
    0x08005d08   0x0000006c   Code   RO         3383    i.main              main.o
    0x08005d74   0x0000002c   Code   RO         3962    locale$$code        c_w.l(lc_ctype_c.o)
    0x08005da0   0x0000002c   Code   RO         3965    locale$$code        c_w.l(lc_numeric_c.o)
    0x08005dcc   0x00000004   Code   RO         3882    x$fpl$printf1       fz_ws.l(printf1.o)
    0x08005dd0   0x00000004   Code   RO         3884    x$fpl$printf2       fz_ws.l(printf2.o)
    0x08005dd4   0x00000000   Code   RO         3977    x$fpl$usenofp       fz_ws.l(usenofp.o)
    0x08005dd4   0x00000018   Data   RO            6    .constdata          system_stm32f1xx.o
    0x08005dec   0x00000028   Data   RO         3779    .constdata          c_w.l(_printf_hex_int_ll_ptr.o)
    0x08005e14   0x00000011   Data   RO         3799    .constdata          c_w.l(__printf_flags_ss_wp.o)
    0x08005e25   0x00000003   PAD
    0x08005e28   0x00000008   Data   RO         3843    .constdata          c_w.l(_printf_wctomb.o)
    0x08005e30   0x00000026   Data   RO         3915    .constdata          c_w.l(_printf_fp_hex.o)
    0x08005e56   0x00000002   PAD
    0x08005e58   0x00000094   Data   RO         3937    .constdata          c_w.l(bigflt0.o)
    0x08005eec   0x00000020   Data   RO         4104    Region$$Table       anon$$obj.o
    0x08005f0c   0x00000110   Data   RO         3961    locale$$data        c_w.l(lc_ctype_c.o)
    0x0800601c   0x0000001c   Data   RO         3964    locale$$data        c_w.l(lc_numeric_c.o)


    Execution Region RW_IRAM1 (Base: 0x20000000, Size: 0x00000f38, Max: 0x00010000, ABSOLUTE)

    Base Addr    Size         Type   Attr      Idx    E Section Name        Object

    0x20000000   0x00000004   Data   RW            7    .data               system_stm32f1xx.o
    0x20000004   0x00000004   Data   RW          238    .data               stm32f1xx_hal.o
    0x20000008   0x00000001   Data   RW         2898    .data               host.o
    0x20000009   0x00000001   PAD
    0x2000000a   0x00000004   Data   RW         3171    .data               timer.o
    0x2000000e   0x00000002   Data   RW         3513    .data               statemonitor.o
    0x20000010   0x00000004   Data   RW         3620    .data               stateledcontrol.o
    0x20000014   0x00000004   PAD
    0x20000018   0x00000020   Zero   RW         2375    .bss                stm32f1xx_hal_flash.o
    0x20000038   0x000000a8   Zero   RW         2646    .bss                message.o
    0x200000e0   0x0000033c   Zero   RW         2753    .bss                console.o
    0x2000041c   0x00000138   Zero   RW         2897    .bss                host.o
    0x20000554   0x00000190   Zero   RW         2984    .bss                uart.o
    0x200006e4   0x00000080   Zero   RW         3170    .bss                timer.o
    0x20000764   0x000000c0   Zero   RW         3259    .bss                board.o
    0x20000824   0x0000001c   Zero   RW         3512    .bss                statemonitor.o
    0x20000840   0x00000040   Zero   RW         3619    .bss                stateledcontrol.o
    0x20000880   0x00000054   Zero   RW         3669    .bss                serialdownload.o
    0x200008d4   0x00000060   Zero   RW         3891    .bss                c_w.l(libspace.o)
    0x20000934   0x00000004   PAD
    0x20000938   0x00000200   Zero   RW          209    HEAP                startup_stm32f103xe.o
    0x20000b38   0x00000400   Zero   RW          208    STACK               startup_stm32f103xe.o


==============================================================================

Image component sizes


      Code (inc. data)   RO Data    RW Data    ZI Data      Debug   Object Name

       504         44          0          0        192       4550   board.o
       518          0          0          0          0       6629   buffer.o
      1846        306          0          0        828      15523   console.o
       386         34          0          0          0       3255   gpio.o
      1292        248          0          1        312       9606   host.o
       498         64          0          0          0       7343   hoststatemonitor.o
        36          0          0          0          0       3111   interrupts.o
       108         44          0          0          0       1191   main.o
       428         86          0          0        168       7229   message.o
       720         76          0          0         84       5823   serialdownload.o
        64         26        304          0       1536        908   startup_stm32f103xe.o
       252         30          0          4         64       2909   stateledcontrol.o
      1296        240          0          2         28       8358   statemonitor.o
       110         20          0          4          0       3645   stm32f1xx_hal.o
       348         22          0          0          0      28041   stm32f1xx_hal_cortex.o
       424         10          0          0          0       1267   stm32f1xx_hal_dma.o
       516         50          0          0         32       4218   stm32f1xx_hal_flash.o
       256         26          0          0          0       2619   stm32f1xx_hal_flash_ex.o
       860         42          0          0          0       3387   stm32f1xx_hal_gpio.o
      1780        114          0          0          0       6056   stm32f1xx_hal_rcc.o
       708         20          0          0          0       7265   stm32f1xx_hal_tim.o
         4          0          0          0          0       1578   stm32f1xx_hal_tim_ex.o
      1482         12          0          0          0       9693   stm32f1xx_hal_uart.o
        88         18         24          4          0     489471   system_stm32f1xx.o
       484         76          0          4        128       4572   timer.o
       774         46          0          0        400       6324   uart.o

    ----------------------------------------------------------------------
     15798       1654        360         20       3776     644571   Object Totals
         0          0         32          0          0          0   (incl. Generated)
        16          0          0          1          4          0   (incl. Padding)

    ----------------------------------------------------------------------

      Code (inc. data)   RO Data    RW Data    ZI Data      Debug   Library Member Name

        44          6          0          0          0         84   __2sprintf.o
         8          0          0          0          0         68   __main.o
       392          4         17          0          0         92   __printf_flags_ss_wp.o
        14          0          0          0          0         68   __printf_wp.o
         0          0          0          0          0          0   __rtentry.o
        12          0          0          0          0          0   __rtentry2.o
         6          0          0          0          0          0   __rtentry4.o
        52          8          0          0          0          0   __scatter.o
        26          0          0          0          0          0   __scatter_copy.o
        28          0          0          0          0          0   __scatter_zi.o
        28          0          0          0          0         68   _chval.o
         6          0          0          0          0          0   _printf_a.o
         6          0          0          0          0          0   _printf_c.o
        44          0          0          0          0        108   _printf_char.o
        48          6          0          0          0         96   _printf_char_common.o
        40          0          0          0          0         68   _printf_charcount.o
         6          0          0          0          0          0   _printf_d.o
       120         16          0          0          0         92   _printf_dec.o
         6          0          0          0          0          0   _printf_e.o
         6          0          0          0          0          0   _printf_f.o
      1050          0          0          0          0        216   _printf_fp_dec.o
       764         10         38          0          0        100   _printf_fp_hex.o
       128         16          0          0          0         84   _printf_fp_infnan.o
         6          0          0          0          0          0   _printf_g.o
       148          4         40          0          0        160   _printf_hex_int_ll_ptr.o
         6          0          0          0          0          0   _printf_i.o
       178          0          0          0          0         88   _printf_intcommon.o
        10          0          0          0          0          0   _printf_l.o
         6          0          0          0          0          0   _printf_lc.o
        10          0          0          0          0          0   _printf_ll.o
         6          0          0          0          0          0   _printf_lld.o
         6          0          0          0          0          0   _printf_lli.o
         6          0          0          0          0          0   _printf_llo.o
         6          0          0          0          0          0   _printf_llu.o
         6          0          0          0          0          0   _printf_llx.o
       124         16          0          0          0         92   _printf_longlong_dec.o
         6          0          0          0          0          0   _printf_ls.o
         6          0          0          0          0          0   _printf_n.o
         6          0          0          0          0          0   _printf_o.o
       112          8          0          0          0        124   _printf_oct_int_ll.o
         6          0          0          0          0          0   _printf_p.o
        78          0          0          0          0        108   _printf_pad.o
         0          0          0          0          0          0   _printf_percent.o
         4          0          0          0          0          0   _printf_percent_end.o
         6          0          0          0          0          0   _printf_s.o
        82          0          0          0          0         80   _printf_str.o
        36          0          0          0          0         84   _printf_truncate.o
         6          0          0          0          0          0   _printf_u.o
        44          0          0          0          0        108   _printf_wchar.o
       188          6          8          0          0         92   _printf_wctomb.o
         6          0          0          0          0          0   _printf_x.o
        10          0          0          0          0         68   _sputc.o
       158          0          0          0          0         92   _strtoul.o
        64          0          0          0          0         92   _wcrtomb.o
        26          0          0          0          0         80   atoi.o
       220          4        148          0          0         96   bigflt0.o
      1910        128          0          0          0        672   btod.o
        18          0          0          0          0         80   exit.o
         6          0          0          0          0        152   heapauxi.o
         0          0          0          0          0          0   indicate_semi.o
        44         10        272          0          0         76   lc_ctype_c.o
        44         10         28          0          0         76   lc_numeric_c.o
         2          0          0          0          0          0   libinit.o
        30          0          0          0          0          0   libinit2.o
         2          0          0          0          0          0   libshutdown.o
         2          0          0          0          0          0   libshutdown2.o
         8          4          0          0         96         68   libspace.o
       138          0          0          0          0         80   lludiv10.o
        38          0          0          0          0         68   llushr.o
        16          4          0          0          0         76   rt_ctype_table.o
         8          4          0          0          0         68   rt_errno_addr_intlibspace.o
         8          4          0          0          0         68   rt_locale_intlibspace.o
        68          0          0          0          0         68   rt_memclr.o
        78          0          0          0          0         80   rt_memclr_w.o
       138          0          0          0          0         68   rt_memcpy_v6.o
       100          0          0          0          0         80   rt_memcpy_w.o
       132          0          0          0          0         68   rt_memmove_v6.o
       122          0          0          0          0         80   rt_memmove_w.o
         2          0          0          0          0          0   rtexit.o
        10          0          0          0          0          0   rtexit2.o
       128          0          0          0          0         68   strcmpv7m.o
        62          0          0          0          0         76   strlen.o
        86          0          0          0          0         76   strncpy.o
       112          0          0          0          0         88   strtol.o
        12          4          0          0          0         68   sys_exit.o
        74          0          0          0          0         80   sys_stackheap_outer.o
         2          0          0          0          0         68   use_no_semi.o
        36          4          0          0          0         76   vsprintf.o
         4          0          0          0          0         68   printf1.o
         4          0          0          0          0         68   printf2.o
         0          0          0          0          0          0   usenofp.o
        40          0          0          0          0         68   fpclassify.o

    ----------------------------------------------------------------------
      7918        276        556          0        100       5240   Library Totals
        18          0          5          0          4          0   (incl. Padding)

    ----------------------------------------------------------------------

      Code (inc. data)   RO Data    RW Data    ZI Data      Debug   Library Name

      7852        276        551          0         96       5036   c_w.l
         8          0          0          0          0        136   fz_ws.l
        40          0          0          0          0         68   m_ws.l

    ----------------------------------------------------------------------
      7918        276        556          0        100       5240   Library Totals

    ----------------------------------------------------------------------

==============================================================================


      Code (inc. data)   RO Data    RW Data    ZI Data      Debug   

     23716       1930        916         20       3876     637743   Grand Totals
     23716       1930        916         20       3876     637743   ELF Image Totals
     23716       1930        916         20          0          0   ROM Totals

==============================================================================

    Total RO  Size (Code + RO Data)                24632 (  24.05kB)
    Total RW  Size (RW Data + ZI Data)              3896 (   3.80kB)
    Total ROM Size (Code + RO Data + RW Data)      24652 (  24.07kB)

==============================================================================

