<html>
<body>
<pre>
<h1>µVision Build Log</h1>
<h2>Tool Versions:</h2>
IDE-Version: ¦ÌVision V5.17.0.0
Copyright (C) 2015 ARM Ltd and ARM Germany GmbH. All rights reserved.
License Information: yingshi yingshi, yingshi, LIC=QF8PC-7TNX0-YVI1Y-I5TWX-5GI9T-1J735
 
Tool Versions:
Toolchain:       MDK-ARM Standard  Version: 5.17
Toolchain Path:  C:\Keil_v5\ARM\ARMCC\Bin
C Compiler:      Armcc.exe V5.06 update 1 (build 61)
Assembler:       Armasm.exe V5.06 update 1 (build 61)
Linker/Locator:  ArmLink.exe V5.06 update 1 (build 61)
Library Manager: ArmAr.exe V5.06 update 1 (build 61)
Hex Converter:   FromElf.exe V5.06 update 1 (build 61)
CPU DLL:         SARMCM3.DLL V5.17
Dialog DLL:      DARMCM1.DLL V1.12.0.0
Target DLL:      STLink\ST-LINKIII-KEIL_SWO.dll V2.0.18.0
Dialog DLL:      TARMCM1.DLL V1.9.0.0
 
<h2>Project:</h2>
F:\trunk3\Project\Pd\Pd.uvprojx
Project File Date:  08/14/2018

<h2>Output:</h2>
*** Using Compiler 'V5.06 update 1 (build 61)', folder: 'C:\Keil_v5\ARM\ARMCC\Bin'
Build target 'Pd'
assembling startup_stm32f051x8.s...
compiling stm32f0xx_hal_cortex.c...
compiling system_stm32f0xx.c...
compiling stm32f0xx_hal.c...
compiling stm32f0xx_hal_uart_ex.c...
compiling stm32f0xx_hal_gpio.c...
compiling stm32f0xx_hal_tim.c...
compiling stm32f0xx_hal_tim_ex.c...
compiling stm32f0xx_hal_uart.c...
compiling stm32f0xx_hal_rcc.c...
compiling stm32f0xx_hal_dma.c...
compiling stm32f0xx_hal_rcc_ex.c...
compiling stm32f0xx_hal_spi.c...
compiling Buffer.c...
compiling Message.c...
compiling Spi.c...
compiling Console.c...
compiling Uart.c...
compiling Gpio.c...
compiling HostPd.c...
..\..\Source\Boards\Pd\HostPd.c(92): warning:  #940-D: missing return statement at end of non-void function "HostPdParser"
  }
..\..\Source\Boards\Pd\HostPd.c: 1 warning, 0 errors
compiling Board.c...
compiling Interrupts.c...
compiling Main.c...
compiling AD7689.c...
..\..\Source\Boards\Pd\AD7689.c(25): warning:  #177-D: variable "SetSpiMOSIToLow" was declared but never referenced
      UINT16 SetSpiMOSIToLow=0x0000;
..\..\Source\Boards\Pd\AD7689.c(43): warning:  #177-D: variable "SetSpiMOSIToLow" was declared but never referenced
      UINT16 SetSpiMOSIToLow=0x0000;
..\..\Source\Boards\Pd\AD7689.c: 2 warnings, 0 errors
compiling delayus.c...
compiling Led.c...
compiling Pd.c...
..\..\Source\Boards\Pd\Pd.c(45): warning:  #177-D: variable "test" was declared but never referenced
      UINT16 test[12]={0x1234,0x1234,0x1234,0x1234,
..\..\Source\Boards\Pd\Pd.c: 1 warning, 0 errors
compiling BoardHost.c...
compiling LedTest.c...
linking...
Program Size: Code=22464 RO-data=848 RW-data=28 ZI-data=3484  
".\Objects\Pd.axf" - 0 Error(s), 4 Warning(s).

<h2>Collection of Component include folders:</h2>
  F:\trunk3\Project\Pd\RTE
  C:\Keil_v5\ARM\PACK\Keil\STM32F0xx_DFP\1.5.0\Device\Include

<h2>Collection of Component Files used:</h2>
Build Time Elapsed:  00:00:14
</pre>
</body>
</html>
