Component: ARM Compiler 5.06 update 1 (build 61) Tool: armlink [4d35a8]

==============================================================================

Section Cross References

    system_stm32f1xx.o(i.SystemCoreClockUpdate) refers to system_stm32f1xx.o(.data) for SystemCoreClock
    system_stm32f1xx.o(i.SystemCoreClockUpdate) refers to system_stm32f1xx.o(.constdata) for AHBPrescTable
    startup_stm32f103xb.o(STACK) refers (Special) to heapauxi.o(.text) for __use_two_region_memory
    startup_stm32f103xb.o(HEAP) refers (Special) to heapauxi.o(.text) for __use_two_region_memory
    startup_stm32f103xb.o(RESET) refers (Special) to heapauxi.o(.text) for __use_two_region_memory
    startup_stm32f103xb.o(RESET) refers to startup_stm32f103xb.o(STACK) for __initial_sp
    startup_stm32f103xb.o(RESET) refers to startup_stm32f103xb.o(.text) for Reset_Handler
    startup_stm32f103xb.o(RESET) refers to interrupts.o(i.NMI_Handler) for NMI_Handler
    startup_stm32f103xb.o(RESET) refers to interrupts.o(i.HardFault_Handler) for HardFault_Handler
    startup_stm32f103xb.o(RESET) refers to interrupts.o(i.MemManage_Handler) for MemManage_Handler
    startup_stm32f103xb.o(RESET) refers to interrupts.o(i.BusFault_Handler) for BusFault_Handler
    startup_stm32f103xb.o(RESET) refers to interrupts.o(i.UsageFault_Handler) for UsageFault_Handler
    startup_stm32f103xb.o(RESET) refers to interrupts.o(i.DebugMon_Handler) for DebugMon_Handler
    startup_stm32f103xb.o(RESET) refers to interrupts.o(i.SysTick_Handler) for SysTick_Handler
    startup_stm32f103xb.o(RESET) refers to timer.o(i.TIM2_IRQHandler) for TIM2_IRQHandler
    startup_stm32f103xb.o(RESET) refers to timer.o(i.TIM3_IRQHandler) for TIM3_IRQHandler
    startup_stm32f103xb.o(RESET) refers to uart.o(i.USART1_IRQHandler) for USART1_IRQHandler
    startup_stm32f103xb.o(RESET) refers to uart.o(i.USART2_IRQHandler) for USART2_IRQHandler
    startup_stm32f103xb.o(.text) refers (Special) to heapauxi.o(.text) for __use_two_region_memory
    startup_stm32f103xb.o(.text) refers to system_stm32f1xx.o(i.SystemInit) for SystemInit
    startup_stm32f103xb.o(.text) refers to __main.o(!!!main) for __main
    startup_stm32f103xb.o(.text) refers to startup_stm32f103xb.o(HEAP) for Heap_Mem
    startup_stm32f103xb.o(.text) refers to startup_stm32f103xb.o(STACK) for Stack_Mem
    stm32f1xx_hal.o(i.HAL_DeInit) refers to stm32f1xx_hal.o(i.HAL_MspDeInit) for HAL_MspDeInit
    stm32f1xx_hal.o(i.HAL_Delay) refers to stm32f1xx_hal.o(i.HAL_GetTick) for HAL_GetTick
    stm32f1xx_hal.o(i.HAL_GetTick) refers to stm32f1xx_hal.o(.data) for uwTick
    stm32f1xx_hal.o(i.HAL_IncTick) refers to stm32f1xx_hal.o(.data) for uwTick
    stm32f1xx_hal.o(i.HAL_Init) refers to stm32f1xx_hal_cortex.o(i.HAL_NVIC_SetPriorityGrouping) for HAL_NVIC_SetPriorityGrouping
    stm32f1xx_hal.o(i.HAL_Init) refers to stm32f1xx_hal.o(i.HAL_InitTick) for HAL_InitTick
    stm32f1xx_hal.o(i.HAL_Init) refers to stm32f1xx_hal.o(i.HAL_MspInit) for HAL_MspInit
    stm32f1xx_hal.o(i.HAL_InitTick) refers to stm32f1xx_hal_cortex.o(i.HAL_SYSTICK_Config) for HAL_SYSTICK_Config
    stm32f1xx_hal.o(i.HAL_InitTick) refers to stm32f1xx_hal_cortex.o(i.HAL_NVIC_SetPriority) for HAL_NVIC_SetPriority
    stm32f1xx_hal.o(i.HAL_InitTick) refers to system_stm32f1xx.o(.data) for SystemCoreClock
    stm32f1xx_hal_cortex.o(i.HAL_NVIC_GetPriorityGrouping) refers to stm32f1xx_hal_cortex.o(i.NVIC_GetPriorityGrouping) for NVIC_GetPriorityGrouping
    stm32f1xx_hal_cortex.o(i.HAL_NVIC_SetPriority) refers to stm32f1xx_hal_cortex.o(i.NVIC_GetPriorityGrouping) for NVIC_GetPriorityGrouping
    stm32f1xx_hal_cortex.o(i.HAL_NVIC_SetPriority) refers to stm32f1xx_hal_cortex.o(i.NVIC_SetPriority) for NVIC_SetPriority
    stm32f1xx_hal_cortex.o(i.HAL_SYSTICK_Config) refers to stm32f1xx_hal_cortex.o(i.NVIC_SetPriority) for NVIC_SetPriority
    stm32f1xx_hal_cortex.o(i.HAL_SYSTICK_IRQHandler) refers to stm32f1xx_hal_cortex.o(i.HAL_SYSTICK_Callback) for HAL_SYSTICK_Callback
    stm32f1xx_hal_gpio.o(i.HAL_GPIO_EXTI_IRQHandler) refers to stm32f1xx_hal_gpio.o(i.HAL_GPIO_EXTI_Callback) for HAL_GPIO_EXTI_Callback
    stm32f1xx_hal_rcc.o(i.HAL_RCC_ClockConfig) refers to stm32f1xx_hal.o(i.HAL_GetTick) for HAL_GetTick
    stm32f1xx_hal_rcc.o(i.HAL_RCC_ClockConfig) refers to stm32f1xx_hal_rcc.o(i.HAL_RCC_GetSysClockFreq) for HAL_RCC_GetSysClockFreq
    stm32f1xx_hal_rcc.o(i.HAL_RCC_ClockConfig) refers to stm32f1xx_hal.o(i.HAL_InitTick) for HAL_InitTick
    stm32f1xx_hal_rcc.o(i.HAL_RCC_ClockConfig) refers to system_stm32f1xx.o(.constdata) for AHBPrescTable
    stm32f1xx_hal_rcc.o(i.HAL_RCC_ClockConfig) refers to system_stm32f1xx.o(.data) for SystemCoreClock
    stm32f1xx_hal_rcc.o(i.HAL_RCC_DeInit) refers to system_stm32f1xx.o(.data) for SystemCoreClock
    stm32f1xx_hal_rcc.o(i.HAL_RCC_GetHCLKFreq) refers to system_stm32f1xx.o(.data) for SystemCoreClock
[...]
    uarts                                    0x2000052c   Data         240  uart.o(.bss)
    .bss                                     0x2000061c   Section      128  timer.o(.bss)
    timerDef                                 0x2000061c   Data          64  timer.o(.bss)
    timerDef2                                0x2000065c   Data          64  timer.o(.bss)
    .bss                                     0x2000069c   Section       68  pwm.o(.bss)
    pwmInst                                  0x2000069c   Data          68  pwm.o(.bss)
    .bss                                     0x200006e0   Section       28  board.o(.bss)
    board                                    0x200006e0   Data          28  board.o(.bss)
    .bss                                     0x20000700   Section      312  heat.o(.bss)
    heatApp                                  0x20000700   Data         136  heat.o(.bss)
    dummy                                    0x20000788   Data         176  heat.o(.bss)
    .bss                                     0x20000838   Section      240  spiheat.o(.bss)
    spis                                     0x20000838   Data         240  spiheat.o(.bss)
    .bss                                     0x20000928   Section       80  tlc2543.o(.bss)
    .bss                                     0x20000978   Section       96  libspace.o(.bss)
    HEAP                                     0x200009d8   Section      512  startup_stm32f103xb.o(HEAP)
    Heap_Mem                                 0x200009d8   Data         512  startup_stm32f103xb.o(HEAP)
    STACK                                    0x20000bd8   Section     1024  startup_stm32f103xb.o(STACK)
    Stack_Mem                                0x20000bd8   Data        1024  startup_stm32f103xb.o(STACK)
    __initial_sp                             0x20000fd8   Data           0  startup_stm32f103xb.o(STACK)

    Global Symbols

    Symbol Name                              Value     Ov Type        Size  Object(Section)

    BuildAttributes$$THM_ISAv4$P$D$K$B$S$PE$A:L22UL41UL21$X:L11$S22US41US21$IEEE1$IW$USESV6$~STKCKD$USESV7$~SHL$OTIME$ROPI$IEEEJ$EBA8$UX$STANDARDLIB$REQ8$PRES8$EABIv2 0x00000000   Number         0  anon$$obj.o ABSOLUTE
    __ARM_use_no_argv                        0x00000000   Number         0  main.o ABSOLUTE
    _printf_flags                            0x00000000   Number         0  printf_stubs.o ABSOLUTE
    _printf_return_value                     0x00000000   Number         0  printf_stubs.o ABSOLUTE
    _printf_sizespec                         0x00000000   Number         0  printf_stubs.o ABSOLUTE
    _printf_widthprec                        0x00000000   Number         0  printf_stubs.o ABSOLUTE
    __ARM_exceptions_init                     - Undefined Weak Reference
    __alloca_initialize                       - Undefined Weak Reference
    __arm_preinit_                            - Undefined Weak Reference
    __cpp_initialize__aeabi_                  - Undefined Weak Reference
    __cxa_finalize                            - Undefined Weak Reference
    __sigvec_lookup                           - Undefined Weak Reference
    _atexit_init                              - Undefined Weak Reference
    _call_atexit_fns                          - Undefined Weak Reference
    _clock_init                               - Undefined Weak Reference
    _fp_trap_init                             - Undefined Weak Reference
    _fp_trap_shutdown                         - Undefined Weak Reference
    _get_lc_collate                           - Undefined Weak Reference
    _get_lc_monetary                          - Undefined Weak Reference
    _get_lc_time                              - Undefined Weak Reference
    _getenv_init                              - Undefined Weak Reference
    _handle_redirection                       - Undefined Weak Reference
    _init_alloc                               - Undefined Weak Reference
    _init_user_alloc                          - Undefined Weak Reference
    _initio                                   - Undefined Weak Reference
    _printf_mbtowc                            - Undefined Weak Reference
    _printf_wc                                - Undefined Weak Reference
    _rand_init                                - Undefined Weak Reference
    _signal_finish                            - Undefined Weak Reference
    _signal_init                              - Undefined Weak Reference
    _terminate_alloc                          - Undefined Weak Reference
    _terminate_user_alloc                     - Undefined Weak Reference
    _terminateio                              - Undefined Weak Reference
    __Vectors_Size                           0x000000ec   Number         0  startup_stm32f103xb.o ABSOLUTE
    __Vectors                                0x08000000   Data           4  startup_stm32f103xb.o(RESET)
    __Vectors_End                            0x080000ec   Data           0  startup_stm32f103xb.o(RESET)
    __main                                   0x080000ed   Thumb Code     8  __main.o(!!!main)
    __scatterload                            0x080000f5   Thumb Code     0  __scatter.o(!!!scatter)
    __scatterload_rt2                        0x080000f5   Thumb Code    44  __scatter.o(!!!scatter)
    __scatterload_rt2_thumb_only             0x080000f5   Thumb Code     0  __scatter.o(!!!scatter)
    __scatterload_null                       0x08000103   Thumb Code     0  __scatter.o(!!!scatter)
    __scatterload_copy                       0x08000129   Thumb Code    26  __scatter_copy.o(!!handler_copy)
    __scatterload_zeroinit                   0x08000145   Thumb Code    28  __scatter_zi.o(!!handler_zi)
    _printf_n                                0x08000161   Thumb Code     0  _printf_n.o(.ARM.Collect$$_printf_percent$$00000001)
    _printf_percent                          0x08000161   Thumb Code     0  _printf_percent.o(.ARM.Collect$$_printf_percent$$00000000)
    _printf_p                                0x08000167   Thumb Code     0  _printf_p.o(.ARM.Collect$$_printf_percent$$00000002)
    _printf_f                                0x0800016d   Thumb Code     0  _printf_f.o(.ARM.Collect$$_printf_percent$$00000003)
    _printf_e                                0x08000173   Thumb Code     0  _printf_e.o(.ARM.Collect$$_printf_percent$$00000004)
    _printf_g                                0x08000179   Thumb Code     0  _printf_g.o(.ARM.Collect$$_printf_percent$$00000005)
    _printf_a                                0x0800017f   Thumb Code     0  _printf_a.o(.ARM.Collect$$_printf_percent$$00000006)
    _printf_ll                               0x08000185   Thumb Code     0  _printf_ll.o(.ARM.Collect$$_printf_percent$$00000007)
    _printf_i                                0x0800018f   Thumb Code     0  _printf_i.o(.ARM.Collect$$_printf_percent$$00000008)
    _printf_d                                0x08000195   Thumb Code     0  _printf_d.o(.ARM.Collect$$_printf_percent$$00000009)
    _printf_u                                0x0800019b   Thumb Code     0  _printf_u.o(.ARM.Collect$$_printf_percent$$0000000A)
    _printf_o                                0x080001a1   Thumb Code     0  _printf_o.o(.ARM.Collect$$_printf_percent$$0000000B)
    _printf_x                                0x080001a7   Thumb Code     0  _printf_x.o(.ARM.Collect$$_printf_percent$$0000000C)
    _printf_lli                              0x080001ad   Thumb Code     0  _printf_lli.o(.ARM.Collect$$_printf_percent$$0000000D)
    _printf_lld                              0x080001b3   Thumb Code     0  _printf_lld.o(.ARM.Collect$$_printf_percent$$0000000E)
    _printf_llu                              0x080001b9   Thumb Code     0  _printf_llu.o(.ARM.Collect$$_printf_percent$$0000000F)
    _printf_llo                              0x080001bf   Thumb Code     0  _printf_llo.o(.ARM.Collect$$_printf_percent$$00000010)
    _printf_llx                              0x080001c5   Thumb Code     0  _printf_llx.o(.ARM.Collect$$_printf_percent$$00000011)
    _printf_l                                0x080001cb   Thumb Code     0  _printf_l.o(.ARM.Collect$$_printf_percent$$00000012)
    _printf_c                                0x080001d5   Thumb Code     0  _printf_c.o(.ARM.Collect$$_printf_percent$$00000013)
    _printf_s                                0x080001db   Thumb Code     0  _printf_s.o(.ARM.Collect$$_printf_percent$$00000014)
    _printf_lc                               0x080001e1   Thumb Code     0  _printf_lc.o(.ARM.Collect$$_printf_percent$$00000015)
    _printf_ls                               0x080001e7   Thumb Code     0  _printf_ls.o(.ARM.Collect$$_printf_percent$$00000016)
    _printf_percent_end                      0x080001ed   Thumb Code     0  _printf_percent_end.o(.ARM.Collect$$_printf_percent$$00000017)
    __rt_lib_init                            0x080001f1   Thumb Code     0  libinit.o(.ARM.Collect$$libinit$$00000000)
    __rt_lib_init_fp_1                       0x080001f3   Thumb Code     0  libinit2.o(.ARM.Collect$$libinit$$00000002)
    __rt_lib_init_heap_1                     0x080001f3   Thumb Code     0  libinit2.o(.ARM.Collect$$libinit$$0000000A)
    __rt_lib_init_lc_common                  0x080001f3   Thumb Code     0  libinit2.o(.ARM.Collect$$libinit$$0000000F)
    __rt_lib_init_preinit_1                  0x080001f3   Thumb Code     0  libinit2.o(.ARM.Collect$$libinit$$00000004)
    __rt_lib_init_rand_1                     0x080001f3   Thumb Code     0  libinit2.o(.ARM.Collect$$libinit$$0000000E)
    __rt_lib_init_user_alloc_1               0x080001f3   Thumb Code     0  libinit2.o(.ARM.Collect$$libinit$$0000000C)
    __rt_lib_init_lc_collate_1               0x080001f9   Thumb Code     0  libinit2.o(.ARM.Collect$$libinit$$00000011)
    __rt_lib_init_lc_ctype_2                 0x080001f9   Thumb Code     0  libinit2.o(.ARM.Collect$$libinit$$00000012)
    __rt_lib_init_lc_ctype_1                 0x08000205   Thumb Code     0  libinit2.o(.ARM.Collect$$libinit$$00000013)
    __rt_lib_init_lc_monetary_1              0x08000205   Thumb Code     0  libinit2.o(.ARM.Collect$$libinit$$00000015)
    __rt_lib_init_lc_numeric_2               0x08000205   Thumb Code     0  libinit2.o(.ARM.Collect$$libinit$$00000016)
    __rt_lib_init_alloca_1                   0x0800020f   Thumb Code     0  libinit2.o(.ARM.Collect$$libinit$$0000002E)
    __rt_lib_init_argv_1                     0x0800020f   Thumb Code     0  libinit2.o(.ARM.Collect$$libinit$$0000002C)
    __rt_lib_init_atexit_1                   0x0800020f   Thumb Code     0  libinit2.o(.ARM.Collect$$libinit$$0000001B)
    __rt_lib_init_clock_1                    0x0800020f   Thumb Code     0  libinit2.o(.ARM.Collect$$libinit$$00000021)
    __rt_lib_init_cpp_1                      0x0800020f   Thumb Code     0  libinit2.o(.ARM.Collect$$libinit$$00000032)
    __rt_lib_init_exceptions_1               0x0800020f   Thumb Code     0  libinit2.o(.ARM.Collect$$libinit$$00000030)
    __rt_lib_init_fp_trap_1                  0x0800020f   Thumb Code     0  libinit2.o(.ARM.Collect$$libinit$$0000001F)
    __rt_lib_init_getenv_1                   0x0800020f   Thumb Code     0  libinit2.o(.ARM.Collect$$libinit$$00000023)
    __rt_lib_init_lc_numeric_1               0x0800020f   Thumb Code     0  libinit2.o(.ARM.Collect$$libinit$$00000017)
    __rt_lib_init_lc_time_1                  0x0800020f   Thumb Code     0  libinit2.o(.ARM.Collect$$libinit$$00000019)
    __rt_lib_init_return                     0x0800020f   Thumb Code     0  libinit2.o(.ARM.Collect$$libinit$$00000033)
    __rt_lib_init_signal_1                   0x0800020f   Thumb Code     0  libinit2.o(.ARM.Collect$$libinit$$0000001D)
    __rt_lib_init_stdio_1                    0x0800020f   Thumb Code     0  libinit2.o(.ARM.Collect$$libinit$$00000025)
    __rt_lib_shutdown                        0x08000211   Thumb Code     0  libshutdown.o(.ARM.Collect$$libshutdown$$00000000)
    __rt_lib_shutdown_cpp_1                  0x08000213   Thumb Code     0  libshutdown2.o(.ARM.Collect$$libshutdown$$00000002)
    __rt_lib_shutdown_fp_trap_1              0x08000213   Thumb Code     0  libshutdown2.o(.ARM.Collect$$libshutdown$$00000007)
    __rt_lib_shutdown_heap_1                 0x08000213   Thumb Code     0  libshutdown2.o(.ARM.Collect$$libshutdown$$0000000F)
    __rt_lib_shutdown_return                 0x08000213   Thumb Code     0  libshutdown2.o(.ARM.Collect$$libshutdown$$00000010)
    __rt_lib_shutdown_signal_1               0x08000213   Thumb Code     0  libshutdown2.o(.ARM.Collect$$libshutdown$$0000000A)
    __rt_lib_shutdown_stdio_1                0x08000213   Thumb Code     0  libshutdown2.o(.ARM.Collect$$libshutdown$$00000004)
    __rt_lib_shutdown_user_alloc_1           0x08000213   Thumb Code     0  libshutdown2.o(.ARM.Collect$$libshutdown$$0000000C)
    __rt_entry                               0x08000215   Thumb Code     0  __rtentry.o(.ARM.Collect$$rtentry$$00000000)
    __rt_entry_presh_1                       0x08000215   Thumb Code     0  __rtentry2.o(.ARM.Collect$$rtentry$$00000002)
    __rt_entry_sh                            0x08000215   Thumb Code     0  __rtentry4.o(.ARM.Collect$$rtentry$$00000004)
    __rt_entry_li                            0x0800021b   Thumb Code     0  __rtentry2.o(.ARM.Collect$$rtentry$$0000000A)
    __rt_entry_postsh_1                      0x0800021b   Thumb Code     0  __rtentry2.o(.ARM.Collect$$rtentry$$00000009)
    __rt_entry_main                          0x0800021f   Thumb Code     0  __rtentry2.o(.ARM.Collect$$rtentry$$0000000D)
    __rt_entry_postli_1                      0x0800021f   Thumb Code     0  __rtentry2.o(.ARM.Collect$$rtentry$$0000000C)
    __rt_exit                                0x08000227   Thumb Code     0  rtexit.o(.ARM.Collect$$rtexit$$00000000)
    __rt_exit_ls                             0x08000229   Thumb Code     0  rtexit2.o(.ARM.Collect$$rtexit$$00000003)
    __rt_exit_prels_1                        0x08000229   Thumb Code     0  rtexit2.o(.ARM.Collect$$rtexit$$00000002)
    __rt_exit_exit                           0x0800022d   Thumb Code     0  rtexit2.o(.ARM.Collect$$rtexit$$00000004)
    Reset_Handler                            0x08000235   Thumb Code     8  startup_stm32f103xb.o(.text)
    SVC_Handler                              0x08000247   Thumb Code     2  startup_stm32f103xb.o(.text)
    PendSV_Handler                           0x0800024b   Thumb Code     2  startup_stm32f103xb.o(.text)
    ADC1_2_IRQHandler                        0x0800024f   Thumb Code     0  startup_stm32f103xb.o(.text)
    CAN1_RX1_IRQHandler                      0x0800024f   Thumb Code     0  startup_stm32f103xb.o(.text)
    CAN1_SCE_IRQHandler                      0x0800024f   Thumb Code     0  startup_stm32f103xb.o(.text)
    DMA1_Channel1_IRQHandler                 0x0800024f   Thumb Code     0  startup_stm32f103xb.o(.text)
    DMA1_Channel2_IRQHandler                 0x0800024f   Thumb Code     0  startup_stm32f103xb.o(.text)
    DMA1_Channel3_IRQHandler                 0x0800024f   Thumb Code     0  startup_stm32f103xb.o(.text)
    DMA1_Channel4_IRQHandler                 0x0800024f   Thumb Code     0  startup_stm32f103xb.o(.text)
    DMA1_Channel5_IRQHandler                 0x0800024f   Thumb Code     0  startup_stm32f103xb.o(.text)
    DMA1_Channel6_IRQHandler                 0x0800024f   Thumb Code     0  startup_stm32f103xb.o(.text)
    DMA1_Channel7_IRQHandler                 0x0800024f   Thumb Code     0  startup_stm32f103xb.o(.text)
    EXTI0_IRQHandler                         0x0800024f   Thumb Code     0  startup_stm32f103xb.o(.text)
    EXTI15_10_IRQHandler                     0x0800024f   Thumb Code     0  startup_stm32f103xb.o(.text)
    EXTI1_IRQHandler                         0x0800024f   Thumb Code     0  startup_stm32f103xb.o(.text)
    EXTI2_IRQHandler                         0x0800024f   Thumb Code     0  startup_stm32f103xb.o(.text)
    EXTI3_IRQHandler                         0x0800024f   Thumb Code     0  startup_stm32f103xb.o(.text)
    EXTI4_IRQHandler                         0x0800024f   Thumb Code     0  startup_stm32f103xb.o(.text)
    EXTI9_5_IRQHandler                       0x0800024f   Thumb Code     0  startup_stm32f103xb.o(.text)
    FLASH_IRQHandler                         0x0800024f   Thumb Code     0  startup_stm32f103xb.o(.text)
    I2C1_ER_IRQHandler                       0x0800024f   Thumb Code     0  startup_stm32f103xb.o(.text)
    I2C1_EV_IRQHandler                       0x0800024f   Thumb Code     0  startup_stm32f103xb.o(.text)
    I2C2_ER_IRQHandler                       0x0800024f   Thumb Code     0  startup_stm32f103xb.o(.text)
    I2C2_EV_IRQHandler                       0x0800024f   Thumb Code     0  startup_stm32f103xb.o(.text)
    PVD_IRQHandler                           0x0800024f   Thumb Code     0  startup_stm32f103xb.o(.text)
    RCC_IRQHandler                           0x0800024f   Thumb Code     0  startup_stm32f103xb.o(.text)
    RTC_Alarm_IRQHandler                     0x0800024f   Thumb Code     0  startup_stm32f103xb.o(.text)
    RTC_IRQHandler                           0x0800024f   Thumb Code     0  startup_stm32f103xb.o(.text)
    SPI1_IRQHandler                          0x0800024f   Thumb Code     0  startup_stm32f103xb.o(.text)
    SPI2_IRQHandler                          0x0800024f   Thumb Code     0  startup_stm32f103xb.o(.text)
    TAMPER_IRQHandler                        0x0800024f   Thumb Code     0  startup_stm32f103xb.o(.text)
    TIM1_BRK_IRQHandler                      0x0800024f   Thumb Code     0  startup_stm32f103xb.o(.text)
    TIM1_CC_IRQHandler                       0x0800024f   Thumb Code     0  startup_stm32f103xb.o(.text)
    TIM1_TRG_COM_IRQHandler                  0x0800024f   Thumb Code     0  startup_stm32f103xb.o(.text)
    TIM1_UP_IRQHandler                       0x0800024f   Thumb Code     0  startup_stm32f103xb.o(.text)
    TIM4_IRQHandler                          0x0800024f   Thumb Code     0  startup_stm32f103xb.o(.text)
    USART3_IRQHandler                        0x0800024f   Thumb Code     0  startup_stm32f103xb.o(.text)
    USBWakeUp_IRQHandler                     0x0800024f   Thumb Code     0  startup_stm32f103xb.o(.text)
    USB_HP_CAN1_TX_IRQHandler                0x0800024f   Thumb Code     0  startup_stm32f103xb.o(.text)
    USB_LP_CAN1_RX0_IRQHandler               0x0800024f   Thumb Code     0  startup_stm32f103xb.o(.text)
    WWDG_IRQHandler                          0x0800024f   Thumb Code     0  startup_stm32f103xb.o(.text)
    __user_initial_stackheap                 0x08000251   Thumb Code     0  startup_stm32f103xb.o(.text)
    vsprintf                                 0x08000275   Thumb Code    32  vsprintf.o(.text)
    __2sprintf                               0x08000299   Thumb Code    38  __2sprintf.o(.text)
    _printf_pre_padding                      0x080002c5   Thumb Code    44  _printf_pad.o(.text)
    _printf_post_padding                     0x080002f1   Thumb Code    34  _printf_pad.o(.text)
    _printf_str                              0x08000313   Thumb Code    82  _printf_str.o(.text)
    _printf_longlong_hex                     0x08000365   Thumb Code    86  _printf_hex_int_ll_ptr.o(.text)
    _printf_int_hex                          0x080003bb   Thumb Code    28  _printf_hex_int_ll_ptr.o(.text)
    _printf_ll_hex                           0x080003d7   Thumb Code    12  _printf_hex_int_ll_ptr.o(.text)
    _printf_hex_ptr                          0x080003e3   Thumb Code    18  _printf_hex_int_ll_ptr.o(.text)
    __printf                                 0x080003f9   Thumb Code   388  __printf_flags_ss_wp.o(.text)
    atoi                                     0x08000581   Thumb Code    26  atoi.o(.text)
    strlen                                   0x0800059b   Thumb Code    62  strlen.o(.text)
    __aeabi_memcpy                           0x080005d9   Thumb Code     0  rt_memcpy_v6.o(.text)
    __rt_memcpy                              0x080005d9   Thumb Code   138  rt_memcpy_v6.o(.text)
    _memcpy_lastbytes                        0x0800063f   Thumb Code     0  rt_memcpy_v6.o(.text)
    __aeabi_memmove                          0x08000663   Thumb Code     0  rt_memmove_v6.o(.text)
    __rt_memmove                             0x08000663   Thumb Code   132  rt_memmove_v6.o(.text)
    __memmove_lastfew                        0x080006c3   Thumb Code     0  rt_memmove_v6.o(.text)
    __aeabi_memmove4                         0x080006e7   Thumb Code     0  rt_memmove_w.o(.text)
    __aeabi_memmove8                         0x080006e7   Thumb Code     0  rt_memmove_w.o(.text)
    __rt_memmove_w                           0x080006e7   Thumb Code   122  rt_memmove_w.o(.text)
    __memmove_aligned                        0x0800070d   Thumb Code     0  rt_memmove_w.o(.text)
    __memmove_lastfew_aligned                0x08000745   Thumb Code     0  rt_memmove_w.o(.text)
    __aeabi_memclr4                          0x08000761   Thumb Code     0  rt_memclr_w.o(.text)
    __aeabi_memclr8                          0x08000761   Thumb Code     0  rt_memclr_w.o(.text)
    __rt_memclr_w                            0x08000761   Thumb Code    78  rt_memclr_w.o(.text)
    _memset_w                                0x08000765   Thumb Code     0  rt_memclr_w.o(.text)
    strncpy                                  0x080007af   Thumb Code    86  strncpy.o(.text)
    strcmp                                   0x08000805   Thumb Code   128  strcmpv7m.o(.text)
    __use_two_region_memory                  0x08000885   Thumb Code     2  heapauxi.o(.text)
    __rt_heap_escrow$2region                 0x08000887   Thumb Code     2  heapauxi.o(.text)
    __rt_heap_expand$2region                 0x08000889   Thumb Code     2  heapauxi.o(.text)
    __aeabi_errno_addr                       0x0800088d   Thumb Code     8  rt_errno_addr_intlibspace.o(.text)
    __errno$intlibspace                      0x0800088d   Thumb Code     0  rt_errno_addr_intlibspace.o(.text)
    __rt_errno_addr$intlibspace              0x0800088d   Thumb Code     0  rt_errno_addr_intlibspace.o(.text)
    _printf_truncate_signed                  0x08000895   Thumb Code    18  _printf_truncate.o(.text)
    _printf_truncate_unsigned                0x080008a7   Thumb Code    18  _printf_truncate.o(.text)
    _printf_int_common                       0x080008b9   Thumb Code   178  _printf_intcommon.o(.text)
    _printf_int_dec                          0x0800096d   Thumb Code   104  _printf_dec.o(.text)
    _printf_charcount                        0x080009e5   Thumb Code    40  _printf_charcount.o(.text)
    _printf_char_common                      0x08000a17   Thumb Code    32  _printf_char_common.o(.text)
    _sputc                                   0x08000a3d   Thumb Code    10  _sputc.o(.text)
    _printf_cs_common                        0x08000a47   Thumb Code    20  _printf_char.o(.text)
    _printf_char                             0x08000a5b   Thumb Code    16  _printf_char.o(.text)
    _printf_string                           0x08000a6b   Thumb Code     8  _printf_char.o(.text)
    _printf_wctomb                           0x08000a75   Thumb Code   182  _printf_wctomb.o(.text)
    _printf_longlong_dec                     0x08000b31   Thumb Code   108  _printf_longlong_dec.o(.text)
    _printf_longlong_oct                     0x08000bad   Thumb Code    68  _printf_oct_int_ll.o(.text)
    _printf_int_oct                          0x08000bf1   Thumb Code    24  _printf_oct_int_ll.o(.text)
    _printf_ll_oct                           0x08000c09   Thumb Code    12  _printf_oct_int_ll.o(.text)
    strtol                                   0x08000c1d   Thumb Code   112  strtol.o(.text)
    __aeabi_memcpy4                          0x08000c8d   Thumb Code     0  rt_memcpy_w.o(.text)
    __aeabi_memcpy8                          0x08000c8d   Thumb Code     0  rt_memcpy_w.o(.text)
    __rt_memcpy_w                            0x08000c8d   Thumb Code   100  rt_memcpy_w.o(.text)
    _memcpy_lastbytes_aligned                0x08000cd5   Thumb Code     0  rt_memcpy_w.o(.text)
    __aeabi_memclr                           0x08000cf1   Thumb Code     0  rt_memclr.o(.text)
    __rt_memclr                              0x08000cf1   Thumb Code    68  rt_memclr.o(.text)
    _memset                                  0x08000cf5   Thumb Code     0  rt_memclr.o(.text)
    __user_libspace                          0x08000d35   Thumb Code     8  libspace.o(.text)
    __user_perproc_libspace                  0x08000d35   Thumb Code     0  libspace.o(.text)
    __user_perthread_libspace                0x08000d35   Thumb Code     0  libspace.o(.text)
    __rt_ctype_table                         0x08000d3d   Thumb Code    16  rt_ctype_table.o(.text)
    _ll_udiv10                               0x08000d4d   Thumb Code   138  lludiv10.o(.text)
    __lib_sel_fp_printf                      0x08000dd7   Thumb Code     2  _printf_fp_dec.o(.text)
    _printf_fp_dec_real                      0x08000f85   Thumb Code   620  _printf_fp_dec.o(.text)
    _printf_fp_hex_real                      0x080011f1   Thumb Code   754  _printf_fp_hex.o(.text)
    _printf_lcs_common                       0x080014ed   Thumb Code    20  _printf_wchar.o(.text)
    _printf_wchar                            0x08001501   Thumb Code    16  _printf_wchar.o(.text)
    _printf_wstring                          0x08001511   Thumb Code     8  _printf_wchar.o(.text)
    _strtoul                                 0x08001519   Thumb Code   158  _strtoul.o(.text)
    _wcrtomb                                 0x080015b7   Thumb Code    64  _wcrtomb.o(.text)
    __user_setup_stackheap                   0x080015f7   Thumb Code    74  sys_stackheap_outer.o(.text)
    __rt_locale                              0x08001641   Thumb Code     8  rt_locale_intlibspace.o(.text)
    _printf_fp_infnan                        0x08001649   Thumb Code   112  _printf_fp_infnan.o(.text)
    _chval                                   0x080016c9   Thumb Code    28  _chval.o(.text)
    _btod_etento                             0x080016e5   Thumb Code   216  bigflt0.o(.text)
    exit                                     0x080017c1   Thumb Code    18  exit.o(.text)
    _sys_exit                                0x080017d5   Thumb Code     8  sys_exit.o(.text)
    __I$use$semihosting                      0x080017e1   Thumb Code     0  use_no_semi.o(.text)
    __use_no_semihosting_swi                 0x080017e1   Thumb Code     2  use_no_semi.o(.text)
    __semihosting_library_function           0x080017e3   Thumb Code     0  indicate_semi.o(.text)
    _btod_d2e                                0x080017e3   Thumb Code    62  btod.o(CL$$btod_d2e)
    _d2e_denorm_low                          0x08001821   Thumb Code    70  btod.o(CL$$btod_d2e_denorm_low)
    _d2e_norm_op1                            0x08001867   Thumb Code    96  btod.o(CL$$btod_d2e_norm_op1)
    __btod_div_common                        0x080018c7   Thumb Code   696  btod.o(CL$$btod_div_common)
    _e2e                                     0x08001bff   Thumb Code   198  btod.o(CL$$btod_e2e)
    _btod_ediv                               0x08001cc5   Thumb Code    40  btod.o(CL$$btod_ediv)
    _btod_emul                               0x08001ced   Thumb Code    40  btod.o(CL$$btod_emul)
    __btod_mult_common                       0x08001d15   Thumb Code   580  btod.o(CL$$btod_mult_common)
    BoardGetConsoleUart                      0x08001f59   Thumb Code     6  board.o(i.BoardGetConsoleUart)
    BoardGetGpio                             0x08001f65   Thumb Code    18  board.o(i.BoardGetGpio)
    BoardGetHostUart                         0x08001f7d   Thumb Code     6  board.o(i.BoardGetHostUart)
    BoardGetSpiExt                           0x08001f89   Thumb Code     6  board.o(i.BoardGetSpiExt)
    BoardInit                                0x08001fcd   Thumb Code    52  board.o(i.BoardInit)
    BufferAppend                             0x08002005   Thumb Code   166  buffer.o(i.BufferAppend)
    BufferAppendByte                         0x080020ab   Thumb Code    48  buffer.o(i.BufferAppendByte)
    BufferCreate                             0x080020db   Thumb Code    36  buffer.o(i.BufferCreate)
    BufferIsFull                             0x080020ff   Thumb Code    38  buffer.o(i.BufferIsFull)
    BufferLength                             0x08002125   Thumb Code    34  buffer.o(i.BufferLength)
    BufferPeek                               0x08002147   Thumb Code   132  buffer.o(i.BufferPeek)
    BufferPop                                0x080021cb   Thumb Code    52  buffer.o(i.BufferPop)
    BufferSize                               0x080021ff   Thumb Code    12  buffer.o(i.BufferSize)
    BusFault_Handler                         0x0800220b   Thumb Code     4  interrupts.o(i.BusFault_Handler)
    ConsoleInit                              0x080022a1   Thumb Code    80  console.o(i.ConsoleInit)
    ConsoleProcess                           0x080023a1   Thumb Code    66  console.o(i.ConsoleProcess)
    ConsoleRegister                          0x080023ed   Thumb Code   100  console.o(i.ConsoleRegister)
    DebugError                               0x080024f1   Thumb Code    94  console.o(i.DebugError)
    DebugHex                                 0x08002565   Thumb Code    80  console.o(i.DebugHex)
    DebugHexColor                            0x080025c9   Thumb Code    80  console.o(i.DebugHexColor)
    DebugLog                                 0x0800262d   Thumb Code    52  console.o(i.DebugLog)
    DebugMon_Handler                         0x08002665   Thumb Code     4  interrupts.o(i.DebugMon_Handler)
    DebugRegister                            0x08002669   Thumb Code    74  console.o(i.DebugRegister)
    DebugWarning                             0x080026e1   Thumb Code    94  console.o(i.DebugWarning)
    GpioInit                                 0x0800293d   Thumb Code    48  gpio.o(i.GpioInit)
    GpioSet                                  0x0800296d   Thumb Code    38  gpio.o(i.GpioSet)
    HAL_DMA_Abort_IT                         0x08002995   Thumb Code   172  stm32f1xx_hal_dma.o(i.HAL_DMA_Abort_IT)
    HAL_GPIO_Init                            0x08002a45   Thumb Code   764  stm32f1xx_hal_gpio.o(i.HAL_GPIO_Init)
    HAL_GPIO_WritePin                        0x08002d61   Thumb Code    12  stm32f1xx_hal_gpio.o(i.HAL_GPIO_WritePin)
    HAL_GetTick                              0x08002d6d   Thumb Code     6  stm32f1xx_hal.o(i.HAL_GetTick)
    HAL_IncTick                              0x08002d79   Thumb Code    12  stm32f1xx_hal.o(i.HAL_IncTick)
    HAL_Init                                 0x08002d89   Thumb Code    34  stm32f1xx_hal.o(i.HAL_Init)
    HAL_InitTick                             0x08002db1   Thumb Code    36  stm32f1xx_hal.o(i.HAL_InitTick)
    HAL_MspInit                              0x08002dd9   Thumb Code     2  stm32f1xx_hal.o(i.HAL_MspInit)
    HAL_NVIC_EnableIRQ                       0x08002ddb   Thumb Code    26  stm32f1xx_hal_cortex.o(i.HAL_NVIC_EnableIRQ)
    HAL_NVIC_SetPriority                     0x08002df5   Thumb Code   124  stm32f1xx_hal_cortex.o(i.HAL_NVIC_SetPriority)
    HAL_NVIC_SetPriorityGrouping             0x08002e71   Thumb Code    32  stm32f1xx_hal_cortex.o(i.HAL_NVIC_SetPriorityGrouping)
    HAL_RCC_ClockConfig                      0x08002e99   Thumb Code   402  stm32f1xx_hal_rcc.o(i.HAL_RCC_ClockConfig)
    HAL_RCC_GetHCLKFreq                      0x0800303d   Thumb Code     6  stm32f1xx_hal_rcc.o(i.HAL_RCC_GetHCLKFreq)
    HAL_RCC_GetPCLK1Freq                     0x08003049   Thumb Code    22  stm32f1xx_hal_rcc.o(i.HAL_RCC_GetPCLK1Freq)
    HAL_RCC_GetPCLK2Freq                     0x08003069   Thumb Code    22  stm32f1xx_hal_rcc.o(i.HAL_RCC_GetPCLK2Freq)
    HAL_RCC_GetSysClockFreq                  0x08003089   Thumb Code   118  stm32f1xx_hal_rcc.o(i.HAL_RCC_GetSysClockFreq)
    HAL_RCC_OscConfig                        0x08003125   Thumb Code  1078  stm32f1xx_hal_rcc.o(i.HAL_RCC_OscConfig)
    HAL_SPI_Init                             0x08003565   Thumb Code   154  stm32f1xx_hal_spi.o(i.HAL_SPI_Init)
    HAL_SPI_MspInit                          0x080035ff   Thumb Code     2  stm32f1xx_hal_spi.o(i.HAL_SPI_MspInit)
    HAL_SPI_TransmitReceive                  0x08003601   Thumb Code   756  stm32f1xx_hal_spi.o(i.HAL_SPI_TransmitReceive)
    HAL_SYSTICK_CLKSourceConfig              0x080038f5   Thumb Code    40  stm32f1xx_hal_cortex.o(i.HAL_SYSTICK_CLKSourceConfig)
    HAL_SYSTICK_Callback                     0x0800391d   Thumb Code     2  stm32f1xx_hal_cortex.o(i.HAL_SYSTICK_Callback)
    HAL_SYSTICK_Config                       0x0800391f   Thumb Code    52  stm32f1xx_hal_cortex.o(i.HAL_SYSTICK_Config)
    HAL_SYSTICK_IRQHandler                   0x08003953   Thumb Code     8  stm32f1xx_hal_cortex.o(i.HAL_SYSTICK_IRQHandler)
    HAL_TIMEx_BreakCallback                  0x0800395b   Thumb Code     2  stm32f1xx_hal_tim_ex.o(i.HAL_TIMEx_BreakCallback)
    HAL_TIMEx_CommutationCallback            0x0800395d   Thumb Code     2  stm32f1xx_hal_tim_ex.o(i.HAL_TIMEx_CommutationCallback)
    HAL_TIM_Base_Init                        0x0800395f   Thumb Code    52  stm32f1xx_hal_tim.o(i.HAL_TIM_Base_Init)
    HAL_TIM_Base_MspInit                     0x08003993   Thumb Code     2  stm32f1xx_hal_tim.o(i.HAL_TIM_Base_MspInit)
    HAL_TIM_Base_Start_IT                    0x08003995   Thumb Code    30  stm32f1xx_hal_tim.o(i.HAL_TIM_Base_Start_IT)
    HAL_TIM_Base_Stop_IT                     0x080039b3   Thumb Code    56  stm32f1xx_hal_tim.o(i.HAL_TIM_Base_Stop_IT)
    HAL_TIM_ConfigClockSource                0x080039eb   Thumb Code   306  stm32f1xx_hal_tim.o(i.HAL_TIM_ConfigClockSource)
    HAL_TIM_IC_CaptureCallback               0x08003b1d   Thumb Code     2  stm32f1xx_hal_tim.o(i.HAL_TIM_IC_CaptureCallback)
    HAL_TIM_IRQHandler                       0x08003b1f   Thumb Code   406  stm32f1xx_hal_tim.o(i.HAL_TIM_IRQHandler)
    HAL_TIM_OC_DelayElapsedCallback          0x08003cb5   Thumb Code     2  stm32f1xx_hal_tim.o(i.HAL_TIM_OC_DelayElapsedCallback)
    HAL_TIM_PWM_ConfigChannel                0x08003cb7   Thumb Code   264  stm32f1xx_hal_tim.o(i.HAL_TIM_PWM_ConfigChannel)
    HAL_TIM_PWM_PulseFinishedCallback        0x08003dbf   Thumb Code     2  stm32f1xx_hal_tim.o(i.HAL_TIM_PWM_PulseFinishedCallback)
    HAL_TIM_PWM_Start                        0x08003dc1   Thumb Code    60  stm32f1xx_hal_tim.o(i.HAL_TIM_PWM_Start)
    HAL_TIM_PWM_Stop                         0x08003e01   Thumb Code   118  stm32f1xx_hal_tim.o(i.HAL_TIM_PWM_Stop)
    HAL_TIM_PeriodElapsedCallback            0x08003e7d   Thumb Code     2  stm32f1xx_hal_tim.o(i.HAL_TIM_PeriodElapsedCallback)
    HAL_TIM_TriggerCallback                  0x08003e7f   Thumb Code     2  stm32f1xx_hal_tim.o(i.HAL_TIM_TriggerCallback)
    HAL_UART_ErrorCallback                   0x08003e81   Thumb Code     2  stm32f1xx_hal_uart.o(i.HAL_UART_ErrorCallback)
    HAL_UART_GetState                        0x08003e83   Thumb Code    20  stm32f1xx_hal_uart.o(i.HAL_UART_GetState)
    HAL_UART_IRQHandler                      0x08003e99   Thumb Code   326  stm32f1xx_hal_uart.o(i.HAL_UART_IRQHandler)
    HAL_UART_Init                            0x08003fe5   Thumb Code   114  stm32f1xx_hal_uart.o(i.HAL_UART_Init)
    HAL_UART_MspInit                         0x08004057   Thumb Code     2  stm32f1xx_hal_uart.o(i.HAL_UART_MspInit)
    HAL_UART_Receive_IT                      0x08004059   Thumb Code   112  stm32f1xx_hal_uart.o(i.HAL_UART_Receive_IT)
    HAL_UART_RxCpltCallback                  0x080040c9   Thumb Code   110  uart.o(i.HAL_UART_RxCpltCallback)
    HAL_UART_Transmit_IT                     0x0800413d   Thumb Code    88  stm32f1xx_hal_uart.o(i.HAL_UART_Transmit_IT)
    HAL_UART_TxCpltCallback                  0x08004195   Thumb Code     2  stm32f1xx_hal_uart.o(i.HAL_UART_TxCpltCallback)
    HardFault_Handler                        0x08004197   Thumb Code     4  interrupts.o(i.HardFault_Handler)
    HeatInit                                 0x0800419d   Thumb Code   212  heat.o(i.HeatInit)
    HostAck                                  0x08004495   Thumb Code   136  host.o(i.HostAck)
    HostGetConsoleTag                        0x080046c1   Thumb Code     6  host.o(i.HostGetConsoleTag)
    HostHeatInit                             0x080046cd   Thumb Code    22  hostheat.o(i.HostHeatInit)
    HostInit                                 0x080047bd   Thumb Code    74  host.o(i.HostInit)
    HostParserRegister                       0x08004829   Thumb Code    78  host.o(i.HostParserRegister)
    HostProcess                              0x080048c9   Thumb Code   120  host.o(i.HostProcess)
    HostResponse                             0x08004959   Thumb Code   160  host.o(i.HostResponse)
    LED1Set                                  0x08004a49   Thumb Code    22  led.o(i.LED1Set)
    LED2Set                                  0x08004a5f   Thumb Code    22  led.o(i.LED2Set)
    MemManage_Handler                        0x08004a75   Thumb Code     4  interrupts.o(i.MemManage_Handler)
    MessageGet                               0x08004a79   Thumb Code    66  message.o(i.MessageGet)
    MessagePost                              0x08004b6d   Thumb Code    88  message.o(i.MessagePost)
    MessageQueueInit                         0x08004bc9   Thumb Code    38  message.o(i.MessageQueueInit)
    MessageQueueProcess                      0x08004c09   Thumb Code    30  message.o(i.MessageQueueProcess)
    MessageRegisterHandler                   0x08004c2d   Thumb Code    32  message.o(i.MessageRegisterHandler)
    NMI_Handler                              0x08004d65   Thumb Code     4  interrupts.o(i.NMI_Handler)
    PIDCalc                                  0x08004da1   Thumb Code   502  algorithmpid.o(i.PIDCalc)
    PIDInit                                  0x08004fa9   Thumb Code    14  algorithmpid.o(i.PIDInit)
    PwmInit                                  0x08004fb9   Thumb Code   150  pwm.o(i.PwmInit)
    PwmSetDutyRatio                          0x08005061   Thumb Code    42  pwm.o(i.PwmSetDutyRatio)
    PwmStart                                 0x08005091   Thumb Code    12  pwm.o(i.PwmStart)
    PwmStop                                  0x080050a1   Thumb Code    12  pwm.o(i.PwmStop)
    SPI_ISCRCErrorValid                      0x080051b9   Thumb Code     6  stm32f1xx_hal_spi.o(i.SPI_ISCRCErrorValid)
    SetPwmDutyRatio                          0x08005365   Thumb Code    44  heat.o(i.SetPwmDutyRatio)
    SpiDisableCS                             0x08005395   Thumb Code    18  spiheat.o(i.SpiDisableCS)
    SpiEnableCS                              0x080053a7   Thumb Code    18  spiheat.o(i.SpiEnableCS)
    SpiGetObject                             0x080053b9   Thumb Code    78  spiheat.o(i.SpiGetObject)
    SpiInit                                  0x0800540d   Thumb Code   446  spiheat.o(i.SpiInit)
    SpiSendRecv                              0x080055e1   Thumb Code    76  spiheat.o(i.SpiSendRecv)
    SysTick_Handler                          0x0800562d   Thumb Code    12  interrupts.o(i.SysTick_Handler)
    SystemInit                               0x08005639   Thumb Code    70  system_stm32f1xx.o(i.SystemInit)
    TIM2_IRQHandler                          0x08005691   Thumb Code    70  timer.o(i.TIM2_IRQHandler)
    TIM3_IRQHandler                          0x080056e1   Thumb Code    70  timer.o(i.TIM3_IRQHandler)
    TIM_Base_SetConfig                       0x08005731   Thumb Code   102  stm32f1xx_hal_tim.o(i.TIM_Base_SetConfig)
    TIM_CCxChannelCmd                        0x080057a5   Thumb Code    28  stm32f1xx_hal_tim.o(i.TIM_CCxChannelCmd)
    TIM_OC2_SetConfig                        0x08005851   Thumb Code   106  stm32f1xx_hal_tim.o(i.TIM_OC2_SetConfig)
    TLCInit                                  0x080059d5   Thumb Code    36  tlc2543.o(i.TLCInit)
    TempSampleRead                           0x080059fd   Thumb Code   108  tlc2543.o(i.TempSampleRead)
    TempSampleRead_mid                       0x08005a71   Thumb Code   176  tlc2543.o(i.TempSampleRead_mid)
    TimerInit                                0x08005b25   Thumb Code    12  timer.o(i.TimerInit)
    TimerStart                               0x08005b49   Thumb Code    28  timer.o(i.TimerStart)
    TimerStart2                              0x08005b69   Thumb Code    28  timer.o(i.TimerStart2)
    TimerStartMs                             0x08005b89   Thumb Code   114  timer.o(i.TimerStartMs)
    TimerStartMs2                            0x08005c09   Thumb Code   114  timer.o(i.TimerStartMs2)
    TimerStop                                0x08005c85   Thumb Code    22  timer.o(i.TimerStop)
    USART1_IRQHandler                        0x08006005   Thumb Code    10  uart.o(i.USART1_IRQHandler)
    USART2_IRQHandler                        0x08006015   Thumb Code    10  uart.o(i.USART2_IRQHandler)
    UartGetObject                            0x08006025   Thumb Code    74  uart.o(i.UartGetObject)
    UartInit                                 0x08006075   Thumb Code   380  uart.o(i.UartInit)
    UartSend                                 0x08006201   Thumb Code   112  uart.o(i.UartSend)
    UsageFault_Handler                       0x08006271   Thumb Code     4  interrupts.o(i.UsageFault_Handler)
    _TempSampleRead                          0x08006275   Thumb Code    78  tlc2543.o(i._TempSampleRead)
    __ARM_fpclassify                         0x080062d5   Thumb Code    40  fpclassify.o(i.__ARM_fpclassify)
    _is_digit                                0x080062fd   Thumb Code    14  __printf_wp.o(i._is_digit)
    main                                     0x08006329   Thumb Code    70  main.o(i.main)
    _get_lc_ctype                            0x0800639d   Thumb Code    44  lc_ctype_c.o(locale$$code)
    _get_lc_numeric                          0x080063c9   Thumb Code    44  lc_numeric_c.o(locale$$code)
    __aeabi_dadd                             0x080063f5   Thumb Code     0  daddsub_clz.o(x$fpl$dadd)
    _dadd                                    0x080063f5   Thumb Code   332  daddsub_clz.o(x$fpl$dadd)
    __fpl_dcmp_Inf                           0x08006545   Thumb Code    24  dcmpi.o(x$fpl$dcmpinf)
    __aeabi_ddiv                             0x0800655d   Thumb Code     0  ddiv.o(x$fpl$ddiv)
    _ddiv                                    0x0800655d   Thumb Code   552  ddiv.o(x$fpl$ddiv)
    __aeabi_cdcmpeq                          0x0800680d   Thumb Code     0  deqf.o(x$fpl$deqf)
    _dcmpeq                                  0x0800680d   Thumb Code   120  deqf.o(x$fpl$deqf)
    __aeabi_d2iz                             0x08006885   Thumb Code     0  dfix.o(x$fpl$dfix)
    _dfix                                    0x08006885   Thumb Code    94  dfix.o(x$fpl$dfix)
    __aeabi_d2uiz                            0x080068e5   Thumb Code     0  dfixu.o(x$fpl$dfixu)
    _dfixu                                   0x080068e5   Thumb Code    90  dfixu.o(x$fpl$dfixu)
    __aeabi_i2d                              0x0800693f   Thumb Code     0  dflt_clz.o(x$fpl$dflt)
    _dflt                                    0x0800693f   Thumb Code    46  dflt_clz.o(x$fpl$dflt)
    __aeabi_ui2d                             0x0800696d   Thumb Code     0  dflt_clz.o(x$fpl$dfltu)
    _dfltu                                   0x0800696d   Thumb Code    38  dflt_clz.o(x$fpl$dfltu)
    __aeabi_cdcmple                          0x08006995   Thumb Code     0  dleqf.o(x$fpl$dleqf)
    _dcmple                                  0x08006995   Thumb Code   120  dleqf.o(x$fpl$dleqf)
    __fpl_dcmple_InfNaN                      0x080069f7   Thumb Code     0  dleqf.o(x$fpl$dleqf)
    __aeabi_dmul                             0x08006a0d   Thumb Code     0  dmul.o(x$fpl$dmul)
    _dmul                                    0x08006a0d   Thumb Code   332  dmul.o(x$fpl$dmul)
    __fpl_dnaninf                            0x08006b61   Thumb Code   156  dnaninf.o(x$fpl$dnaninf)
    __fpl_dretinf                            0x08006bfd   Thumb Code    12  dretinf.o(x$fpl$dretinf)
    __aeabi_cdrcmple                         0x08006c09   Thumb Code     0  drleqf.o(x$fpl$drleqf)
    _drcmple                                 0x08006c09   Thumb Code   108  drleqf.o(x$fpl$drleqf)
    __aeabi_dsub                             0x08006c75   Thumb Code     0  daddsub_clz.o(x$fpl$dsub)
    _dsub                                    0x08006c75   Thumb Code   464  daddsub_clz.o(x$fpl$dsub)
    _printf_fp_dec                           0x08006e49   Thumb Code     4  printf1.o(x$fpl$printf1)
    _printf_fp_hex                           0x08006e4d   Thumb Code     4  printf2.o(x$fpl$printf2)
    AHBPrescTable                            0x08006e50   Data          16  system_stm32f1xx.o(.constdata)
    __I$use$fp                               0x08006e50   Number         0  usenofp.o(x$fpl$usenofp)
    APBPrescTable                            0x08006e60   Data           8  system_stm32f1xx.o(.constdata)
    Region$$Table$$Base                      0x08007040   Number         0  anon$$obj.o(Region$$Table)
    Region$$Table$$Limit                     0x08007060   Number         0  anon$$obj.o(Region$$Table)
    __ctype                                  0x0800706d   Data           0  lc_ctype_c.o(locale$$data)
    SystemCoreClock                          0x20000000   Data           4  system_stm32f1xx.o(.data)
    uwTick                                   0x20000004   Data           4  stm32f1xx_hal.o(.data)
    tempRem                                  0x20000928   Data          80  tlc2543.o(.bss)
    __libspace_start                         0x20000978   Data          96  libspace.o(.bss)
    __temporary_stack_top$libspace           0x200009d8   Data           0  libspace.o(.bss)



==============================================================================

Memory Map of the image

  Image Entry point : 0x080000ed

  Load Region LR_IROM1 (Base: 0x08000000, Size: 0x000071a0, Max: 0x00020000, ABSOLUTE)

    Execution Region ER_IROM1 (Base: 0x08000000, Size: 0x0000718c, Max: 0x00020000, ABSOLUTE)

    Base Addr    Size         Type   Attr      Idx    E Section Name        Object

    0x08000000   0x000000ec   Data   RO          204    RESET               startup_stm32f103xb.o
    0x080000ec   0x00000008   Code   RO         3579  * !!!main             c_w.l(__main.o)
    0x080000f4   0x00000034   Code   RO         3901    !!!scatter          c_w.l(__scatter.o)
    0x08000128   0x0000001a   Code   RO         3903    !!handler_copy      c_w.l(__scatter_copy.o)
    0x08000142   0x00000002   PAD
    0x08000144   0x0000001c   Code   RO         3905    !!handler_zi        c_w.l(__scatter_zi.o)
    0x08000160   0x00000000   Code   RO         3560    .ARM.Collect$$_printf_percent$$00000000  c_w.l(_printf_percent.o)
    0x08000160   0x00000006   Code   RO         3645    .ARM.Collect$$_printf_percent$$00000001  c_w.l(_printf_n.o)
    0x08000166   0x00000006   Code   RO         3646    .ARM.Collect$$_printf_percent$$00000002  c_w.l(_printf_p.o)
    0x0800016c   0x00000006   Code   RO         3651    .ARM.Collect$$_printf_percent$$00000003  c_w.l(_printf_f.o)
    0x08000172   0x00000006   Code   RO         3652    .ARM.Collect$$_printf_percent$$00000004  c_w.l(_printf_e.o)
    0x08000178   0x00000006   Code   RO         3653    .ARM.Collect$$_printf_percent$$00000005  c_w.l(_printf_g.o)
    0x0800017e   0x00000006   Code   RO         3654    .ARM.Collect$$_printf_percent$$00000006  c_w.l(_printf_a.o)
    0x08000184   0x0000000a   Code   RO         3659    .ARM.Collect$$_printf_percent$$00000007  c_w.l(_printf_ll.o)
    0x0800018e   0x00000006   Code   RO         3648    .ARM.Collect$$_printf_percent$$00000008  c_w.l(_printf_i.o)
    0x08000194   0x00000006   Code   RO         3649    .ARM.Collect$$_printf_percent$$00000009  c_w.l(_printf_d.o)
    0x0800019a   0x00000006   Code   RO         3650    .ARM.Collect$$_printf_percent$$0000000A  c_w.l(_printf_u.o)
    0x080001a0   0x00000006   Code   RO         3647    .ARM.Collect$$_printf_percent$$0000000B  c_w.l(_printf_o.o)
    0x080001a6   0x00000006   Code   RO         3559    .ARM.Collect$$_printf_percent$$0000000C  c_w.l(_printf_x.o)
    0x080001ac   0x00000006   Code   RO         3656    .ARM.Collect$$_printf_percent$$0000000D  c_w.l(_printf_lli.o)
    0x080001b2   0x00000006   Code   RO         3657    .ARM.Collect$$_printf_percent$$0000000E  c_w.l(_printf_lld.o)
    0x080001b8   0x00000006   Code   RO         3658    .ARM.Collect$$_printf_percent$$0000000F  c_w.l(_printf_llu.o)
    0x080001be   0x00000006   Code   RO         3663    .ARM.Collect$$_printf_percent$$00000010  c_w.l(_printf_llo.o)
    0x080001c4   0x00000006   Code   RO         3664    .ARM.Collect$$_printf_percent$$00000011  c_w.l(_printf_llx.o)
    0x080001ca   0x0000000a   Code   RO         3660    .ARM.Collect$$_printf_percent$$00000012  c_w.l(_printf_l.o)
    0x080001d4   0x00000006   Code   RO         3644    .ARM.Collect$$_printf_percent$$00000013  c_w.l(_printf_c.o)
    0x080001da   0x00000006   Code   RO         3558    .ARM.Collect$$_printf_percent$$00000014  c_w.l(_printf_s.o)
    0x080001e0   0x00000006   Code   RO         3661    .ARM.Collect$$_printf_percent$$00000015  c_w.l(_printf_lc.o)
    0x080001e6   0x00000006   Code   RO         3662    .ARM.Collect$$_printf_percent$$00000016  c_w.l(_printf_ls.o)
    0x080001ec   0x00000004   Code   RO         3655    .ARM.Collect$$_printf_percent$$00000017  c_w.l(_printf_percent_end.o)
    0x080001f0   0x00000002   Code   RO         3770    .ARM.Collect$$libinit$$00000000  c_w.l(libinit.o)
    0x080001f2   0x00000000   Code   RO         3778    .ARM.Collect$$libinit$$00000002  c_w.l(libinit2.o)
    0x080001f2   0x00000000   Code   RO         3780    .ARM.Collect$$libinit$$00000004  c_w.l(libinit2.o)
    0x080001f2   0x00000000   Code   RO         3783    .ARM.Collect$$libinit$$0000000A  c_w.l(libinit2.o)
    0x080001f2   0x00000000   Code   RO         3785    .ARM.Collect$$libinit$$0000000C  c_w.l(libinit2.o)
    0x080001f2   0x00000000   Code   RO         3787    .ARM.Collect$$libinit$$0000000E  c_w.l(libinit2.o)
    0x080001f2   0x00000006   Code   RO         3788    .ARM.Collect$$libinit$$0000000F  c_w.l(libinit2.o)
    0x080001f8   0x00000000   Code   RO         3790    .ARM.Collect$$libinit$$00000011  c_w.l(libinit2.o)
    0x080001f8   0x0000000c   Code   RO         3791    .ARM.Collect$$libinit$$00000012  c_w.l(libinit2.o)
    0x08000204   0x00000000   Code   RO         3792    .ARM.Collect$$libinit$$00000013  c_w.l(libinit2.o)
    0x08000204   0x00000000   Code   RO         3794    .ARM.Collect$$libinit$$00000015  c_w.l(libinit2.o)
    0x08000204   0x0000000a   Code   RO         3795    .ARM.Collect$$libinit$$00000016  c_w.l(libinit2.o)
    0x0800020e   0x00000000   Code   RO         3796    .ARM.Collect$$libinit$$00000017  c_w.l(libinit2.o)
    0x0800020e   0x00000000   Code   RO         3798    .ARM.Collect$$libinit$$00000019  c_w.l(libinit2.o)
    0x0800020e   0x00000000   Code   RO         3800    .ARM.Collect$$libinit$$0000001B  c_w.l(libinit2.o)
    0x0800020e   0x00000000   Code   RO         3802    .ARM.Collect$$libinit$$0000001D  c_w.l(libinit2.o)
    0x0800020e   0x00000000   Code   RO         3804    .ARM.Collect$$libinit$$0000001F  c_w.l(libinit2.o)
    0x0800020e   0x00000000   Code   RO         3806    .ARM.Collect$$libinit$$00000021  c_w.l(libinit2.o)
    0x0800020e   0x00000000   Code   RO         3808    .ARM.Collect$$libinit$$00000023  c_w.l(libinit2.o)
    0x0800020e   0x00000000   Code   RO         3810    .ARM.Collect$$libinit$$00000025  c_w.l(libinit2.o)
    0x0800020e   0x00000000   Code   RO         3814    .ARM.Collect$$libinit$$0000002C  c_w.l(libinit2.o)
    0x0800020e   0x00000000   Code   RO         3816    .ARM.Collect$$libinit$$0000002E  c_w.l(libinit2.o)
    0x0800020e   0x00000000   Code   RO         3818    .ARM.Collect$$libinit$$00000030  c_w.l(libinit2.o)
    0x0800020e   0x00000000   Code   RO         3820    .ARM.Collect$$libinit$$00000032  c_w.l(libinit2.o)
    0x0800020e   0x00000002   Code   RO         3821    .ARM.Collect$$libinit$$00000033  c_w.l(libinit2.o)
    0x08000210   0x00000002   Code   RO         3841    .ARM.Collect$$libshutdown$$00000000  c_w.l(libshutdown.o)
    0x08000212   0x00000000   Code   RO         3854    .ARM.Collect$$libshutdown$$00000002  c_w.l(libshutdown2.o)
    0x08000212   0x00000000   Code   RO         3856    .ARM.Collect$$libshutdown$$00000004  c_w.l(libshutdown2.o)
    0x08000212   0x00000000   Code   RO         3859    .ARM.Collect$$libshutdown$$00000007  c_w.l(libshutdown2.o)
    0x08000212   0x00000000   Code   RO         3862    .ARM.Collect$$libshutdown$$0000000A  c_w.l(libshutdown2.o)
    0x08000212   0x00000000   Code   RO         3864    .ARM.Collect$$libshutdown$$0000000C  c_w.l(libshutdown2.o)
    0x08000212   0x00000000   Code   RO         3867    .ARM.Collect$$libshutdown$$0000000F  c_w.l(libshutdown2.o)
    0x08000212   0x00000002   Code   RO         3868    .ARM.Collect$$libshutdown$$00000010  c_w.l(libshutdown2.o)
    0x08000214   0x00000000   Code   RO         3613    .ARM.Collect$$rtentry$$00000000  c_w.l(__rtentry.o)
    0x08000214   0x00000000   Code   RO         3690    .ARM.Collect$$rtentry$$00000002  c_w.l(__rtentry2.o)
    0x08000214   0x00000006   Code   RO         3702    .ARM.Collect$$rtentry$$00000004  c_w.l(__rtentry4.o)
    0x0800021a   0x00000000   Code   RO         3692    .ARM.Collect$$rtentry$$00000009  c_w.l(__rtentry2.o)
    0x0800021a   0x00000004   Code   RO         3693    .ARM.Collect$$rtentry$$0000000A  c_w.l(__rtentry2.o)
    0x0800021e   0x00000000   Code   RO         3695    .ARM.Collect$$rtentry$$0000000C  c_w.l(__rtentry2.o)
    0x0800021e   0x00000008   Code   RO         3696    .ARM.Collect$$rtentry$$0000000D  c_w.l(__rtentry2.o)
    0x08000226   0x00000002   Code   RO         3775    .ARM.Collect$$rtexit$$00000000  c_w.l(rtexit.o)
    0x08000228   0x00000000   Code   RO         3823    .ARM.Collect$$rtexit$$00000002  c_w.l(rtexit2.o)
    0x08000228   0x00000004   Code   RO         3824    .ARM.Collect$$rtexit$$00000003  c_w.l(rtexit2.o)
    0x0800022c   0x00000006   Code   RO         3825    .ARM.Collect$$rtexit$$00000004  c_w.l(rtexit2.o)
    0x08000232   0x00000002   PAD
    0x08000234   0x00000040   Code   RO          205    .text               startup_stm32f103xb.o
    0x08000274   0x00000024   Code   RO         3505    .text               c_w.l(vsprintf.o)
    0x08000298   0x0000002c   Code   RO         3507    .text               c_w.l(__2sprintf.o)
    0x080002c4   0x0000004e   Code   RO         3513    .text               c_w.l(_printf_pad.o)
    0x08000312   0x00000052   Code   RO         3515    .text               c_w.l(_printf_str.o)
    0x08000364   0x00000094   Code   RO         3535    .text               c_w.l(_printf_hex_int_ll_ptr.o)
    0x080003f8   0x00000188   Code   RO         3555    .text               c_w.l(__printf_flags_ss_wp.o)
    0x08000580   0x0000001a   Code   RO         3561    .text               c_w.l(atoi.o)
    0x0800059a   0x0000003e   Code   RO         3563    .text               c_w.l(strlen.o)
    0x080005d8   0x0000008a   Code   RO         3565    .text               c_w.l(rt_memcpy_v6.o)
    0x08000662   0x00000084   Code   RO         3567    .text               c_w.l(rt_memmove_v6.o)
    0x080006e6   0x0000007a   Code   RO         3569    .text               c_w.l(rt_memmove_w.o)
    0x08000760   0x0000004e   Code   RO         3571    .text               c_w.l(rt_memclr_w.o)
    0x080007ae   0x00000056   Code   RO         3573    .text               c_w.l(strncpy.o)
    0x08000804   0x00000080   Code   RO         3575    .text               c_w.l(strcmpv7m.o)
    0x08000884   0x00000006   Code   RO         3577    .text               c_w.l(heapauxi.o)
    0x0800088a   0x00000002   PAD
    0x0800088c   0x00000008   Code   RO         3617    .text               c_w.l(rt_errno_addr_intlibspace.o)
    0x08000894   0x00000024   Code   RO         3619    .text               c_w.l(_printf_truncate.o)
    0x080008b8   0x000000b2   Code   RO         3621    .text               c_w.l(_printf_intcommon.o)
    0x0800096a   0x00000002   PAD
    0x0800096c   0x00000078   Code   RO         3623    .text               c_w.l(_printf_dec.o)
    0x080009e4   0x00000028   Code   RO         3625    .text               c_w.l(_printf_charcount.o)
    0x08000a0c   0x00000030   Code   RO         3627    .text               c_w.l(_printf_char_common.o)
    0x08000a3c   0x0000000a   Code   RO         3629    .text               c_w.l(_sputc.o)
    0x08000a46   0x0000002c   Code   RO         3631    .text               c_w.l(_printf_char.o)
    0x08000a72   0x00000002   PAD
    0x08000a74   0x000000bc   Code   RO         3633    .text               c_w.l(_printf_wctomb.o)
    0x08000b30   0x0000007c   Code   RO         3636    .text               c_w.l(_printf_longlong_dec.o)
    0x08000bac   0x00000070   Code   RO         3642    .text               c_w.l(_printf_oct_int_ll.o)
    0x08000c1c   0x00000070   Code   RO         3665    .text               c_w.l(strtol.o)
    0x08000c8c   0x00000064   Code   RO         3667    .text               c_w.l(rt_memcpy_w.o)
    0x08000cf0   0x00000044   Code   RO         3669    .text               c_w.l(rt_memclr.o)
    0x08000d34   0x00000008   Code   RO         3686    .text               c_w.l(libspace.o)
    0x08000d3c   0x00000010   Code   RO         3704    .text               c_w.l(rt_ctype_table.o)
    0x08000d4c   0x0000008a   Code   RO         3706    .text               c_w.l(lludiv10.o)
    0x08000dd6   0x0000041a   Code   RO         3708    .text               c_w.l(_printf_fp_dec.o)
    0x080011f0   0x000002fc   Code   RO         3710    .text               c_w.l(_printf_fp_hex.o)
    0x080014ec   0x0000002c   Code   RO         3715    .text               c_w.l(_printf_wchar.o)
    0x08001518   0x0000009e   Code   RO         3717    .text               c_w.l(_strtoul.o)
    0x080015b6   0x00000040   Code   RO         3719    .text               c_w.l(_wcrtomb.o)
    0x080015f6   0x0000004a   Code   RO         3721    .text               c_w.l(sys_stackheap_outer.o)
    0x08001640   0x00000008   Code   RO         3726    .text               c_w.l(rt_locale_intlibspace.o)
    0x08001648   0x00000080   Code   RO         3728    .text               c_w.l(_printf_fp_infnan.o)
    0x080016c8   0x0000001c   Code   RO         3730    .text               c_w.l(_chval.o)
    0x080016e4   0x000000dc   Code   RO         3732    .text               c_w.l(bigflt0.o)
    0x080017c0   0x00000012   Code   RO         3763    .text               c_w.l(exit.o)
    0x080017d2   0x00000002   PAD
    0x080017d4   0x0000000c   Code   RO         3833    .text               c_w.l(sys_exit.o)
    0x080017e0   0x00000002   Code   RO         3844    .text               c_w.l(use_no_semi.o)
    0x080017e2   0x00000000   Code   RO         3846    .text               c_w.l(indicate_semi.o)
    0x080017e2   0x0000003e   Code   RO         3735    CL$$btod_d2e        c_w.l(btod.o)
    0x08001820   0x00000046   Code   RO         3737    CL$$btod_d2e_denorm_low  c_w.l(btod.o)
    0x08001866   0x00000060   Code   RO         3736    CL$$btod_d2e_norm_op1  c_w.l(btod.o)
    0x080018c6   0x00000338   Code   RO         3745    CL$$btod_div_common  c_w.l(btod.o)
    0x08001bfe   0x000000c6   Code   RO         3742    CL$$btod_e2e        c_w.l(btod.o)
    0x08001cc4   0x00000028   Code   RO         3739    CL$$btod_ediv       c_w.l(btod.o)
    0x08001cec   0x00000028   Code   RO         3738    CL$$btod_emul       c_w.l(btod.o)
    0x08001d14   0x00000244   Code   RO         3744    CL$$btod_mult_common  c_w.l(btod.o)
    0x08001f58   0x0000000c   Code   RO         3019    i.BoardGetConsoleUart  board.o
    0x08001f64   0x00000018   Code   RO         3020    i.BoardGetGpio      board.o
    0x08001f7c   0x0000000c   Code   RO         3021    i.BoardGetHostUart  board.o
    0x08001f88   0x0000000c   Code   RO         3022    i.BoardGetSpiExt    board.o
    0x08001f94   0x00000038   Code   RO         3023    i.BoardGpioInit     board.o
    0x08001fcc   0x00000038   Code   RO         3024    i.BoardInit         board.o
    0x08002004   0x000000a6   Code   RO         2292    i.BufferAppend      buffer.o
    0x080020aa   0x00000030   Code   RO         2293    i.BufferAppendByte  buffer.o
    0x080020da   0x00000024   Code   RO         2294    i.BufferCreate      buffer.o
    0x080020fe   0x00000026   Code   RO         2296    i.BufferIsFull      buffer.o
    0x08002124   0x00000022   Code   RO         2297    i.BufferLength      buffer.o
    0x08002146   0x00000084   Code   RO         2298    i.BufferPeek        buffer.o
    0x080021ca   0x00000034   Code   RO         2299    i.BufferPop         buffer.o
    0x080021fe   0x0000000c   Code   RO         2300    i.BufferSize        buffer.o
    0x0800220a   0x00000004   Code   RO         3178    i.BusFault_Handler  interrupts.o
    0x0800220e   0x0000003c   Code   RO         2610    i.CalcCrc16         host.o
    0x0800224a   0x00000002   PAD
    0x0800224c   0x00000054   Code   RO         2457    i.CheckConsoleLineCR  console.o
    0x080022a0   0x0000005c   Code   RO         2458    i.ConsoleInit       console.o
    0x080022fc   0x000000a4   Code   RO         2459    i.ConsoleLineParser  console.o
    0x080023a0   0x0000004c   Code   RO         2460    i.ConsoleProcess    console.o
    0x080023ec   0x000000a4   Code   RO         2461    i.ConsoleRegister   console.o
    0x08002490   0x00000030   Code   RO         2364    i.CopyFromMessage   message.o
    0x080024c0   0x00000030   Code   RO         2365    i.CopyToMessage     message.o
    0x080024f0   0x00000074   Code   RO         2462    i.DebugError        console.o
    0x08002564   0x00000064   Code   RO         2463    i.DebugHex          console.o
    0x080025c8   0x00000064   Code   RO         2464    i.DebugHexColor     console.o
    0x0800262c   0x00000038   Code   RO         2465    i.DebugLog          console.o
    0x08002664   0x00000004   Code   RO         3179    i.DebugMon_Handler  interrupts.o
    0x08002668   0x00000078   Code   RO         2466    i.DebugRegister     console.o
    0x080026e0   0x00000074   Code   RO         2467    i.DebugWarning      console.o
    0x08002754   0x00000078   Code   RO         3079    i.DispCoeff         heat.o
    0x080027cc   0x00000018   Code   RO         3080    i.DispHelp          heat.o
    0x080027e4   0x00000090   Code   RO         3081    i.DispPidLog        heat.o
    0x08002874   0x000000c8   Code   RO         2775    i.GpioClkEnable     gpio.o
    0x0800293c   0x00000030   Code   RO         2779    i.GpioInit          gpio.o
    0x0800296c   0x00000026   Code   RO         2780    i.GpioSet           gpio.o
    0x08002992   0x00000002   PAD
    0x08002994   0x000000b0   Code   RO         1626    i.HAL_DMA_Abort_IT  stm32f1xx_hal_dma.o
    0x08002a44   0x0000031c   Code   RO          482    i.HAL_GPIO_Init     stm32f1xx_hal_gpio.o
    0x08002d60   0x0000000c   Code   RO          486    i.HAL_GPIO_WritePin  stm32f1xx_hal_gpio.o
    0x08002d6c   0x0000000c   Code   RO          223    i.HAL_GetTick       stm32f1xx_hal.o
    0x08002d78   0x00000010   Code   RO          225    i.HAL_IncTick       stm32f1xx_hal.o
    0x08002d88   0x00000028   Code   RO          226    i.HAL_Init          stm32f1xx_hal.o
    0x08002db0   0x00000028   Code   RO          227    i.HAL_InitTick      stm32f1xx_hal.o
    0x08002dd8   0x00000002   Code   RO          229    i.HAL_MspInit       stm32f1xx_hal.o
    0x08002dda   0x0000001a   Code   RO          359    i.HAL_NVIC_EnableIRQ  stm32f1xx_hal_cortex.o
    0x08002df4   0x0000007c   Code   RO          365    i.HAL_NVIC_SetPriority  stm32f1xx_hal_cortex.o
    0x08002e70   0x00000028   Code   RO          366    i.HAL_NVIC_SetPriorityGrouping  stm32f1xx_hal_cortex.o
    0x08002e98   0x000001a4   Code   RO          546    i.HAL_RCC_ClockConfig  stm32f1xx_hal_rcc.o
    0x0800303c   0x0000000c   Code   RO          551    i.HAL_RCC_GetHCLKFreq  stm32f1xx_hal_rcc.o
    0x08003048   0x00000020   Code   RO          553    i.HAL_RCC_GetPCLK1Freq  stm32f1xx_hal_rcc.o
    0x08003068   0x00000020   Code   RO          554    i.HAL_RCC_GetPCLK2Freq  stm32f1xx_hal_rcc.o
    0x08003088   0x0000009c   Code   RO          555    i.HAL_RCC_GetSysClockFreq  stm32f1xx_hal_rcc.o
    0x08003124   0x00000440   Code   RO          558    i.HAL_RCC_OscConfig  stm32f1xx_hal_rcc.o
    0x08003564   0x0000009a   Code   RO         1963    i.HAL_SPI_Init      stm32f1xx_hal_spi.o
    0x080035fe   0x00000002   Code   RO         1965    i.HAL_SPI_MspInit   stm32f1xx_hal_spi.o
    0x08003600   0x000002f4   Code   RO         1972    i.HAL_SPI_TransmitReceive  stm32f1xx_hal_spi.o
    0x080038f4   0x00000028   Code   RO          368    i.HAL_SYSTICK_CLKSourceConfig  stm32f1xx_hal_cortex.o
    0x0800391c   0x00000002   Code   RO          369    i.HAL_SYSTICK_Callback  stm32f1xx_hal_cortex.o
    0x0800391e   0x00000034   Code   RO          370    i.HAL_SYSTICK_Config  stm32f1xx_hal_cortex.o
    0x08003952   0x00000008   Code   RO          371    i.HAL_SYSTICK_IRQHandler  stm32f1xx_hal_cortex.o
    0x0800395a   0x00000002   Code   RO         1719    i.HAL_TIMEx_BreakCallback  stm32f1xx_hal_tim_ex.o
    0x0800395c   0x00000002   Code   RO         1720    i.HAL_TIMEx_CommutationCallback  stm32f1xx_hal_tim_ex.o
    0x0800395e   0x00000034   Code   RO          654    i.HAL_TIM_Base_Init  stm32f1xx_hal_tim.o
    0x08003992   0x00000002   Code   RO          656    i.HAL_TIM_Base_MspInit  stm32f1xx_hal_tim.o
    0x08003994   0x0000001e   Code   RO          659    i.HAL_TIM_Base_Start_IT  stm32f1xx_hal_tim.o
    0x080039b2   0x00000038   Code   RO          662    i.HAL_TIM_Base_Stop_IT  stm32f1xx_hal_tim.o
    0x080039ea   0x00000132   Code   RO          663    i.HAL_TIM_ConfigClockSource  stm32f1xx_hal_tim.o
    0x08003b1c   0x00000002   Code   RO          683    i.HAL_TIM_IC_CaptureCallback  stm32f1xx_hal_tim.o
    0x08003b1e   0x00000196   Code   RO          696    i.HAL_TIM_IRQHandler  stm32f1xx_hal_tim.o
    0x08003cb4   0x00000002   Code   RO          699    i.HAL_TIM_OC_DelayElapsedCallback  stm32f1xx_hal_tim.o
    0x08003cb6   0x00000108   Code   RO          720    i.HAL_TIM_PWM_ConfigChannel  stm32f1xx_hal_tim.o
    0x08003dbe   0x00000002   Code   RO          726    i.HAL_TIM_PWM_PulseFinishedCallback  stm32f1xx_hal_tim.o
    0x08003dc0   0x00000040   Code   RO          727    i.HAL_TIM_PWM_Start  stm32f1xx_hal_tim.o
    0x08003e00   0x0000007c   Code   RO          730    i.HAL_TIM_PWM_Stop  stm32f1xx_hal_tim.o
    0x08003e7c   0x00000002   Code   RO          733    i.HAL_TIM_PeriodElapsedCallback  stm32f1xx_hal_tim.o
    0x08003e7e   0x00000002   Code   RO          737    i.HAL_TIM_TriggerCallback  stm32f1xx_hal_tim.o
    0x08003e80   0x00000002   Code   RO         1314    i.HAL_UART_ErrorCallback  stm32f1xx_hal_uart.o
    0x08003e82   0x00000014   Code   RO         1316    i.HAL_UART_GetState  stm32f1xx_hal_uart.o
    0x08003e96   0x00000002   PAD
    0x08003e98   0x0000014c   Code   RO         1317    i.HAL_UART_IRQHandler  stm32f1xx_hal_uart.o
    0x08003fe4   0x00000072   Code   RO         1318    i.HAL_UART_Init     stm32f1xx_hal_uart.o
    0x08004056   0x00000002   Code   RO         1320    i.HAL_UART_MspInit  stm32f1xx_hal_uart.o
    0x08004058   0x00000070   Code   RO         1323    i.HAL_UART_Receive_IT  stm32f1xx_hal_uart.o
    0x080040c8   0x00000074   Code   RO         2702    i.HAL_UART_RxCpltCallback  uart.o
    0x0800413c   0x00000058   Code   RO         1328    i.HAL_UART_Transmit_IT  stm32f1xx_hal_uart.o
    0x08004194   0x00000002   Code   RO         1329    i.HAL_UART_TxCpltCallback  stm32f1xx_hal_uart.o
    0x08004196   0x00000004   Code   RO         3180    i.HardFault_Handler  interrupts.o
    0x0800419a   0x00000002   PAD
    0x0800419c   0x00000134   Code   RO         3085    i.HeatInit          heat.o
    0x080042d0   0x000001c4   Code   RO         3086    i.HeatMessageHandler  heat.o
    0x08004494   0x00000090   Code   RO         2611    i.HostAck           host.o
    0x08004524   0x00000030   Code   RO         2612    i.HostCheckCRC      host.o
    0x08004554   0x00000006   Code   RO         3440    i.HostCmdGetInfo    hostheat.o
    0x0800455a   0x0000001a   Code   RO         3441    i.HostCmdHeatEnable  hostheat.o
    0x08004574   0x00000006   Code   RO         3442    i.HostCmdParaInfo   hostheat.o
    0x0800457a   0x00000006   Code   RO         3443    i.HostCmdSetInfo    hostheat.o
    0x08004580   0x00000016   Code   RO         3444    i.HostCmdTemAsk     hostheat.o
    0x08004596   0x00000006   Code   RO         3445    i.HostCmdTemSet     hostheat.o
    0x0800459c   0x00000016   Code   RO         3446    i.HostCmdVersion    hostheat.o
    0x080045b2   0x00000002   PAD
    0x080045b4   0x0000010c   Code   RO         2613    i.HostFrameParser   host.o
    0x080046c0   0x0000000c   Code   RO         2615    i.HostGetConsoleTag  host.o
    0x080046cc   0x00000034   Code   RO         3447    i.HostHeatInit      hostheat.o
    0x08004700   0x000000bc   Code   RO         3448    i.HostHeatParser    hostheat.o
    0x080047bc   0x0000006c   Code   RO         2616    i.HostInit          host.o
    0x08004828   0x000000a0   Code   RO         2617    i.HostParserRegister  host.o
    0x080048c8   0x00000090   Code   RO         2618    i.HostProcess       host.o
    0x08004958   0x000000a8   Code   RO         2619    i.HostResponse      host.o
    0x08004a00   0x0000002c   Code   RO         2620    i.HostSearchParser  host.o
    0x08004a2c   0x0000001c   Code   RO         2468    i.IsRepeatLastMessage  console.o
    0x08004a48   0x00000016   Code   RO         3410    i.LED1Set           led.o
    0x08004a5e   0x00000016   Code   RO         3411    i.LED2Set           led.o
    0x08004a74   0x00000004   Code   RO         3181    i.MemManage_Handler  interrupts.o
    0x08004a78   0x00000048   Code   RO         2366    i.MessageGet        message.o
    0x08004ac0   0x000000ac   Code   RO         3087    i.MessageOnTimer    heat.o
    0x08004b6c   0x0000005c   Code   RO         2367    i.MessagePost       message.o
    0x08004bc8   0x00000040   Code   RO         2368    i.MessageQueueInit  message.o
    0x08004c08   0x00000024   Code   RO         2369    i.MessageQueueProcess  message.o
    0x08004c2c   0x00000044   Code   RO         2370    i.MessageRegisterHandler  message.o
    0x08004c70   0x00000020   Code   RO         2469    i.MsgBufAppend      console.o
    0x08004c90   0x00000020   Code   RO         2470    i.MsgBufAppendCRLF  console.o
    0x08004cb0   0x00000040   Code   RO         2471    i.MsgBufAppendTag   console.o
    0x08004cf0   0x00000054   Code   RO         2472    i.MsgBufHex         console.o
    0x08004d44   0x00000020   Code   RO         2473    i.MsgBufSend        console.o
    0x08004d64   0x00000004   Code   RO         3182    i.NMI_Handler       interrupts.o
    0x08004d68   0x00000010   Code   RO          372    i.NVIC_GetPriorityGrouping  stm32f1xx_hal_cortex.o
    0x08004d78   0x00000028   Code   RO          373    i.NVIC_SetPriority  stm32f1xx_hal_cortex.o
    0x08004da0   0x00000208   Code   RO         2921    i.PIDCalc           algorithmpid.o
    0x08004fa8   0x0000000e   Code   RO         2922    i.PIDInit           algorithmpid.o
    0x08004fb6   0x00000002   PAD
    0x08004fb8   0x000000a8   Code   RO         2955    i.PwmInit           pwm.o
    0x08005060   0x00000030   Code   RO         2956    i.PwmSetDutyRatio   pwm.o
    0x08005090   0x00000010   Code   RO         2957    i.PwmStart          pwm.o
    0x080050a0   0x00000010   Code   RO         2958    i.PwmStop           pwm.o
    0x080050b0   0x00000028   Code   RO          559    i.RCC_Delay         stm32f1xx_hal_rcc.o
    0x080050d8   0x00000066   Code   RO         3025    i.RccInit           board.o
    0x0800513e   0x00000002   PAD
    0x08005140   0x00000050   Code   RO         2474    i.RemoveBackspaceInLineArray  console.o
    0x08005190   0x00000028   Code   RO         1989    i.SPI_CheckFlag_BSY  stm32f1xx_hal_spi.o
    0x080051b8   0x00000006   Code   RO         2003    i.SPI_ISCRCErrorValid  stm32f1xx_hal_spi.o
    0x080051be   0x000000aa   Code   RO         2010    i.SPI_WaitFlagStateUntilTimeout  stm32f1xx_hal_spi.o
    0x08005268   0x0000004c   Code   RO         2475    i.SearchConsoleCommand  console.o
    0x080052b4   0x000000b0   Code   RO         2476    i.SearchNextWordInLineArray  console.o
    0x08005364   0x00000030   Code   RO         3088    i.SetPwmDutyRatio   heat.o
    0x08005394   0x00000012   Code   RO         3265    i.SpiDisableCS      spiheat.o
    0x080053a6   0x00000012   Code   RO         3266    i.SpiEnableCS       spiheat.o
    0x080053b8   0x00000054   Code   RO         3267    i.SpiGetObject      spiheat.o
    0x0800540c   0x000001d4   Code   RO         3268    i.SpiInit           spiheat.o
    0x080055e0   0x0000004c   Code   RO         3271    i.SpiSendRecv       spiheat.o
    0x0800562c   0x0000000c   Code   RO         3183    i.SysTick_Handler   interrupts.o
    0x08005638   0x00000058   Code   RO            5    i.SystemInit        system_stm32f1xx.o
    0x08005690   0x00000050   Code   RO         2831    i.TIM2_IRQHandler   timer.o
    0x080056e0   0x00000050   Code   RO         2832    i.TIM3_IRQHandler   timer.o
    0x08005730   0x00000074   Code   RO          738    i.TIM_Base_SetConfig  stm32f1xx_hal_tim.o
    0x080057a4   0x0000001c   Code   RO          739    i.TIM_CCxChannelCmd  stm32f1xx_hal_tim.o
    0x080057c0   0x00000018   Code   RO          745    i.TIM_ETR_SetConfig  stm32f1xx_hal_tim.o
    0x080057d8   0x00000014   Code   RO          746    i.TIM_ITRx_SetConfig  stm32f1xx_hal_tim.o
    0x080057ec   0x00000064   Code   RO          747    i.TIM_OC1_SetConfig  stm32f1xx_hal_tim.o
    0x08005850   0x00000070   Code   RO          748    i.TIM_OC2_SetConfig  stm32f1xx_hal_tim.o
    0x080058c0   0x0000006c   Code   RO          749    i.TIM_OC3_SetConfig  stm32f1xx_hal_tim.o
    0x0800592c   0x00000050   Code   RO          750    i.TIM_OC4_SetConfig  stm32f1xx_hal_tim.o
    0x0800597c   0x0000002a   Code   RO          752    i.TIM_TI1_ConfigInputStage  stm32f1xx_hal_tim.o
    0x080059a6   0x0000002c   Code   RO          754    i.TIM_TI2_ConfigInputStage  stm32f1xx_hal_tim.o
    0x080059d2   0x00000002   PAD
    0x080059d4   0x00000028   Code   RO         3333    i.TLCInit           tlc2543.o
    0x080059fc   0x00000074   Code   RO         3334    i.TempSampleRead    tlc2543.o
    0x08005a70   0x000000b4   Code   RO         3335    i.TempSampleRead_mid  tlc2543.o
    0x08005b24   0x00000024   Code   RO         2833    i.TimerInit         timer.o
    0x08005b48   0x00000020   Code   RO         2835    i.TimerStart        timer.o
    0x08005b68   0x00000020   Code   RO         2836    i.TimerStart2       timer.o
    0x08005b88   0x00000080   Code   RO         2837    i.TimerStartMs      timer.o
    0x08005c08   0x0000007c   Code   RO         2838    i.TimerStartMs2     timer.o
    0x08005c84   0x00000020   Code   RO         2839    i.TimerStop         timer.o
    0x08005ca4   0x00000036   Code   RO         2477    i.TransCR2CRLF      console.o
    0x08005cda   0x00000014   Code   RO         1331    i.UART_DMAAbortOnError  stm32f1xx_hal_uart.o
    0x08005cee   0x00000020   Code   RO         1341    i.UART_EndRxTransfer  stm32f1xx_hal_uart.o
    0x08005d0e   0x00000020   Code   RO         1342    i.UART_EndTransmit_IT  stm32f1xx_hal_uart.o
    0x08005d2e   0x000000a6   Code   RO         1344    i.UART_Receive_IT   stm32f1xx_hal_uart.o
    0x08005dd4   0x000001c8   Code   RO         1345    i.UART_SetConfig    stm32f1xx_hal_uart.o
    0x08005f9c   0x00000068   Code   RO         1346    i.UART_Transmit_IT  stm32f1xx_hal_uart.o
    0x08006004   0x00000010   Code   RO         2703    i.USART1_IRQHandler  uart.o
    0x08006014   0x00000010   Code   RO         2704    i.USART2_IRQHandler  uart.o
    0x08006024   0x00000050   Code   RO         2705    i.UartGetObject     uart.o
    0x08006074   0x0000018c   Code   RO         2706    i.UartInit          uart.o
    0x08006200   0x00000070   Code   RO         2707    i.UartSend          uart.o
    0x08006270   0x00000004   Code   RO         3184    i.UsageFault_Handler  interrupts.o
    0x08006274   0x00000060   Code   RO         3336    i._TempSampleRead   tlc2543.o
    0x080062d4   0x00000028   Code   RO         3773    i.__ARM_fpclassify  m_ws.l(fpclassify.o)
    0x080062fc   0x0000000e   Code   RO         3548    i._is_digit         c_w.l(__printf_wp.o)
    0x0800630a   0x0000001e   Code   RO         2708    i.isUartEnable      uart.o
    0x08006328   0x00000074   Code   RO         3238    i.main              main.o
    0x0800639c   0x0000002c   Code   RO         3758    locale$$code        c_w.l(lc_ctype_c.o)
    0x080063c8   0x0000002c   Code   RO         3761    locale$$code        c_w.l(lc_numeric_c.o)
    0x080063f4   0x00000150   Code   RO         3581    x$fpl$dadd          fz_ws.l(daddsub_clz.o)
    0x08006544   0x00000018   Code   RO         3671    x$fpl$dcmpinf       fz_ws.l(dcmpi.o)
    0x0800655c   0x000002b0   Code   RO         3588    x$fpl$ddiv          fz_ws.l(ddiv.o)
    0x0800680c   0x00000078   Code   RO         3591    x$fpl$deqf          fz_ws.l(deqf.o)
    0x08006884   0x0000005e   Code   RO         3593    x$fpl$dfix          fz_ws.l(dfix.o)
    0x080068e2   0x00000002   PAD
    0x080068e4   0x0000005a   Code   RO         3597    x$fpl$dfixu         fz_ws.l(dfixu.o)
    0x0800693e   0x0000002e   Code   RO         3602    x$fpl$dflt          fz_ws.l(dflt_clz.o)
    0x0800696c   0x00000026   Code   RO         3601    x$fpl$dfltu         fz_ws.l(dflt_clz.o)
    0x08006992   0x00000002   PAD
    0x08006994   0x00000078   Code   RO         3607    x$fpl$dleqf         fz_ws.l(dleqf.o)
    0x08006a0c   0x00000154   Code   RO         3609    x$fpl$dmul          fz_ws.l(dmul.o)
    0x08006b60   0x0000009c   Code   RO         3673    x$fpl$dnaninf       fz_ws.l(dnaninf.o)
    0x08006bfc   0x0000000c   Code   RO         3675    x$fpl$dretinf       fz_ws.l(dretinf.o)
    0x08006c08   0x0000006c   Code   RO         3611    x$fpl$drleqf        fz_ws.l(drleqf.o)
    0x08006c74   0x000001d4   Code   RO         3583    x$fpl$dsub          fz_ws.l(daddsub_clz.o)
    0x08006e48   0x00000004   Code   RO         3677    x$fpl$printf1       fz_ws.l(printf1.o)
    0x08006e4c   0x00000004   Code   RO         3679    x$fpl$printf2       fz_ws.l(printf2.o)
    0x08006e50   0x00000000   Code   RO         3685    x$fpl$usenofp       fz_ws.l(usenofp.o)
    0x08006e50   0x00000018   Data   RO            6    .constdata          system_stm32f1xx.o
    0x08006e68   0x00000028   Data   RO         3536    .constdata          c_w.l(_printf_hex_int_ll_ptr.o)
    0x08006e90   0x00000011   Data   RO         3556    .constdata          c_w.l(__printf_flags_ss_wp.o)
    0x08006ea1   0x00000003   PAD
    0x08006ea4   0x00000008   Data   RO         3634    .constdata          c_w.l(_printf_wctomb.o)
    0x08006eac   0x00000026   Data   RO         3711    .constdata          c_w.l(_printf_fp_hex.o)
    0x08006ed2   0x00000002   PAD
    0x08006ed4   0x00000094   Data   RO         3733    .constdata          c_w.l(bigflt0.o)
    0x08006f68   0x000000d6   Data   RO         3090    .conststring        heat.o
    0x0800703e   0x00000002   PAD
    0x08007040   0x00000020   Data   RO         3899    Region$$Table       anon$$obj.o
    0x08007060   0x00000110   Data   RO         3757    locale$$data        c_w.l(lc_ctype_c.o)
    0x08007170   0x0000001c   Data   RO         3760    locale$$data        c_w.l(lc_numeric_c.o)


    Execution Region RW_IRAM1 (Base: 0x20000000, Size: 0x00000fd8, Max: 0x00005000, ABSOLUTE)

    Base Addr    Size         Type   Attr      Idx    E Section Name        Object

    0x20000000   0x00000004   Data   RW            7    .data               system_stm32f1xx.o
    0x20000004   0x00000004   Data   RW          232    .data               stm32f1xx_hal.o
    0x20000008   0x00000001   Data   RW         2623    .data               host.o
    0x20000009   0x00000001   PAD
    0x2000000a   0x00000004   Data   RW         2842    .data               timer.o
    0x2000000e   0x00000002   Data   RW         3091    .data               heat.o
    0x20000010   0x00000001   Data   RW         3449    .data               hostheat.o
    0x20000011   0x00000003   PAD
    0x20000014   0x000000a8   Zero   RW         2371    .bss                message.o
    0x200000bc   0x0000033c   Zero   RW         2478    .bss                console.o
    0x200003f8   0x00000134   Zero   RW         2622    .bss                host.o
    0x2000052c   0x000000f0   Zero   RW         2709    .bss                uart.o
    0x2000061c   0x00000080   Zero   RW         2841    .bss                timer.o
    0x2000069c   0x00000044   Zero   RW         2959    .bss                pwm.o
    0x200006e0   0x0000001c   Zero   RW         3026    .bss                board.o
    0x200006fc   0x00000004   PAD
    0x20000700   0x00000138   Zero   RW         3089    .bss                heat.o
    0x20000838   0x000000f0   Zero   RW         3272    .bss                spiheat.o
    0x20000928   0x00000050   Zero   RW         3337    .bss                tlc2543.o
    0x20000978   0x00000060   Zero   RW         3687    .bss                c_w.l(libspace.o)
    0x200009d8   0x00000200   Zero   RW          203    HEAP                startup_stm32f103xb.o
    0x20000bd8   0x00000400   Zero   RW          202    STACK               startup_stm32f103xb.o


==============================================================================

Image component sizes


      Code (inc. data)   RO Data    RW Data    ZI Data      Debug   Object Name

       534         18          0          0          0       2348   algorithmpid.o
       274         38          0          0         28       3817   board.o
       518          0          0          0          0       6549   buffer.o
      1846        306          0          0        828      15323   console.o
       286         26          0          0          0       2581   gpio.o
      1268        252        214          2        312       5973   heat.o
      1156        238          0          1        308       8235   host.o
       334         86          0          1          0       4719   hostheat.o
        36          0          0          0          0       2943   interrupts.o
        44          0          0          0          0       1276   led.o
       116         46          0          0          0        471   main.o
       428         86          0          0        168       7109   message.o
       248         32          0          0         68       2657   pwm.o
       664         28          0          0        240       6272   spiheat.o
        64         26        236          0       1536        900   startup_stm32f103xb.o
       110         20          0          4          0       3589   stm32f1xx_hal.o
       348         22          0          0          0      27961   stm32f1xx_hal_cortex.o
       176          4          0          0          0       1115   stm32f1xx_hal_dma.o
       808         32          0          0          0       2696   stm32f1xx_hal_gpio.o
      1780        114          0          0          0       5992   stm32f1xx_hal_rcc.o
      1128          0          0          0          0       5513   stm32f1xx_hal_spi.o
      1988         44          0          0          0      16504   stm32f1xx_hal_tim.o
         4          0          0          0          0       1554   stm32f1xx_hal_tim_ex.o
      1482         12          0          0          0       9573   stm32f1xx_hal_uart.o
        88         18         24          4          0     437155   system_stm32f1xx.o
       544         86          0          4        128       5482   timer.o
       432         34          0          0         80       3232   tlc2543.o
       766         40          0          0        240       6244   uart.o

    ----------------------------------------------------------------------
     17486       1608        508         20       3940     597783   Object Totals
         0          0         32          0          0          0   (incl. Generated)
        16          0          2          4          4          0   (incl. Padding)

    ----------------------------------------------------------------------

      Code (inc. data)   RO Data    RW Data    ZI Data      Debug   Library Member Name

        44          6          0          0          0         84   __2sprintf.o
         8          0          0          0          0         68   __main.o
       392          4         17          0          0         92   __printf_flags_ss_wp.o
        14          0          0          0          0         68   __printf_wp.o
         0          0          0          0          0          0   __rtentry.o
        12          0          0          0          0          0   __rtentry2.o
         6          0          0          0          0          0   __rtentry4.o
        52          8          0          0          0          0   __scatter.o
        26          0          0          0          0          0   __scatter_copy.o
        28          0          0          0          0          0   __scatter_zi.o
        28          0          0          0          0         68   _chval.o
         6          0          0          0          0          0   _printf_a.o
         6          0          0          0          0          0   _printf_c.o
        44          0          0          0          0        108   _printf_char.o
        48          6          0          0          0         96   _printf_char_common.o
        40          0          0          0          0         68   _printf_charcount.o
         6          0          0          0          0          0   _printf_d.o
       120         16          0          0          0         92   _printf_dec.o
         6          0          0          0          0          0   _printf_e.o
         6          0          0          0          0          0   _printf_f.o
      1050          0          0          0          0        216   _printf_fp_dec.o
       764         10         38          0          0        100   _printf_fp_hex.o
       128         16          0          0          0         84   _printf_fp_infnan.o
         6          0          0          0          0          0   _printf_g.o
       148          4         40          0          0        160   _printf_hex_int_ll_ptr.o
         6          0          0          0          0          0   _printf_i.o
       178          0          0          0          0         88   _printf_intcommon.o
        10          0          0          0          0          0   _printf_l.o
         6          0          0          0          0          0   _printf_lc.o
        10          0          0          0          0          0   _printf_ll.o
         6          0          0          0          0          0   _printf_lld.o
         6          0          0          0          0          0   _printf_lli.o
         6          0          0          0          0          0   _printf_llo.o
         6          0          0          0          0          0   _printf_llu.o
         6          0          0          0          0          0   _printf_llx.o
       124         16          0          0          0         92   _printf_longlong_dec.o
         6          0          0          0          0          0   _printf_ls.o
         6          0          0          0          0          0   _printf_n.o
         6          0          0          0          0          0   _printf_o.o
       112          8          0          0          0        124   _printf_oct_int_ll.o
         6          0          0          0          0          0   _printf_p.o
        78          0          0          0          0        108   _printf_pad.o
         0          0          0          0          0          0   _printf_percent.o
         4          0          0          0          0          0   _printf_percent_end.o
         6          0          0          0          0          0   _printf_s.o
        82          0          0          0          0         80   _printf_str.o
        36          0          0          0          0         84   _printf_truncate.o
         6          0          0          0          0          0   _printf_u.o
        44          0          0          0          0        108   _printf_wchar.o
       188          6          8          0          0         92   _printf_wctomb.o
         6          0          0          0          0          0   _printf_x.o
        10          0          0          0          0         68   _sputc.o
       158          0          0          0          0         92   _strtoul.o
        64          0          0          0          0         92   _wcrtomb.o
        26          0          0          0          0         80   atoi.o
       220          4        148          0          0         96   bigflt0.o
      1910        128          0          0          0        672   btod.o
        18          0          0          0          0         80   exit.o
         6          0          0          0          0        152   heapauxi.o
         0          0          0          0          0          0   indicate_semi.o
        44         10        272          0          0         76   lc_ctype_c.o
        44         10         28          0          0         76   lc_numeric_c.o
         2          0          0          0          0          0   libinit.o
        30          0          0          0          0          0   libinit2.o
         2          0          0          0          0          0   libshutdown.o
         2          0          0          0          0          0   libshutdown2.o
         8          4          0          0         96         68   libspace.o
       138          0          0          0          0         80   lludiv10.o
        16          4          0          0          0         76   rt_ctype_table.o
         8          4          0          0          0         68   rt_errno_addr_intlibspace.o
         8          4          0          0          0         68   rt_locale_intlibspace.o
        68          0          0          0          0         68   rt_memclr.o
        78          0          0          0          0         80   rt_memclr_w.o
       138          0          0          0          0         68   rt_memcpy_v6.o
       100          0          0          0          0         80   rt_memcpy_w.o
       132          0          0          0          0         68   rt_memmove_v6.o
       122          0          0          0          0         80   rt_memmove_w.o
         2          0          0          0          0          0   rtexit.o
        10          0          0          0          0          0   rtexit2.o
       128          0          0          0          0         68   strcmpv7m.o
        62          0          0          0          0         76   strlen.o
        86          0          0          0          0         76   strncpy.o
       112          0          0          0          0         88   strtol.o
        12          4          0          0          0         68   sys_exit.o
        74          0          0          0          0         80   sys_stackheap_outer.o
         2          0          0          0          0         68   use_no_semi.o
        36          4          0          0          0         76   vsprintf.o
       804         16          0          0          0        272   daddsub_clz.o
        24          0          0          0          0         68   dcmpi.o
       688        140          0          0          0        208   ddiv.o
       120          4          0          0          0         92   deqf.o
        94          4          0          0          0         92   dfix.o
        90          4          0          0          0         92   dfixu.o
        84          0          0          0          0        136   dflt_clz.o
       120          4          0          0          0         92   dleqf.o
       340         12          0          0          0        104   dmul.o
       156          4          0          0          0         92   dnaninf.o
        12          0          0          0          0         68   dretinf.o
       108          0          0          0          0         80   drleqf.o
         4          0          0          0          0         68   printf1.o
         4          0          0          0          0         68   printf2.o
         0          0          0          0          0          0   usenofp.o
        40          0          0          0          0         68   fpclassify.o

    ----------------------------------------------------------------------
     10518        464        556          0         96       6568   Library Totals
        16          0          5          0          0          0   (incl. Padding)

    ----------------------------------------------------------------------

      Code (inc. data)   RO Data    RW Data    ZI Data      Debug   Library Name

      7814        276        551          0         96       4968   c_w.l
      2648        188          0          0          0       1532   fz_ws.l
        40          0          0          0          0         68   m_ws.l

    ----------------------------------------------------------------------
     10518        464        556          0         96       6568   Library Totals

    ----------------------------------------------------------------------

==============================================================================


      Code (inc. data)   RO Data    RW Data    ZI Data      Debug   

     28004       2072       1064         20       4036     591399   Grand Totals
     28004       2072       1064         20       4036     591399   ELF Image Totals
     28004       2072       1064         20          0          0   ROM Totals

==============================================================================

    Total RO  Size (Code + RO Data)                29068 (  28.39kB)
    Total RW  Size (RW Data + ZI Data)              4056 (   3.96kB)
    Total ROM Size (Code + RO Data + RW Data)      29088 (  28.41kB)

==============================================================================

