Component: ARM Compiler 5.06 update 4 (build 422) Tool: armlink [4d35d2]

==============================================================================

Section Cross References

    system_stm32f1xx.o(i.SystemCoreClockUpdate) refers to system_stm32f1xx.o(.data) for SystemCoreClock
    system_stm32f1xx.o(i.SystemCoreClockUpdate) refers to system_stm32f1xx.o(.constdata) for AHBPrescTable
    startup_stm32f103xe.o(STACK) refers (Special) to heapauxi.o(.text) for __use_two_region_memory
    startup_stm32f103xe.o(HEAP) refers (Special) to heapauxi.o(.text) for __use_two_region_memory
    startup_stm32f103xe.o(RESET) refers (Special) to heapauxi.o(.text) for __use_two_region_memory
    startup_stm32f103xe.o(RESET) refers to startup_stm32f103xe.o(STACK) for __initial_sp
    startup_stm32f103xe.o(RESET) refers to startup_stm32f103xe.o(.text) for Reset_Handler
    startup_stm32f103xe.o(RESET) refers to interrupts.o(i.NMI_Handler) for NMI_Handler
    startup_stm32f103xe.o(RESET) refers to interrupts.o(i.HardFault_Handler) for HardFault_Handler
    startup_stm32f103xe.o(RESET) refers to interrupts.o(i.MemManage_Handler) for MemManage_Handler
    startup_stm32f103xe.o(RESET) refers to interrupts.o(i.BusFault_Handler) for BusFault_Handler
    startup_stm32f103xe.o(RESET) refers to interrupts.o(i.UsageFault_Handler) for UsageFault_Handler
    startup_stm32f103xe.o(RESET) refers to interrupts.o(i.DebugMon_Handler) for DebugMon_Handler
    startup_stm32f103xe.o(RESET) refers to interrupts.o(i.SysTick_Handler) for SysTick_Handler
    startup_stm32f103xe.o(RESET) refers to leveldetection.o(i.EXTI9_5_IRQHandler) for EXTI9_5_IRQHandler
    startup_stm32f103xe.o(RESET) refers to pulse4axis.o(i.TIM2_IRQHandler) for TIM2_IRQHandler
    startup_stm32f103xe.o(RESET) refers to pulse4axis.o(i.TIM3_IRQHandler) for TIM3_IRQHandler
    startup_stm32f103xe.o(RESET) refers to pulse4axis.o(i.TIM4_IRQHandler) for TIM4_IRQHandler
    startup_stm32f103xe.o(RESET) refers to uart.o(i.USART1_IRQHandler) for USART1_IRQHandler
    startup_stm32f103xe.o(RESET) refers to uart.o(i.USART3_IRQHandler) for USART3_IRQHandler
    startup_stm32f103xe.o(RESET) refers to pulse4axis.o(i.TIM5_IRQHandler) for TIM5_IRQHandler
    startup_stm32f103xe.o(RESET) refers to uart.o(i.UART5_IRQHandler) for UART5_IRQHandler
    startup_stm32f103xe.o(RESET) refers to timer.o(i.TIM6_IRQHandler) for TIM6_IRQHandler
    startup_stm32f103xe.o(RESET) refers to timer.o(i.TIM7_IRQHandler) for TIM7_IRQHandler
    startup_stm32f103xe.o(.text) refers (Special) to heapauxi.o(.text) for __use_two_region_memory
    startup_stm32f103xe.o(.text) refers to system_stm32f1xx.o(i.SystemInit) for SystemInit
    startup_stm32f103xe.o(.text) refers to __main.o(!!!main) for __main
    startup_stm32f103xe.o(.text) refers to startup_stm32f103xe.o(HEAP) for Heap_Mem
    startup_stm32f103xe.o(.text) refers to startup_stm32f103xe.o(STACK) for Stack_Mem
    stm32f1xx_hal.o(i.HAL_DeInit) refers to stm32f1xx_hal.o(i.HAL_MspDeInit) for HAL_MspDeInit
    stm32f1xx_hal.o(i.HAL_Delay) refers to stm32f1xx_hal.o(i.HAL_GetTick) for HAL_GetTick
    stm32f1xx_hal.o(i.HAL_GetTick) refers to stm32f1xx_hal.o(.data) for uwTick
    stm32f1xx_hal.o(i.HAL_IncTick) refers to stm32f1xx_hal.o(.data) for uwTick
    stm32f1xx_hal.o(i.HAL_Init) refers to stm32f1xx_hal_cortex.o(i.HAL_NVIC_SetPriorityGrouping) for HAL_NVIC_SetPriorityGrouping
    stm32f1xx_hal.o(i.HAL_Init) refers to stm32f1xx_hal.o(i.HAL_InitTick) for HAL_InitTick
    stm32f1xx_hal.o(i.HAL_Init) refers to stm32f1xx_hal.o(i.HAL_MspInit) for HAL_MspInit
    stm32f1xx_hal.o(i.HAL_InitTick) refers to stm32f1xx_hal_cortex.o(i.HAL_SYSTICK_Config) for HAL_SYSTICK_Config
    stm32f1xx_hal.o(i.HAL_InitTick) refers to stm32f1xx_hal_cortex.o(i.HAL_NVIC_SetPriority) for HAL_NVIC_SetPriority
    stm32f1xx_hal.o(i.HAL_InitTick) refers to system_stm32f1xx.o(.data) for SystemCoreClock
    stm32f1xx_hal_cortex.o(i.HAL_NVIC_GetPriorityGrouping) refers to stm32f1xx_hal_cortex.o(i.NVIC_GetPriorityGrouping) for NVIC_GetPriorityGrouping
    stm32f1xx_hal_cortex.o(i.HAL_NVIC_SetPriority) refers to stm32f1xx_hal_cortex.o(i.NVIC_GetPriorityGrouping) for NVIC_GetPriorityGrouping
    stm32f1xx_hal_cortex.o(i.HAL_NVIC_SetPriority) refers to stm32f1xx_hal_cortex.o(i.NVIC_SetPriority) for NVIC_SetPriority
    stm32f1xx_hal_cortex.o(i.HAL_SYSTICK_Config) refers to stm32f1xx_hal_cortex.o(i.NVIC_SetPriority) for NVIC_SetPriority
    stm32f1xx_hal_cortex.o(i.HAL_SYSTICK_IRQHandler) refers to stm32f1xx_hal_cortex.o(i.HAL_SYSTICK_Callback) for HAL_SYSTICK_Callback
    stm32f1xx_hal_gpio.o(i.HAL_GPIO_EXTI_IRQHandler) refers to leveldetection.o(i.HAL_GPIO_EXTI_Callback) for HAL_GPIO_EXTI_Callback
    stm32f1xx_hal_rcc.o(i.HAL_RCC_ClockConfig) refers to stm32f1xx_hal.o(i.HAL_GetTick) for HAL_GetTick
    stm32f1xx_hal_rcc.o(i.HAL_RCC_ClockConfig) refers to stm32f1xx_hal_rcc.o(i.HAL_RCC_GetSysClockFreq) for HAL_RCC_GetSysClockFreq
[...]
    _memset_w                                0x0800072f   Thumb Code     0  rt_memclr_w.o(.text)
    strncpy                                  0x08000779   Thumb Code    86  strncpy.o(.text)
    strcmp                                   0x080007d1   Thumb Code   128  strcmpv7m.o(.text)
    __use_two_region_memory                  0x08000851   Thumb Code     2  heapauxi.o(.text)
    __rt_heap_escrow$2region                 0x08000853   Thumb Code     2  heapauxi.o(.text)
    __rt_heap_expand$2region                 0x08000855   Thumb Code     2  heapauxi.o(.text)
    __aeabi_errno_addr                       0x08000859   Thumb Code     8  rt_errno_addr_intlibspace.o(.text)
    __errno$intlibspace                      0x08000859   Thumb Code     0  rt_errno_addr_intlibspace.o(.text)
    __rt_errno_addr$intlibspace              0x08000859   Thumb Code     0  rt_errno_addr_intlibspace.o(.text)
    __read_errno                             0x08000861   Thumb Code    10  _rserrno.o(.text)
    __set_errno                              0x0800086b   Thumb Code    12  _rserrno.o(.text)
    _printf_truncate_signed                  0x08000877   Thumb Code    18  _printf_truncate.o(.text)
    _printf_truncate_unsigned                0x08000889   Thumb Code    18  _printf_truncate.o(.text)
    _printf_int_common                       0x0800089b   Thumb Code   178  _printf_intcommon.o(.text)
    _printf_int_dec                          0x0800094d   Thumb Code   104  _printf_dec.o(.text)
    _printf_charcount                        0x080009c5   Thumb Code    40  _printf_charcount.o(.text)
    _printf_char_common                      0x080009f7   Thumb Code    32  _printf_char_common.o(.text)
    _sputc                                   0x08000a1d   Thumb Code    10  _sputc.o(.text)
    _printf_cs_common                        0x08000a27   Thumb Code    20  _printf_char.o(.text)
    _printf_char                             0x08000a3b   Thumb Code    16  _printf_char.o(.text)
    _printf_string                           0x08000a4b   Thumb Code     8  _printf_char.o(.text)
    _printf_wctomb                           0x08000a55   Thumb Code   182  _printf_wctomb.o(.text)
    _printf_longlong_dec                     0x08000b11   Thumb Code   108  _printf_longlong_dec.o(.text)
    _printf_longlong_oct                     0x08000b8d   Thumb Code    66  _printf_oct_int_ll.o(.text)
    _printf_int_oct                          0x08000bcf   Thumb Code    24  _printf_oct_int_ll.o(.text)
    _printf_ll_oct                           0x08000be7   Thumb Code    12  _printf_oct_int_ll.o(.text)
    strtol                                   0x08000bfd   Thumb Code   112  strtol.o(.text)
    __aeabi_memcpy4                          0x08000c6d   Thumb Code     0  rt_memcpy_w.o(.text)
    __aeabi_memcpy8                          0x08000c6d   Thumb Code     0  rt_memcpy_w.o(.text)
    __rt_memcpy_w                            0x08000c6d   Thumb Code   100  rt_memcpy_w.o(.text)
    _memcpy_lastbytes_aligned                0x08000cb5   Thumb Code     0  rt_memcpy_w.o(.text)
    __aeabi_memmove4                         0x08000cd1   Thumb Code     0  rt_memmove_w.o(.text)
    __aeabi_memmove8                         0x08000cd1   Thumb Code     0  rt_memmove_w.o(.text)
    __rt_memmove_w                           0x08000cd1   Thumb Code   122  rt_memmove_w.o(.text)
    __memmove_aligned                        0x08000cf7   Thumb Code     0  rt_memmove_w.o(.text)
    __memmove_lastfew_aligned                0x08000d2f   Thumb Code     0  rt_memmove_w.o(.text)
    __aeabi_memclr                           0x08000d4b   Thumb Code     0  rt_memclr.o(.text)
    __rt_memclr                              0x08000d4b   Thumb Code    68  rt_memclr.o(.text)
    _memset                                  0x08000d4f   Thumb Code     0  rt_memclr.o(.text)
    __user_libspace                          0x08000d91   Thumb Code     8  libspace.o(.text)
    __user_perproc_libspace                  0x08000d91   Thumb Code     0  libspace.o(.text)
    __user_perthread_libspace                0x08000d91   Thumb Code     0  libspace.o(.text)
    __rt_ctype_table                         0x08000d99   Thumb Code    16  rt_ctype_table.o(.text)
    _ll_udiv10                               0x08000da9   Thumb Code   138  lludiv10.o(.text)
    __lib_sel_fp_printf                      0x08000e33   Thumb Code     2  _printf_fp_dec.o(.text)
    _printf_fp_dec_real                      0x08000fe1   Thumb Code   620  _printf_fp_dec.o(.text)
    _printf_fp_hex_real                      0x0800124d   Thumb Code   756  _printf_fp_hex.o(.text)
    _printf_lcs_common                       0x08001549   Thumb Code    20  _printf_wchar.o(.text)
    _printf_wchar                            0x0800155d   Thumb Code    16  _printf_wchar.o(.text)
    _printf_wstring                          0x0800156d   Thumb Code     8  _printf_wchar.o(.text)
    _strtoul                                 0x08001575   Thumb Code   158  _strtoul.o(.text)
    _wcrtomb                                 0x08001613   Thumb Code    64  _wcrtomb.o(.text)
    __user_setup_stackheap                   0x08001653   Thumb Code    74  sys_stackheap_outer.o(.text)
    __rt_locale                              0x0800169d   Thumb Code     8  rt_locale_intlibspace.o(.text)
    _printf_fp_infnan                        0x080016a5   Thumb Code   112  _printf_fp_infnan.o(.text)
    _chval                                   0x08001725   Thumb Code    28  _chval.o(.text)
    _btod_etento                             0x08001741   Thumb Code   216  bigflt0.o(.text)
    exit                                     0x0800181d   Thumb Code    18  exit.o(.text)
    _sys_exit                                0x08001831   Thumb Code     8  sys_exit.o(.text)
    __I$use$semihosting                      0x0800183d   Thumb Code     0  use_no_semi.o(.text)
    __use_no_semihosting_swi                 0x0800183d   Thumb Code     2  use_no_semi.o(.text)
    __semihosting_library_function           0x0800183f   Thumb Code     0  indicate_semi.o(.text)
    _btod_d2e                                0x0800183f   Thumb Code    62  btod.o(CL$$btod_d2e)
    _d2e_denorm_low                          0x0800187d   Thumb Code    70  btod.o(CL$$btod_d2e_denorm_low)
    _d2e_norm_op1                            0x080018c3   Thumb Code    96  btod.o(CL$$btod_d2e_norm_op1)
    __btod_div_common                        0x08001923   Thumb Code   696  btod.o(CL$$btod_div_common)
    _e2e                                     0x08001c5b   Thumb Code   198  btod.o(CL$$btod_e2e)
    _btod_ediv                               0x08001d21   Thumb Code    40  btod.o(CL$$btod_ediv)
    _btod_emul                               0x08001d49   Thumb Code    40  btod.o(CL$$btod_emul)
    __btod_mult_common                       0x08001d71   Thumb Code   580  btod.o(CL$$btod_mult_common)
    BoardGetConsoleUart                      0x08001fb5   Thumb Code     6  board.o(i.BoardGetConsoleUart)
    BoardGetGpio                             0x08001fc1   Thumb Code    18  board.o(i.BoardGetGpio)
    BoardGetHostUart                         0x08001fd9   Thumb Code     6  board.o(i.BoardGetHostUart)
    BoardGetPulse                            0x08001fe5   Thumb Code    10  board.o(i.BoardGetPulse)
    BoardGetSlaveUart                        0x08001ff5   Thumb Code     6  board.o(i.BoardGetSlaveUart)
    BoardGetSpiFRam                          0x08002001   Thumb Code     8  board.o(i.BoardGetSpiFRam)
    BoardInit                                0x080021b9   Thumb Code   118  board.o(i.BoardInit)
    BufferAppend                             0x08002235   Thumb Code   166  buffer.o(i.BufferAppend)
    BufferAppendByte                         0x080022db   Thumb Code    48  buffer.o(i.BufferAppendByte)
    BufferCreate                             0x0800230b   Thumb Code    36  buffer.o(i.BufferCreate)
    BufferIsFull                             0x0800232f   Thumb Code    38  buffer.o(i.BufferIsFull)
    BufferLength                             0x08002355   Thumb Code    34  buffer.o(i.BufferLength)
    BufferPeek                               0x08002377   Thumb Code   132  buffer.o(i.BufferPeek)
    BufferPop                                0x080023fb   Thumb Code    52  buffer.o(i.BufferPop)
    BufferSize                               0x0800242f   Thumb Code    12  buffer.o(i.BufferSize)
    BusFault_Handler                         0x0800243b   Thumb Code     4  interrupts.o(i.BusFault_Handler)
    CloseLiquid                              0x080026a1   Thumb Code    22  stateready.o(i.CloseLiquid)
    ConfigCheck                              0x080026b9   Thumb Code    44  config.o(i.ConfigCheck)
    ConfigGet                                0x080026e9   Thumb Code    22  config.o(i.ConfigGet)
    ConfigGetDword                           0x080026ff   Thumb Code    12  config.o(i.ConfigGetDword)
    ConfigInit                               0x08002755   Thumb Code    90  config.o(i.ConfigInit)
    ConfigResetDefault                       0x080027e5   Thumb Code    68  config.o(i.ConfigResetDefault)
    ConfigSet                                0x08002831   Thumb Code    86  config.o(i.ConfigSet)
    ConfigSetDone                            0x08002887   Thumb Code    18  config.o(i.ConfigSetDone)
    ConfigSetDword                           0x08002899   Thumb Code    16  config.o(i.ConfigSetDword)
    ConsoleInit                              0x080028a9   Thumb Code    80  console.o(i.ConsoleInit)
    ConsoleProcess                           0x080029a9   Thumb Code    66  console.o(i.ConsoleProcess)
    DebugError                               0x08002a55   Thumb Code    94  console.o(i.DebugError)
    DebugHex                                 0x08002ac9   Thumb Code    80  console.o(i.DebugHex)
    DebugHexColor                            0x08002b2d   Thumb Code    80  console.o(i.DebugHexColor)
    DebugLog                                 0x08002b91   Thumb Code    52  console.o(i.DebugLog)
    DebugMon_Handler                         0x08002bc9   Thumb Code     4  interrupts.o(i.DebugMon_Handler)
    DebugRegister                            0x08002bcd   Thumb Code    74  console.o(i.DebugRegister)
    DebugWarning                             0x08002c45   Thumb Code    94  console.o(i.DebugWarning)
    DirSortOut                               0x08002cb9   Thumb Code    64  stateready.o(i.DirSortOut)
    EXTI9_5_IRQHandler                       0x08002cf9   Thumb Code    10  leveldetection.o(i.EXTI9_5_IRQHandler)
    FramInit                                 0x08002d79   Thumb Code   126  framfm25cl64b.o(i.FramInit)
    FramRead                                 0x08002e61   Thumb Code   120  framfm25cl64b.o(i.FramRead)
    FramWrite                                0x08002f29   Thumb Code   122  framfm25cl64b.o(i.FramWrite)
    GetAccelerateTable                       0x0800300d   Thumb Code    22  acceleratetable.o(i.GetAccelerateTable)
    GetInitOptDistance                       0x08003029   Thumb Code     8  stepmotor.o(i.GetInitOptDistance)
    GetMotorMovPos                           0x08003031   Thumb Code    12  stepmotor.o(i.GetMotorMovPos)
    GetSubPwm                                0x0800303d   Thumb Code    82  stateclean.o(i.GetSubPwm)
    GpioExitInit                             0x08003375   Thumb Code    60  gpio.o(i.GpioExitInit)
    GpioGet                                  0x080033b1   Thumb Code    24  gpio.o(i.GpioGet)
    GpioHighInit                             0x080033c9   Thumb Code    48  gpio.o(i.GpioHighInit)
    GpioInit                                 0x080033f9   Thumb Code    48  gpio.o(i.GpioInit)
    GpioSet                                  0x08003429   Thumb Code    38  gpio.o(i.GpioSet)
    HAL_CRC_Accumulate                       0x0800344f   Thumb Code    66  stm32f1xx_hal_crc.o(i.HAL_CRC_Accumulate)
    HAL_CRC_Calculate                        0x08003491   Thumb Code    78  stm32f1xx_hal_crc.o(i.HAL_CRC_Calculate)
    HAL_CRC_Init                             0x080034df   Thumb Code    32  stm32f1xx_hal_crc.o(i.HAL_CRC_Init)
    HAL_CRC_MspInit                          0x080034ff   Thumb Code     2  stm32f1xx_hal_crc.o(i.HAL_CRC_MspInit)
    HAL_DMA_Abort_IT                         0x08003501   Thumb Code   414  stm32f1xx_hal_dma.o(i.HAL_DMA_Abort_IT)
    HAL_Delay                                0x080036a9   Thumb Code    30  stm32f1xx_hal.o(i.HAL_Delay)
    HAL_GPIO_EXTI_Callback                   0x080036c9   Thumb Code    44  leveldetection.o(i.HAL_GPIO_EXTI_Callback)
    HAL_GPIO_EXTI_IRQHandler                 0x080036f9   Thumb Code    24  stm32f1xx_hal_gpio.o(i.HAL_GPIO_EXTI_IRQHandler)
    HAL_GPIO_Init                            0x08003715   Thumb Code   790  stm32f1xx_hal_gpio.o(i.HAL_GPIO_Init)
    HAL_GPIO_ReadPin                         0x08003a55   Thumb Code    16  stm32f1xx_hal_gpio.o(i.HAL_GPIO_ReadPin)
    HAL_GPIO_WritePin                        0x08003a65   Thumb Code    12  stm32f1xx_hal_gpio.o(i.HAL_GPIO_WritePin)
    HAL_GetTick                              0x08003a71   Thumb Code     6  stm32f1xx_hal.o(i.HAL_GetTick)
    HAL_IncTick                              0x08003a7d   Thumb Code    12  stm32f1xx_hal.o(i.HAL_IncTick)
    HAL_Init                                 0x08003a8d   Thumb Code    34  stm32f1xx_hal.o(i.HAL_Init)
    HAL_InitTick                             0x08003ab5   Thumb Code    36  stm32f1xx_hal.o(i.HAL_InitTick)
    HAL_MspInit                              0x08003add   Thumb Code     2  stm32f1xx_hal.o(i.HAL_MspInit)
    HAL_NVIC_EnableIRQ                       0x08003adf   Thumb Code    26  stm32f1xx_hal_cortex.o(i.HAL_NVIC_EnableIRQ)
    HAL_NVIC_SetPriority                     0x08003af9   Thumb Code   124  stm32f1xx_hal_cortex.o(i.HAL_NVIC_SetPriority)
    HAL_NVIC_SetPriorityGrouping             0x08003b75   Thumb Code    32  stm32f1xx_hal_cortex.o(i.HAL_NVIC_SetPriorityGrouping)
    HAL_RCC_ClockConfig                      0x08003b9d   Thumb Code   402  stm32f1xx_hal_rcc.o(i.HAL_RCC_ClockConfig)
    HAL_RCC_GetHCLKFreq                      0x08003d41   Thumb Code     6  stm32f1xx_hal_rcc.o(i.HAL_RCC_GetHCLKFreq)
    HAL_RCC_GetPCLK1Freq                     0x08003d4d   Thumb Code    22  stm32f1xx_hal_rcc.o(i.HAL_RCC_GetPCLK1Freq)
    HAL_RCC_GetPCLK2Freq                     0x08003d6d   Thumb Code    22  stm32f1xx_hal_rcc.o(i.HAL_RCC_GetPCLK2Freq)
    HAL_RCC_GetSysClockFreq                  0x08003d8d   Thumb Code   118  stm32f1xx_hal_rcc.o(i.HAL_RCC_GetSysClockFreq)
    HAL_RCC_OscConfig                        0x08003e29   Thumb Code  1078  stm32f1xx_hal_rcc.o(i.HAL_RCC_OscConfig)
    HAL_SPI_Init                             0x08004269   Thumb Code   154  stm32f1xx_hal_spi.o(i.HAL_SPI_Init)
    HAL_SPI_MspInit                          0x08004303   Thumb Code     2  stm32f1xx_hal_spi.o(i.HAL_SPI_MspInit)
    HAL_SPI_Receive                          0x08004305   Thumb Code   586  stm32f1xx_hal_spi.o(i.HAL_SPI_Receive)
    HAL_SPI_Transmit                         0x0800454f   Thumb Code   480  stm32f1xx_hal_spi.o(i.HAL_SPI_Transmit)
    HAL_SPI_TransmitReceive                  0x0800472f   Thumb Code   756  stm32f1xx_hal_spi.o(i.HAL_SPI_TransmitReceive)
    HAL_SYSTICK_CLKSourceConfig              0x08004a23   Thumb Code    40  stm32f1xx_hal_cortex.o(i.HAL_SYSTICK_CLKSourceConfig)
    HAL_SYSTICK_Callback                     0x08004a4b   Thumb Code     2  stm32f1xx_hal_cortex.o(i.HAL_SYSTICK_Callback)
    HAL_SYSTICK_Config                       0x08004a4d   Thumb Code    52  stm32f1xx_hal_cortex.o(i.HAL_SYSTICK_Config)
    HAL_SYSTICK_IRQHandler                   0x08004a81   Thumb Code     8  stm32f1xx_hal_cortex.o(i.HAL_SYSTICK_IRQHandler)
    HAL_TIMEx_BreakCallback                  0x08004a89   Thumb Code     2  stm32f1xx_hal_tim_ex.o(i.HAL_TIMEx_BreakCallback)
    HAL_TIMEx_CommutationCallback            0x08004a8b   Thumb Code     2  stm32f1xx_hal_tim_ex.o(i.HAL_TIMEx_CommutationCallback)
    HAL_TIM_Base_Init                        0x08004a8d   Thumb Code    52  stm32f1xx_hal_tim.o(i.HAL_TIM_Base_Init)
    HAL_TIM_Base_MspInit                     0x08004ac1   Thumb Code     2  stm32f1xx_hal_tim.o(i.HAL_TIM_Base_MspInit)
    HAL_TIM_Base_Start_IT                    0x08004ac3   Thumb Code    30  stm32f1xx_hal_tim.o(i.HAL_TIM_Base_Start_IT)
    HAL_TIM_Base_Stop                        0x08004ae1   Thumb Code    56  stm32f1xx_hal_tim.o(i.HAL_TIM_Base_Stop)
    HAL_TIM_Base_Stop_IT                     0x08004b19   Thumb Code    56  stm32f1xx_hal_tim.o(i.HAL_TIM_Base_Stop_IT)
    HAL_TIM_IC_CaptureCallback               0x08004b51   Thumb Code     2  stm32f1xx_hal_tim.o(i.HAL_TIM_IC_CaptureCallback)
    HAL_TIM_IRQHandler                       0x08004b53   Thumb Code   406  stm32f1xx_hal_tim.o(i.HAL_TIM_IRQHandler)
    HAL_TIM_OC_DelayElapsedCallback          0x08004ce9   Thumb Code     2  stm32f1xx_hal_tim.o(i.HAL_TIM_OC_DelayElapsedCallback)
    HAL_TIM_PWM_PulseFinishedCallback        0x08004ceb   Thumb Code     2  stm32f1xx_hal_tim.o(i.HAL_TIM_PWM_PulseFinishedCallback)
    HAL_TIM_PeriodElapsedCallback            0x08004ced   Thumb Code   106  pulse4axis.o(i.HAL_TIM_PeriodElapsedCallback)
    HAL_TIM_TriggerCallback                  0x08004d61   Thumb Code     2  stm32f1xx_hal_tim.o(i.HAL_TIM_TriggerCallback)
    HAL_UART_ErrorCallback                   0x08004d63   Thumb Code     2  stm32f1xx_hal_uart.o(i.HAL_UART_ErrorCallback)
    HAL_UART_GetState                        0x08004d65   Thumb Code    20  stm32f1xx_hal_uart.o(i.HAL_UART_GetState)
    HAL_UART_IRQHandler                      0x08004d79   Thumb Code   326  stm32f1xx_hal_uart.o(i.HAL_UART_IRQHandler)
    HAL_UART_Init                            0x08004ec5   Thumb Code   114  stm32f1xx_hal_uart.o(i.HAL_UART_Init)
    HAL_UART_MspInit                         0x08004f37   Thumb Code     2  stm32f1xx_hal_uart.o(i.HAL_UART_MspInit)
    HAL_UART_Receive_IT                      0x08004f39   Thumb Code   112  stm32f1xx_hal_uart.o(i.HAL_UART_Receive_IT)
    HAL_UART_RxCpltCallback                  0x08004fa9   Thumb Code   110  uart.o(i.HAL_UART_RxCpltCallback)
    HAL_UART_Transmit_IT                     0x0800501d   Thumb Code    88  stm32f1xx_hal_uart.o(i.HAL_UART_Transmit_IT)
    HAL_UART_TxCpltCallback                  0x08005075   Thumb Code     2  stm32f1xx_hal_uart.o(i.HAL_UART_TxCpltCallback)
    HardFault_Handler                        0x08005077   Thumb Code     4  interrupts.o(i.HardFault_Handler)
    HostAck                                  0x0800507d   Thumb Code   136  host.o(i.HostAck)
    HostGetConsoleTag                        0x08005249   Thumb Code     6  host.o(i.HostGetConsoleTag)
    HostInit                                 0x08005255   Thumb Code    74  host.o(i.HostInit)
    HostParserRegister                       0x080052c1   Thumb Code    78  host.o(i.HostParserRegister)
    HostProcess                              0x08005361   Thumb Code   120  host.o(i.HostProcess)
    HostRegeInit                             0x080053f1   Thumb Code    12  hostrege.o(i.HostRegeInit)
    HostResponse                             0x080055f9   Thumb Code   160  host.o(i.HostResponse)
    LiquidneedleDisable                      0x080057a9   Thumb Code     8  leveldetection.o(i.LiquidneedleDisable)
    LiquidneedleEnable                       0x080057b5   Thumb Code     8  leveldetection.o(i.LiquidneedleEnable)
    MemManage_Handler                        0x080057c1   Thumb Code     4  interrupts.o(i.MemManage_Handler)
    MessageGet                               0x080057c5   Thumb Code    66  message.o(i.MessageGet)
    MessagePost                              0x0800580d   Thumb Code    88  message.o(i.MessagePost)
    MessageQueueInit                         0x08005869   Thumb Code    38  message.o(i.MessageQueueInit)
    MessageQueueProcess                      0x080058a9   Thumb Code    30  message.o(i.MessageQueueProcess)
    MessageRegisterHandler                   0x080058cd   Thumb Code    32  message.o(i.MessageRegisterHandler)
    NMI_Handler                              0x08005aa5   Thumb Code     4  interrupts.o(i.NMI_Handler)
    OpenLiquid                               0x08005ae1   Thumb Code    22  stateready.o(i.OpenLiquid)
    PulseGetObject                           0x08005b35   Thumb Code   100  pulse4axis.o(i.PulseGetObject)
    PulseInit                                0x08005b9d   Thumb Code   682  pulse4axis.o(i.PulseInit)
    PulseSetFreq                             0x08005e61   Thumb Code    76  pulse4axis.o(i.PulseSetFreq)
    PulseSetOwner                            0x08005eb1   Thumb Code     6  pulse4axis.o(i.PulseSetOwner)
    PulseStart                               0x08005eb7   Thumb Code    46  pulse4axis.o(i.PulseStart)
    PulseStop                                0x08005ee5   Thumb Code    36  pulse4axis.o(i.PulseStop)
    RegeInit                                 0x080066a5   Thumb Code   324  regent.o(i.RegeInit)
    RegeMessageHandler                       0x08006811   Thumb Code   750  regent.o(i.RegeMessageHandler)
    RegeResetNoOptProcessHandle2             0x08006b0d   Thumb Code   392  statereset.o(i.RegeResetNoOptProcessHandle2)
    RegeResetOptProcessHandle                0x08006c99   Thumb Code   268  statereset.o(i.RegeResetOptProcessHandle)
    RegeSendCmdCtlPid                        0x08006da9   Thumb Code    20  slaverege.o(i.RegeSendCmdCtlPid)
    RegeSendCmdTemp                          0x08006dbd   Thumb Code    18  slaverege.o(i.RegeSendCmdTemp)
    RegeSendSlaveCmdMode                     0x08006dcf   Thumb Code    56  slaverege.o(i.RegeSendSlaveCmdMode)
    RegeStateBasicCmdMessageHandler          0x08006e07   Thumb Code    44  stateready.o(i.RegeStateBasicCmdMessageHandler)
    RegeStateClnMessageHandler               0x08006e35   Thumb Code   148  stateclean.o(i.RegeStateClnMessageHandler)
    RegeStateDraMessageHandler               0x08006ed1   Thumb Code   468  statedrain.o(i.RegeStateDraMessageHandler)
    RegeStateEndHandler                      0x080070b1   Thumb Code     8  stateready.o(i.RegeStateEndHandler)
    RegeStateMotorResetMessageHandler        0x08007141   Thumb Code   574  statereset.o(i.RegeStateMotorResetMessageHandler)
    RegeStateMotorZaixDetMessageHandler      0x08007389   Thumb Code   268  stateready.o(i.RegeStateMotorZaixDetMessageHandler)
    RegeStateMvMessageHandler                0x080074a5   Thumb Code   136  statemovework.o(i.RegeStateMvMessageHandler)
    RegeStateReadyMessageHandler             0x08007531   Thumb Code   730  stateready.o(i.RegeStateReadyMessageHandler)
    RegeStateSubMessageHandler               0x08007815   Thumb Code   248  statesub.o(i.RegeStateSubMessageHandler)
    RegeSubAirPluseNum                       0x08007921   Thumb Code   218  stateready.o(i.RegeSubAirPluseNum)
    RegeWrkStateMessageHandler               0x08007b85   Thumb Code   178  statemovework.o(i.RegeWrkStateMessageHandler)
    SPI_ISCRCErrorValid                      0x08007cb9   Thumb Code     6  stm32f1xx_hal_spi.o(i.SPI_ISCRCErrorValid)
    SendResultMessage                        0x080080d1   Thumb Code   200  sendresultcode.o(i.SendResultMessage)
    SlaveInit                                0x080082ad   Thumb Code    58  slaverege.o(i.SlaveInit)
    SlaveProcess                             0x0800830d   Thumb Code   186  slaverege.o(i.SlaveProcess)
    SlaveSend                                0x080083d1   Thumb Code   146  slaverege.o(i.SlaveSend)
    SpiDisableCS                             0x08008677   Thumb Code    18  spi.o(i.SpiDisableCS)
    SpiEnableCS                              0x08008689   Thumb Code    18  spi.o(i.SpiEnableCS)
    SpiGetObject                             0x0800869d   Thumb Code   126  spi.o(i.SpiGetObject)
    SpiInit                                  0x08008729   Thumb Code   388  spi.o(i.SpiInit)
    SpiRecv                                  0x080088c1   Thumb Code    56  spi.o(i.SpiRecv)
    SpiSend                                  0x080088f9   Thumb Code    56  spi.o(i.SpiSend)
    StepMotorBrake                           0x08008931   Thumb Code    16  stepmotor.o(i.StepMotorBrake)
    StepMotorEnable                          0x08008941   Thumb Code    20  stepmotor.o(i.StepMotorEnable)
    StepMotorGetPos                          0x08008955   Thumb Code    12  stepmotor.o(i.StepMotorGetPos)
    StepMotorGetState                        0x08008961   Thumb Code    12  stepmotor.o(i.StepMotorGetState)
    StepMotorInit                            0x0800896d   Thumb Code    62  stepmotor.o(i.StepMotorInit)
    StepMotorMovAbs                          0x080089b1   Thumb Code    36  stepmotor.o(i.StepMotorMovAbs)
    StepMotorMovRel                          0x080089d5   Thumb Code   148  stepmotor.o(i.StepMotorMovRel)
    StepMotorMovUntilOpto                    0x08008a69   Thumb Code    62  stepmotor.o(i.StepMotorMovUntilOpto)
    StepMotorSetCallback                     0x08008aa7   Thumb Code     8  stepmotor.o(i.StepMotorSetCallback)
    StepMotorSubAirCallback                  0x08008ab1   Thumb Code    68  stateready.o(i.StepMotorSubAirCallback)
    StepSYNAxisMotorMovAbs                   0x08008afd   Thumb Code    36  stepmotorrege.o(i.StepSYNAxisMotorMovAbs)
    StepSYNAxisMotorMovRel                   0x08008b21   Thumb Code    54  stepmotorrege.o(i.StepSYNAxisMotorMovRel)
    StepSYNAxisMotorMovUntilOpto             0x08008b5d   Thumb Code    62  stepmotorrege.o(i.StepSYNAxisMotorMovUntilOpto)
    StepZAxisMotorMovAbs                     0x08008b9b   Thumb Code    36  stepmotorrege.o(i.StepZAxisMotorMovAbs)
    StepZAxisMotorMovRel                     0x08008bc1   Thumb Code    54  stepmotorrege.o(i.StepZAxisMotorMovRel)
    StepZAxisMotorMovUntilOpto               0x08008bfd   Thumb Code    62  stepmotorrege.o(i.StepZAxisMotorMovUntilOpto)
    SysTick_Handler                          0x08008c3b   Thumb Code    12  interrupts.o(i.SysTick_Handler)
    SystemInit                               0x08008c49   Thumb Code    70  system_stm32f1xx.o(i.SystemInit)
    TIM2_IRQHandler                          0x08008ca1   Thumb Code    10  pulse4axis.o(i.TIM2_IRQHandler)
    TIM3_IRQHandler                          0x08008cb1   Thumb Code    10  pulse4axis.o(i.TIM3_IRQHandler)
    TIM4_IRQHandler                          0x08008cc1   Thumb Code    10  pulse4axis.o(i.TIM4_IRQHandler)
    TIM5_IRQHandler                          0x08008cd1   Thumb Code    10  pulse4axis.o(i.TIM5_IRQHandler)
    TIM6_IRQHandler                          0x08008ce1   Thumb Code    70  timer.o(i.TIM6_IRQHandler)
    TIM7_IRQHandler                          0x08008d31   Thumb Code    70  timer.o(i.TIM7_IRQHandler)
    TIM_Base_SetConfig                       0x08008d81   Thumb Code   132  stm32f1xx_hal_tim.o(i.TIM_Base_SetConfig)
    TimerInit                                0x08008e19   Thumb Code    12  timer.o(i.TimerInit)
    TimerInit2                               0x08008e3d   Thumb Code    12  timer.o(i.TimerInit2)
    TimerStart                               0x08008e61   Thumb Code    28  timer.o(i.TimerStart)
    TimerStart2                              0x08008e81   Thumb Code    28  timer.o(i.TimerStart2)
    TimerStartMs                             0x08008ea1   Thumb Code   114  timer.o(i.TimerStartMs)
    TimerStartMs2                            0x08008f21   Thumb Code   114  timer.o(i.TimerStartMs2)
    TimerStop                                0x08008fa1   Thumb Code    22  timer.o(i.TimerStop)
    TimerStop2                               0x08008fc1   Thumb Code    22  timer.o(i.TimerStop2)
    UART5_IRQHandler                         0x08009019   Thumb Code    10  uart.o(i.UART5_IRQHandler)
    USART1_IRQHandler                        0x08009355   Thumb Code    10  uart.o(i.USART1_IRQHandler)
    USART3_IRQHandler                        0x08009365   Thumb Code    10  uart.o(i.USART3_IRQHandler)
    UartGetObject                            0x08009375   Thumb Code    74  uart.o(i.UartGetObject)
    UartInit                                 0x080093c5   Thumb Code   572  uart.o(i.UartInit)
    UartSend                                 0x08009621   Thumb Code   112  uart.o(i.UartSend)
    UsageFault_Handler                       0x08009691   Thumb Code     4  interrupts.o(i.UsageFault_Handler)
    __ARM_fpclassify                         0x08009695   Thumb Code    40  fpclassify.o(i.__ARM_fpclassify)
    _is_digit                                0x080096bd   Thumb Code    14  __printf_wp.o(i._is_digit)
    main                                     0x08009779   Thumb Code    80  main.o(i.main)
    sqrt                                     0x080097f5   Thumb Code    76  sqrt.o(i.sqrt)
    _get_lc_ctype                            0x08009841   Thumb Code    44  lc_ctype_c.o(locale$$code)
    _get_lc_numeric                          0x0800986d   Thumb Code    44  lc_numeric_c.o(locale$$code)
    __aeabi_ddiv                             0x08009899   Thumb Code     0  ddiv.o(x$fpl$ddiv)
    _ddiv                                    0x08009899   Thumb Code   552  ddiv.o(x$fpl$ddiv)
    __aeabi_d2iz                             0x08009b49   Thumb Code     0  dfix.o(x$fpl$dfix)
    _dfix                                    0x08009b49   Thumb Code    94  dfix.o(x$fpl$dfix)
    __aeabi_dmul                             0x08009ba9   Thumb Code     0  dmul.o(x$fpl$dmul)
    _dmul                                    0x08009ba9   Thumb Code   332  dmul.o(x$fpl$dmul)
    __fpl_dnaninf                            0x08009cfd   Thumb Code   156  dnaninf.o(x$fpl$dnaninf)
    __fpl_dretinf                            0x08009d99   Thumb Code    12  dretinf.o(x$fpl$dretinf)
    _dsqrt                                   0x08009da5   Thumb Code   456  dsqrt_noumaal.o(x$fpl$dsqrt)
    __aeabi_f2d                              0x08009f71   Thumb Code     0  f2d.o(x$fpl$f2d)
    _f2d                                     0x08009f71   Thumb Code    86  f2d.o(x$fpl$f2d)
    __aeabi_fadd                             0x08009fc9   Thumb Code     0  faddsub_clz.o(x$fpl$fadd)
    _fadd                                    0x08009fc9   Thumb Code   196  faddsub_clz.o(x$fpl$fadd)
    __aeabi_fdiv                             0x0800a08d   Thumb Code     0  fdiv.o(x$fpl$fdiv)
    _fdiv                                    0x0800a08d   Thumb Code   384  fdiv.o(x$fpl$fdiv)
    __aeabi_f2iz                             0x0800a211   Thumb Code     0  ffix.o(x$fpl$ffix)
    _ffix                                    0x0800a211   Thumb Code    54  ffix.o(x$fpl$ffix)
    __aeabi_i2f                              0x0800a249   Thumb Code     0  fflt_clz.o(x$fpl$fflt)
    _fflt                                    0x0800a249   Thumb Code    48  fflt_clz.o(x$fpl$fflt)
    __aeabi_fmul                             0x0800a279   Thumb Code     0  fmul.o(x$fpl$fmul)
    _fmul                                    0x0800a279   Thumb Code   258  fmul.o(x$fpl$fmul)
    __fpl_fnaninf                            0x0800a37b   Thumb Code   140  fnaninf.o(x$fpl$fnaninf)
    __fpl_fretinf                            0x0800a407   Thumb Code    10  fretinf.o(x$fpl$fretinf)
    __aeabi_fsub                             0x0800a411   Thumb Code     0  faddsub_clz.o(x$fpl$fsub)
    _fsub                                    0x0800a411   Thumb Code   234  faddsub_clz.o(x$fpl$fsub)
    _printf_fp_dec                           0x0800a4fb   Thumb Code     4  printf1.o(x$fpl$printf1)
    _printf_fp_hex                           0x0800a4ff   Thumb Code     4  printf2.o(x$fpl$printf2)
    AHBPrescTable                            0x0800a502   Data          16  system_stm32f1xx.o(.constdata)
    __I$use$fp                               0x0800a502   Number         0  usenofp.o(x$fpl$usenofp)
    APBPrescTable                            0x0800a512   Data           8  system_stm32f1xx.o(.constdata)
    AxisPos                                  0x0800b2a8   Data         224  statemovework.o(.constdata)
    configDefault                            0x0800b388   Data         852  configreage.o(.constdata)
    Region$$Table$$Base                      0x0800b7dc   Number         0  anon$$obj.o(Region$$Table)
    Region$$Table$$Limit                     0x0800b7fc   Number         0  anon$$obj.o(Region$$Table)
    __ctype                                  0x0800b809   Data           0  lc_ctype_c.o(locale$$data)
    SystemCoreClock                          0x20000000   Data           4  system_stm32f1xx.o(.data)
    uwTick                                   0x20000004   Data           4  stm32f1xx_hal.o(.data)
    crcHandle                                0x20000008   Data           8  config.o(.data)
    MainState                                0x20000ab0   Data         864  regent.o(.bss)
    __libspace_start                         0x20000f3c   Data          96  libspace.o(.bss)
    __temporary_stack_top$libspace           0x20000f9c   Data           0  libspace.o(.bss)



==============================================================================

Memory Map of the image

  Image Entry point : 0x08000131

  Load Region LR_IROM1 (Base: 0x08000000, Size: 0x0000b954, Max: 0x00080000, ABSOLUTE)

    Execution Region ER_IROM1 (Base: 0x08000000, Size: 0x0000b928, Max: 0x00080000, ABSOLUTE)

    Base Addr    Size         Type   Attr      Idx    E Section Name        Object

    0x08000000   0x00000130   Data   RO          210    RESET               startup_stm32f103xe.o
    0x08000130   0x00000008   Code   RO         4510  * !!!main             c_w.l(__main.o)
    0x08000138   0x00000034   Code   RO         4854    !!!scatter          c_w.l(__scatter.o)
    0x0800016c   0x0000001a   Code   RO         4856    !!handler_copy      c_w.l(__scatter_copy.o)
    0x08000186   0x00000002   PAD
    0x08000188   0x0000001c   Code   RO         4858    !!handler_zi        c_w.l(__scatter_zi.o)
    0x080001a4   0x00000000   Code   RO         4493    .ARM.Collect$$_printf_percent$$00000000  c_w.l(_printf_percent.o)
    0x080001a4   0x00000006   Code   RO         4588    .ARM.Collect$$_printf_percent$$00000001  c_w.l(_printf_n.o)
    0x080001aa   0x00000006   Code   RO         4589    .ARM.Collect$$_printf_percent$$00000002  c_w.l(_printf_p.o)
    0x080001b0   0x00000006   Code   RO         4594    .ARM.Collect$$_printf_percent$$00000003  c_w.l(_printf_f.o)
    0x080001b6   0x00000006   Code   RO         4595    .ARM.Collect$$_printf_percent$$00000004  c_w.l(_printf_e.o)
    0x080001bc   0x00000006   Code   RO         4596    .ARM.Collect$$_printf_percent$$00000005  c_w.l(_printf_g.o)
    0x080001c2   0x00000006   Code   RO         4597    .ARM.Collect$$_printf_percent$$00000006  c_w.l(_printf_a.o)
    0x080001c8   0x0000000a   Code   RO         4602    .ARM.Collect$$_printf_percent$$00000007  c_w.l(_printf_ll.o)
    0x080001d2   0x00000006   Code   RO         4591    .ARM.Collect$$_printf_percent$$00000008  c_w.l(_printf_i.o)
    0x080001d8   0x00000006   Code   RO         4592    .ARM.Collect$$_printf_percent$$00000009  c_w.l(_printf_d.o)
    0x080001de   0x00000006   Code   RO         4593    .ARM.Collect$$_printf_percent$$0000000A  c_w.l(_printf_u.o)
    0x080001e4   0x00000006   Code   RO         4590    .ARM.Collect$$_printf_percent$$0000000B  c_w.l(_printf_o.o)
    0x080001ea   0x00000006   Code   RO         4492    .ARM.Collect$$_printf_percent$$0000000C  c_w.l(_printf_x.o)
    0x080001f0   0x00000006   Code   RO         4599    .ARM.Collect$$_printf_percent$$0000000D  c_w.l(_printf_lli.o)
    0x080001f6   0x00000006   Code   RO         4600    .ARM.Collect$$_printf_percent$$0000000E  c_w.l(_printf_lld.o)
    0x080001fc   0x00000006   Code   RO         4601    .ARM.Collect$$_printf_percent$$0000000F  c_w.l(_printf_llu.o)
    0x08000202   0x00000006   Code   RO         4606    .ARM.Collect$$_printf_percent$$00000010  c_w.l(_printf_llo.o)
    0x08000208   0x00000006   Code   RO         4607    .ARM.Collect$$_printf_percent$$00000011  c_w.l(_printf_llx.o)
    0x0800020e   0x0000000a   Code   RO         4603    .ARM.Collect$$_printf_percent$$00000012  c_w.l(_printf_l.o)
    0x08000218   0x00000006   Code   RO         4587    .ARM.Collect$$_printf_percent$$00000013  c_w.l(_printf_c.o)
    0x0800021e   0x00000006   Code   RO         4491    .ARM.Collect$$_printf_percent$$00000014  c_w.l(_printf_s.o)
    0x08000224   0x00000006   Code   RO         4604    .ARM.Collect$$_printf_percent$$00000015  c_w.l(_printf_lc.o)
    0x0800022a   0x00000006   Code   RO         4605    .ARM.Collect$$_printf_percent$$00000016  c_w.l(_printf_ls.o)
    0x08000230   0x00000004   Code   RO         4598    .ARM.Collect$$_printf_percent$$00000017  c_w.l(_printf_percent_end.o)
    0x08000234   0x00000002   Code   RO         4723    .ARM.Collect$$libinit$$00000000  c_w.l(libinit.o)
    0x08000236   0x00000000   Code   RO         4731    .ARM.Collect$$libinit$$00000002  c_w.l(libinit2.o)
    0x08000236   0x00000000   Code   RO         4733    .ARM.Collect$$libinit$$00000004  c_w.l(libinit2.o)
    0x08000236   0x00000000   Code   RO         4736    .ARM.Collect$$libinit$$0000000A  c_w.l(libinit2.o)
    0x08000236   0x00000000   Code   RO         4738    .ARM.Collect$$libinit$$0000000C  c_w.l(libinit2.o)
    0x08000236   0x00000000   Code   RO         4740    .ARM.Collect$$libinit$$0000000E  c_w.l(libinit2.o)
    0x08000236   0x00000006   Code   RO         4741    .ARM.Collect$$libinit$$0000000F  c_w.l(libinit2.o)
    0x0800023c   0x00000000   Code   RO         4743    .ARM.Collect$$libinit$$00000011  c_w.l(libinit2.o)
    0x0800023c   0x0000000c   Code   RO         4744    .ARM.Collect$$libinit$$00000012  c_w.l(libinit2.o)
    0x08000248   0x00000000   Code   RO         4745    .ARM.Collect$$libinit$$00000013  c_w.l(libinit2.o)
    0x08000248   0x00000000   Code   RO         4747    .ARM.Collect$$libinit$$00000015  c_w.l(libinit2.o)
    0x08000248   0x0000000a   Code   RO         4748    .ARM.Collect$$libinit$$00000016  c_w.l(libinit2.o)
    0x08000252   0x00000000   Code   RO         4749    .ARM.Collect$$libinit$$00000017  c_w.l(libinit2.o)
    0x08000252   0x00000000   Code   RO         4751    .ARM.Collect$$libinit$$00000019  c_w.l(libinit2.o)
    0x08000252   0x00000000   Code   RO         4753    .ARM.Collect$$libinit$$0000001B  c_w.l(libinit2.o)
    0x08000252   0x00000000   Code   RO         4755    .ARM.Collect$$libinit$$0000001D  c_w.l(libinit2.o)
    0x08000252   0x00000000   Code   RO         4757    .ARM.Collect$$libinit$$0000001F  c_w.l(libinit2.o)
    0x08000252   0x00000000   Code   RO         4759    .ARM.Collect$$libinit$$00000021  c_w.l(libinit2.o)
    0x08000252   0x00000000   Code   RO         4761    .ARM.Collect$$libinit$$00000023  c_w.l(libinit2.o)
    0x08000252   0x00000000   Code   RO         4763    .ARM.Collect$$libinit$$00000025  c_w.l(libinit2.o)
    0x08000252   0x00000000   Code   RO         4767    .ARM.Collect$$libinit$$0000002C  c_w.l(libinit2.o)
    0x08000252   0x00000000   Code   RO         4769    .ARM.Collect$$libinit$$0000002E  c_w.l(libinit2.o)
    0x08000252   0x00000000   Code   RO         4771    .ARM.Collect$$libinit$$00000030  c_w.l(libinit2.o)
    0x08000252   0x00000000   Code   RO         4773    .ARM.Collect$$libinit$$00000032  c_w.l(libinit2.o)
    0x08000252   0x00000002   Code   RO         4774    .ARM.Collect$$libinit$$00000033  c_w.l(libinit2.o)
    0x08000254   0x00000002   Code   RO         4794    .ARM.Collect$$libshutdown$$00000000  c_w.l(libshutdown.o)
    0x08000256   0x00000000   Code   RO         4807    .ARM.Collect$$libshutdown$$00000002  c_w.l(libshutdown2.o)
    0x08000256   0x00000000   Code   RO         4809    .ARM.Collect$$libshutdown$$00000004  c_w.l(libshutdown2.o)
    0x08000256   0x00000000   Code   RO         4812    .ARM.Collect$$libshutdown$$00000007  c_w.l(libshutdown2.o)
    0x08000256   0x00000000   Code   RO         4815    .ARM.Collect$$libshutdown$$0000000A  c_w.l(libshutdown2.o)
    0x08000256   0x00000000   Code   RO         4817    .ARM.Collect$$libshutdown$$0000000C  c_w.l(libshutdown2.o)
    0x08000256   0x00000000   Code   RO         4820    .ARM.Collect$$libshutdown$$0000000F  c_w.l(libshutdown2.o)
    0x08000256   0x00000002   Code   RO         4821    .ARM.Collect$$libshutdown$$00000010  c_w.l(libshutdown2.o)
    0x08000258   0x00000000   Code   RO         4554    .ARM.Collect$$rtentry$$00000000  c_w.l(__rtentry.o)
    0x08000258   0x00000000   Code   RO         4641    .ARM.Collect$$rtentry$$00000002  c_w.l(__rtentry2.o)
    0x08000258   0x00000006   Code   RO         4653    .ARM.Collect$$rtentry$$00000004  c_w.l(__rtentry4.o)
    0x0800025e   0x00000000   Code   RO         4643    .ARM.Collect$$rtentry$$00000009  c_w.l(__rtentry2.o)
    0x0800025e   0x00000004   Code   RO         4644    .ARM.Collect$$rtentry$$0000000A  c_w.l(__rtentry2.o)
    0x08000262   0x00000000   Code   RO         4646    .ARM.Collect$$rtentry$$0000000C  c_w.l(__rtentry2.o)
    0x08000262   0x00000008   Code   RO         4647    .ARM.Collect$$rtentry$$0000000D  c_w.l(__rtentry2.o)
    0x0800026a   0x00000002   Code   RO         4728    .ARM.Collect$$rtexit$$00000000  c_w.l(rtexit.o)
    0x0800026c   0x00000000   Code   RO         4776    .ARM.Collect$$rtexit$$00000002  c_w.l(rtexit2.o)
    0x0800026c   0x00000004   Code   RO         4777    .ARM.Collect$$rtexit$$00000003  c_w.l(rtexit2.o)
    0x08000270   0x00000006   Code   RO         4778    .ARM.Collect$$rtexit$$00000004  c_w.l(rtexit2.o)
    0x08000276   0x00000002   PAD
    0x08000278   0x00000040   Code   RO          211    .text               startup_stm32f103xe.o
    0x080002b8   0x00000024   Code   RO         4438    .text               c_w.l(vsprintf.o)
    0x080002dc   0x0000002c   Code   RO         4440    .text               c_w.l(__2sprintf.o)
    0x08000308   0x0000004e   Code   RO         4446    .text               c_w.l(_printf_pad.o)
    0x08000356   0x00000052   Code   RO         4448    .text               c_w.l(_printf_str.o)
    0x080003a8   0x00000094   Code   RO         4468    .text               c_w.l(_printf_hex_int_ll_ptr.o)
    0x0800043c   0x00000188   Code   RO         4488    .text               c_w.l(__printf_flags_ss_wp.o)
    0x080005c4   0x0000001a   Code   RO         4494    .text               c_w.l(atoi.o)
    0x080005de   0x0000003e   Code   RO         4496    .text               c_w.l(strlen.o)
    0x0800061c   0x0000008a   Code   RO         4498    .text               c_w.l(rt_memcpy_v6.o)
    0x080006a6   0x00000084   Code   RO         4500    .text               c_w.l(rt_memmove_v6.o)
    0x0800072a   0x0000004e   Code   RO         4502    .text               c_w.l(rt_memclr_w.o)
    0x08000778   0x00000056   Code   RO         4504    .text               c_w.l(strncpy.o)
    0x080007ce   0x00000002   PAD
    0x080007d0   0x00000080   Code   RO         4506    .text               c_w.l(strcmpv7m.o)
    0x08000850   0x00000006   Code   RO         4508    .text               c_w.l(heapauxi.o)
    0x08000856   0x00000002   PAD
    0x08000858   0x00000008   Code   RO         4558    .text               c_w.l(rt_errno_addr_intlibspace.o)
    0x08000860   0x00000016   Code   RO         4560    .text               c_w.l(_rserrno.o)
    0x08000876   0x00000024   Code   RO         4562    .text               c_w.l(_printf_truncate.o)
    0x0800089a   0x000000b2   Code   RO         4564    .text               c_w.l(_printf_intcommon.o)
    0x0800094c   0x00000078   Code   RO         4566    .text               c_w.l(_printf_dec.o)
    0x080009c4   0x00000028   Code   RO         4568    .text               c_w.l(_printf_charcount.o)
    0x080009ec   0x00000030   Code   RO         4570    .text               c_w.l(_printf_char_common.o)
    0x08000a1c   0x0000000a   Code   RO         4572    .text               c_w.l(_sputc.o)
    0x08000a26   0x0000002c   Code   RO         4574    .text               c_w.l(_printf_char.o)
    0x08000a52   0x00000002   PAD
    0x08000a54   0x000000bc   Code   RO         4576    .text               c_w.l(_printf_wctomb.o)
    0x08000b10   0x0000007c   Code   RO         4579    .text               c_w.l(_printf_longlong_dec.o)
    0x08000b8c   0x00000070   Code   RO         4585    .text               c_w.l(_printf_oct_int_ll.o)
    0x08000bfc   0x00000070   Code   RO         4608    .text               c_w.l(strtol.o)
    0x08000c6c   0x00000064   Code   RO         4610    .text               c_w.l(rt_memcpy_w.o)
    0x08000cd0   0x0000007a   Code   RO         4612    .text               c_w.l(rt_memmove_w.o)
    0x08000d4a   0x00000044   Code   RO         4614    .text               c_w.l(rt_memclr.o)
    0x08000d8e   0x00000002   PAD
    0x08000d90   0x00000008   Code   RO         4637    .text               c_w.l(libspace.o)
    0x08000d98   0x00000010   Code   RO         4655    .text               c_w.l(rt_ctype_table.o)
    0x08000da8   0x0000008a   Code   RO         4657    .text               c_w.l(lludiv10.o)
    0x08000e32   0x0000041a   Code   RO         4659    .text               c_w.l(_printf_fp_dec.o)
    0x0800124c   0x000002fc   Code   RO         4661    .text               c_w.l(_printf_fp_hex.o)
    0x08001548   0x0000002c   Code   RO         4666    .text               c_w.l(_printf_wchar.o)
    0x08001574   0x0000009e   Code   RO         4668    .text               c_w.l(_strtoul.o)
    0x08001612   0x00000040   Code   RO         4670    .text               c_w.l(_wcrtomb.o)
    0x08001652   0x0000004a   Code   RO         4674    .text               c_w.l(sys_stackheap_outer.o)
    0x0800169c   0x00000008   Code   RO         4679    .text               c_w.l(rt_locale_intlibspace.o)
    0x080016a4   0x00000080   Code   RO         4681    .text               c_w.l(_printf_fp_infnan.o)
    0x08001724   0x0000001c   Code   RO         4683    .text               c_w.l(_chval.o)
    0x08001740   0x000000dc   Code   RO         4685    .text               c_w.l(bigflt0.o)
    0x0800181c   0x00000012   Code   RO         4716    .text               c_w.l(exit.o)
    0x0800182e   0x00000002   PAD
    0x08001830   0x0000000c   Code   RO         4786    .text               c_w.l(sys_exit.o)
    0x0800183c   0x00000002   Code   RO         4797    .text               c_w.l(use_no_semi.o)
    0x0800183e   0x00000000   Code   RO         4799    .text               c_w.l(indicate_semi.o)
    0x0800183e   0x0000003e   Code   RO         4688    CL$$btod_d2e        c_w.l(btod.o)
    0x0800187c   0x00000046   Code   RO         4690    CL$$btod_d2e_denorm_low  c_w.l(btod.o)
    0x080018c2   0x00000060   Code   RO         4689    CL$$btod_d2e_norm_op1  c_w.l(btod.o)
    0x08001922   0x00000338   Code   RO         4698    CL$$btod_div_common  c_w.l(btod.o)
    0x08001c5a   0x000000c6   Code   RO         4695    CL$$btod_e2e        c_w.l(btod.o)
    0x08001d20   0x00000028   Code   RO         4692    CL$$btod_ediv       c_w.l(btod.o)
    0x08001d48   0x00000028   Code   RO         4691    CL$$btod_emul       c_w.l(btod.o)
    0x08001d70   0x00000244   Code   RO         4697    CL$$btod_mult_common  c_w.l(btod.o)
    0x08001fb4   0x0000000c   Code   RO         3477    i.BoardGetConsoleUart  board.o
    0x08001fc0   0x00000018   Code   RO         3478    i.BoardGetGpio      board.o
    0x08001fd8   0x0000000c   Code   RO         3479    i.BoardGetHostUart  board.o
    0x08001fe4   0x00000010   Code   RO         3480    i.BoardGetPulse     board.o
    0x08001ff4   0x0000000c   Code   RO         3481    i.BoardGetSlaveUart  board.o
    0x08002000   0x0000000c   Code   RO         3483    i.BoardGetSpiFRam   board.o
    0x0800200c   0x000001ac   Code   RO         3484    i.BoardGpioInit     board.o
    0x080021b8   0x0000007c   Code   RO         3485    i.BoardInit         board.o
    0x08002234   0x000000a6   Code   RO         2358    i.BufferAppend      buffer.o
    0x080022da   0x00000030   Code   RO         2359    i.BufferAppendByte  buffer.o
    0x0800230a   0x00000024   Code   RO         2360    i.BufferCreate      buffer.o
    0x0800232e   0x00000026   Code   RO         2362    i.BufferIsFull      buffer.o
    0x08002354   0x00000022   Code   RO         2363    i.BufferLength      buffer.o
    0x08002376   0x00000084   Code   RO         2364    i.BufferPeek        buffer.o
    0x080023fa   0x00000034   Code   RO         2365    i.BufferPop         buffer.o
    0x0800242e   0x0000000c   Code   RO         2366    i.BufferSize        buffer.o
    0x0800243a   0x00000004   Code   RO         3555    i.BusFault_Handler  interrupts.o
    0x0800243e   0x00000002   PAD
    0x08002440   0x00000048   Code   RO         2536    i.CalcCRC32         config.o
    0x08002488   0x0000003c   Code   RO         2792    i.CalcCrc16         host.o
    0x080024c4   0x0000003c   Code   RO         4353    i.CalcCrc16         slaverege.o
    0x08002500   0x00000048   Code   RO         2537    i.CheckConfigRange  config.o
    0x08002548   0x00000054   Code   RO         2645    i.CheckConsoleLineCR  console.o
    0x0800259c   0x00000104   Code   RO         4307    i.CleanProcess      stateclean.o
    0x080026a0   0x00000016   Code   RO         4082    i.CloseLiquid       stateready.o
    0x080026b6   0x00000002   PAD
    0x080026b8   0x00000030   Code   RO         2538    i.ConfigCheck       config.o
    0x080026e8   0x00000016   Code   RO         2539    i.ConfigGet         config.o
    0x080026fe   0x0000000c   Code   RO         2540    i.ConfigGetDword    config.o
    0x0800270a   0x0000004a   Code   RO         2541    i.ConfigGetWithoutRangeCheck  config.o
    0x08002754   0x00000090   Code   RO         2542    i.ConfigInit        config.o
    0x080027e4   0x0000004c   Code   RO         2543    i.ConfigResetDefault  config.o
    0x08002830   0x00000056   Code   RO         2544    i.ConfigSet         config.o
    0x08002886   0x00000012   Code   RO         2545    i.ConfigSetDone     config.o
    0x08002898   0x00000010   Code   RO         2546    i.ConfigSetDword    config.o
    0x080028a8   0x0000005c   Code   RO         2646    i.ConsoleInit       console.o
    0x08002904   0x000000a4   Code   RO         2647    i.ConsoleLineParser  console.o
    0x080029a8   0x0000004c   Code   RO         2648    i.ConsoleProcess    console.o
    0x080029f4   0x00000030   Code   RO         2430    i.CopyFromMessage   message.o
    0x08002a24   0x00000030   Code   RO         2431    i.CopyToMessage     message.o
    0x08002a54   0x00000074   Code   RO         2650    i.DebugError        console.o
    0x08002ac8   0x00000064   Code   RO         2651    i.DebugHex          console.o
    0x08002b2c   0x00000064   Code   RO         2652    i.DebugHexColor     console.o
    0x08002b90   0x00000038   Code   RO         2653    i.DebugLog          console.o
    0x08002bc8   0x00000004   Code   RO         3556    i.DebugMon_Handler  interrupts.o
    0x08002bcc   0x00000078   Code   RO         2654    i.DebugRegister     console.o
    0x08002c44   0x00000074   Code   RO         2655    i.DebugWarning      console.o
    0x08002cb8   0x00000040   Code   RO         4083    i.DirSortOut        stateready.o
    0x08002cf8   0x0000000a   Code   RO         3916    i.EXTI9_5_IRQHandler  leveldetection.o
    0x08002d02   0x00000002   PAD
    0x08002d04   0x00000074   Code   RO         4154    i.ExitOptState      statereset.o
    0x08002d78   0x000000e8   Code   RO         3157    i.FramInit          framfm25cl64b.o
    0x08002e60   0x00000080   Code   RO         3158    i.FramRead          framfm25cl64b.o
    0x08002ee0   0x00000048   Code   RO         3159    i.FramReadStatus    framfm25cl64b.o
    0x08002f28   0x00000084   Code   RO         3160    i.FramWrite         framfm25cl64b.o
    0x08002fac   0x00000030   Code   RO         3161    i.FramWriteDisable  framfm25cl64b.o
    0x08002fdc   0x00000030   Code   RO         3162    i.FramWriteEnable   framfm25cl64b.o
    0x0800300c   0x0000001c   Code   RO         3457    i.GetAccelerateTable  acceleratetable.o
    0x08003028   0x00000008   Code   RO         3210    i.GetInitOptDistance  stepmotor.o
    0x08003030   0x0000000c   Code   RO         3211    i.GetMotorMovPos    stepmotor.o
    0x0800303c   0x00000068   Code   RO         4309    i.GetSubPwm         stateclean.o
    0x080030a4   0x000001bc   Code   RO         4201    i.GetWorkPos        statemovework.o
    0x08003260   0x00000114   Code   RO         3017    i.GpioClkEnable     gpio.o
    0x08003374   0x0000003c   Code   RO         3018    i.GpioExitInit      gpio.o
    0x080033b0   0x00000018   Code   RO         3019    i.GpioGet           gpio.o
    0x080033c8   0x00000030   Code   RO         3020    i.GpioHighInit      gpio.o
    0x080033f8   0x00000030   Code   RO         3021    i.GpioInit          gpio.o
    0x08003428   0x00000026   Code   RO         3022    i.GpioSet           gpio.o
    0x0800344e   0x00000042   Code   RO         2301    i.HAL_CRC_Accumulate  stm32f1xx_hal_crc.o
    0x08003490   0x0000004e   Code   RO         2302    i.HAL_CRC_Calculate  stm32f1xx_hal_crc.o
    0x080034de   0x00000020   Code   RO         2305    i.HAL_CRC_Init      stm32f1xx_hal_crc.o
    0x080034fe   0x00000002   Code   RO         2307    i.HAL_CRC_MspInit   stm32f1xx_hal_crc.o
    0x08003500   0x000001a8   Code   RO         1632    i.HAL_DMA_Abort_IT  stm32f1xx_hal_dma.o
    0x080036a8   0x0000001e   Code   RO          225    i.HAL_Delay         stm32f1xx_hal.o
    0x080036c6   0x00000002   PAD
    0x080036c8   0x00000030   Code   RO         3917    i.HAL_GPIO_EXTI_Callback  leveldetection.o
    0x080036f8   0x0000001c   Code   RO          487    i.HAL_GPIO_EXTI_IRQHandler  stm32f1xx_hal_gpio.o
    0x08003714   0x00000340   Code   RO          488    i.HAL_GPIO_Init     stm32f1xx_hal_gpio.o
    0x08003a54   0x00000010   Code   RO          490    i.HAL_GPIO_ReadPin  stm32f1xx_hal_gpio.o
    0x08003a64   0x0000000c   Code   RO          492    i.HAL_GPIO_WritePin  stm32f1xx_hal_gpio.o
    0x08003a70   0x0000000c   Code   RO          229    i.HAL_GetTick       stm32f1xx_hal.o
    0x08003a7c   0x00000010   Code   RO          231    i.HAL_IncTick       stm32f1xx_hal.o
    0x08003a8c   0x00000028   Code   RO          232    i.HAL_Init          stm32f1xx_hal.o
    0x08003ab4   0x00000028   Code   RO          233    i.HAL_InitTick      stm32f1xx_hal.o
    0x08003adc   0x00000002   Code   RO          235    i.HAL_MspInit       stm32f1xx_hal.o
    0x08003ade   0x0000001a   Code   RO          365    i.HAL_NVIC_EnableIRQ  stm32f1xx_hal_cortex.o
    0x08003af8   0x0000007c   Code   RO          371    i.HAL_NVIC_SetPriority  stm32f1xx_hal_cortex.o
    0x08003b74   0x00000028   Code   RO          372    i.HAL_NVIC_SetPriorityGrouping  stm32f1xx_hal_cortex.o
    0x08003b9c   0x000001a4   Code   RO          552    i.HAL_RCC_ClockConfig  stm32f1xx_hal_rcc.o
    0x08003d40   0x0000000c   Code   RO          557    i.HAL_RCC_GetHCLKFreq  stm32f1xx_hal_rcc.o
    0x08003d4c   0x00000020   Code   RO          559    i.HAL_RCC_GetPCLK1Freq  stm32f1xx_hal_rcc.o
    0x08003d6c   0x00000020   Code   RO          560    i.HAL_RCC_GetPCLK2Freq  stm32f1xx_hal_rcc.o
    0x08003d8c   0x0000009c   Code   RO          561    i.HAL_RCC_GetSysClockFreq  stm32f1xx_hal_rcc.o
    0x08003e28   0x00000440   Code   RO          564    i.HAL_RCC_OscConfig  stm32f1xx_hal_rcc.o
    0x08004268   0x0000009a   Code   RO         1969    i.HAL_SPI_Init      stm32f1xx_hal_spi.o
    0x08004302   0x00000002   Code   RO         1971    i.HAL_SPI_MspInit   stm32f1xx_hal_spi.o
    0x08004304   0x0000024a   Code   RO         1972    i.HAL_SPI_Receive   stm32f1xx_hal_spi.o
    0x0800454e   0x000001e0   Code   RO         1977    i.HAL_SPI_Transmit  stm32f1xx_hal_spi.o
    0x0800472e   0x000002f4   Code   RO         1978    i.HAL_SPI_TransmitReceive  stm32f1xx_hal_spi.o
    0x08004a22   0x00000028   Code   RO          374    i.HAL_SYSTICK_CLKSourceConfig  stm32f1xx_hal_cortex.o
    0x08004a4a   0x00000002   Code   RO          375    i.HAL_SYSTICK_Callback  stm32f1xx_hal_cortex.o
    0x08004a4c   0x00000034   Code   RO          376    i.HAL_SYSTICK_Config  stm32f1xx_hal_cortex.o
    0x08004a80   0x00000008   Code   RO          377    i.HAL_SYSTICK_IRQHandler  stm32f1xx_hal_cortex.o
    0x08004a88   0x00000002   Code   RO         1725    i.HAL_TIMEx_BreakCallback  stm32f1xx_hal_tim_ex.o
    0x08004a8a   0x00000002   Code   RO         1726    i.HAL_TIMEx_CommutationCallback  stm32f1xx_hal_tim_ex.o
    0x08004a8c   0x00000034   Code   RO          660    i.HAL_TIM_Base_Init  stm32f1xx_hal_tim.o
    0x08004ac0   0x00000002   Code   RO          662    i.HAL_TIM_Base_MspInit  stm32f1xx_hal_tim.o
    0x08004ac2   0x0000001e   Code   RO          665    i.HAL_TIM_Base_Start_IT  stm32f1xx_hal_tim.o
    0x08004ae0   0x00000038   Code   RO          666    i.HAL_TIM_Base_Stop  stm32f1xx_hal_tim.o
    0x08004b18   0x00000038   Code   RO          668    i.HAL_TIM_Base_Stop_IT  stm32f1xx_hal_tim.o
    0x08004b50   0x00000002   Code   RO          689    i.HAL_TIM_IC_CaptureCallback  stm32f1xx_hal_tim.o
    0x08004b52   0x00000196   Code   RO          702    i.HAL_TIM_IRQHandler  stm32f1xx_hal_tim.o
    0x08004ce8   0x00000002   Code   RO          705    i.HAL_TIM_OC_DelayElapsedCallback  stm32f1xx_hal_tim.o
    0x08004cea   0x00000002   Code   RO          732    i.HAL_TIM_PWM_PulseFinishedCallback  stm32f1xx_hal_tim.o
    0x08004cec   0x00000074   Code   RO         3368    i.HAL_TIM_PeriodElapsedCallback  pulse4axis.o
    0x08004d60   0x00000002   Code   RO          743    i.HAL_TIM_TriggerCallback  stm32f1xx_hal_tim.o
    0x08004d62   0x00000002   Code   RO         1320    i.HAL_UART_ErrorCallback  stm32f1xx_hal_uart.o
    0x08004d64   0x00000014   Code   RO         1322    i.HAL_UART_GetState  stm32f1xx_hal_uart.o
    0x08004d78   0x0000014c   Code   RO         1323    i.HAL_UART_IRQHandler  stm32f1xx_hal_uart.o
    0x08004ec4   0x00000072   Code   RO         1324    i.HAL_UART_Init     stm32f1xx_hal_uart.o
    0x08004f36   0x00000002   Code   RO         1326    i.HAL_UART_MspInit  stm32f1xx_hal_uart.o
    0x08004f38   0x00000070   Code   RO         1329    i.HAL_UART_Receive_IT  stm32f1xx_hal_uart.o
    0x08004fa8   0x00000074   Code   RO         2950    i.HAL_UART_RxCpltCallback  uart.o
    0x0800501c   0x00000058   Code   RO         1334    i.HAL_UART_Transmit_IT  stm32f1xx_hal_uart.o
    0x08005074   0x00000002   Code   RO         1335    i.HAL_UART_TxCpltCallback  stm32f1xx_hal_uart.o
    0x08005076   0x00000004   Code   RO         3557    i.HardFault_Handler  interrupts.o
    0x0800507a   0x00000002   PAD
    0x0800507c   0x00000090   Code   RO         2793    i.HostAck           host.o
    0x0800510c   0x00000030   Code   RO         2794    i.HostCheckCRC      host.o
    0x0800513c   0x0000010c   Code   RO         2795    i.HostFrameParser   host.o
    0x08005248   0x0000000c   Code   RO         2797    i.HostGetConsoleTag  host.o
    0x08005254   0x0000006c   Code   RO         2798    i.HostInit          host.o
    0x080052c0   0x000000a0   Code   RO         2799    i.HostParserRegister  host.o
    0x08005360   0x00000090   Code   RO         2800    i.HostProcess       host.o
    0x080053f0   0x00000010   Code   RO         3683    i.HostRegeInit      hostrege.o
    0x08005400   0x000001f8   Code   RO         3684    i.HostRegeParser    hostrege.o
    0x080055f8   0x000000a8   Code   RO         2801    i.HostResponse      host.o
    0x080056a0   0x0000002c   Code   RO         2802    i.HostSearchParser  host.o
    0x080056cc   0x000000c0   Code   RO         4310    i.InnerPumpOn       stateclean.o
    0x0800578c   0x0000001c   Code   RO         2656    i.IsRepeatLastMessage  console.o
    0x080057a8   0x0000000c   Code   RO         3918    i.LiquidneedleDisable  leveldetection.o
    0x080057b4   0x0000000c   Code   RO         3919    i.LiquidneedleEnable  leveldetection.o
    0x080057c0   0x00000004   Code   RO         3558    i.MemManage_Handler  interrupts.o
    0x080057c4   0x00000048   Code   RO         2432    i.MessageGet        message.o
    0x0800580c   0x0000005c   Code   RO         2433    i.MessagePost       message.o
    0x08005868   0x00000040   Code   RO         2434    i.MessageQueueInit  message.o
    0x080058a8   0x00000024   Code   RO         2435    i.MessageQueueProcess  message.o
    0x080058cc   0x00000044   Code   RO         2436    i.MessageRegisterHandler  message.o
    0x08005910   0x0000009e   Code   RO         3212    i.MotorPulseCallback  stepmotor.o
    0x080059ae   0x00000002   PAD
    0x080059b0   0x00000020   Code   RO         2657    i.MsgBufAppend      console.o
    0x080059d0   0x00000020   Code   RO         2658    i.MsgBufAppendCRLF  console.o
    0x080059f0   0x00000040   Code   RO         2659    i.MsgBufAppendTag   console.o
    0x08005a30   0x00000054   Code   RO         2660    i.MsgBufHex         console.o
    0x08005a84   0x00000020   Code   RO         2661    i.MsgBufSend        console.o
    0x08005aa4   0x00000004   Code   RO         3559    i.NMI_Handler       interrupts.o
    0x08005aa8   0x00000010   Code   RO          378    i.NVIC_GetPriorityGrouping  stm32f1xx_hal_cortex.o
    0x08005ab8   0x00000028   Code   RO          379    i.NVIC_SetPriority  stm32f1xx_hal_cortex.o
    0x08005ae0   0x00000016   Code   RO         4084    i.OpenLiquid        stateready.o
    0x08005af6   0x0000003c   Code   RO         4155    i.PlusePositiveDir  statereset.o
    0x08005b32   0x00000002   PAD
    0x08005b34   0x00000068   Code   RO         3369    i.PulseGetObject    pulse4axis.o
    0x08005b9c   0x000002c4   Code   RO         3370    i.PulseInit         pulse4axis.o
    0x08005e60   0x00000050   Code   RO         3371    i.PulseSetFreq      pulse4axis.o
    0x08005eb0   0x00000006   Code   RO         3372    i.PulseSetOwner     pulse4axis.o
    0x08005eb6   0x0000002e   Code   RO         3373    i.PulseStart        pulse4axis.o
    0x08005ee4   0x00000024   Code   RO         3374    i.PulseStop         pulse4axis.o
    0x08005f08   0x00000028   Code   RO          565    i.RCC_Delay         stm32f1xx_hal_rcc.o
    0x08005f30   0x00000066   Code   RO         3486    i.RccInit           board.o
    0x08005f96   0x00000002   PAD
    0x08005f98   0x000000a8   Code   RO         4239    i.RegeAbsDistanceProcessHandle  statesub.o
    0x08006040   0x00000038   Code   RO         3685    i.RegeHostCmdDelay  hostrege.o
    0x08006078   0x0000002c   Code   RO         3686    i.RegeHostCmdFault  hostrege.o
    0x080060a4   0x00000006   Code   RO         3687    i.RegeHostCmdGetInfo  hostrege.o
    0x080060aa   0x00000028   Code   RO         3688    i.RegeHostCmdIoGet  hostrege.o
    0x080060d2   0x0000002c   Code   RO         3689    i.RegeHostCmdIoSet  hostrege.o
    0x080060fe   0x0000002c   Code   RO         3690    i.RegeHostCmdMotorEnable  hostrege.o
    0x0800612a   0x00000024   Code   RO         3691    i.RegeHostCmdMotorInqurie  hostrege.o
    0x0800614e   0x00000036   Code   RO         3692    i.RegeHostCmdMotorMovAbs  hostrege.o
    0x08006184   0x00000042   Code   RO         3693    i.RegeHostCmdMotorMovRel  hostrege.o
    0x080061c6   0x00000030   Code   RO         3694    i.RegeHostCmdMotorMovWrk  hostrege.o
    0x080061f6   0x0000002c   Code   RO         3695    i.RegeHostCmdMotorMovXY  hostrege.o
    0x08006222   0x0000002c   Code   RO         3696    i.RegeHostCmdMotorReset  hostrege.o
    0x0800624e   0x0000002c   Code   RO         3697    i.RegeHostCmdMotorSubDra  hostrege.o
    0x0800627a   0x0000002c   Code   RO         3698    i.RegeHostCmdMotorToZero  hostrege.o
    0x080062a6   0x00000076   Code   RO         3699    i.RegeHostCmdMotorZaxisCle  hostrege.o
    0x0800631c   0x00000030   Code   RO         3700    i.RegeHostCmdMotorZaxisDet  hostrege.o
    0x0800634c   0x0000004c   Code   RO         3701    i.RegeHostCmdMotorZaxisDra  hostrege.o
    0x08006398   0x00000074   Code   RO         3702    i.RegeHostCmdMotorZaxisSub  hostrege.o
    0x0800640c   0x00000028   Code   RO         3703    i.RegeHostCmdOptoGet  hostrege.o
    0x08006434   0x0000005c   Code   RO         3704    i.RegeHostCmdParaInfo  hostrege.o
    0x08006490   0x00000088   Code   RO         3705    i.RegeHostCmdParaSet  hostrege.o
    0x08006518   0x00000028   Code   RO         3706    i.RegeHostCmdPumpGet  hostrege.o
    0x08006540   0x00000038   Code   RO         3707    i.RegeHostCmdPumpSet  hostrege.o
    0x08006578   0x00000006   Code   RO         3708    i.RegeHostCmdSetInfo  hostrege.o
    0x0800657e   0x0000002e   Code   RO         3709    i.RegeHostCmdTemp   hostrege.o
    0x080065ac   0x00000028   Code   RO         3710    i.RegeHostCmdValveGet  hostrege.o
    0x080065d4   0x00000038   Code   RO         3711    i.RegeHostCmdValveSet  hostrege.o
    0x0800660c   0x00000030   Code   RO         3712    i.RegeHostCmdVersion  hostrege.o
    0x0800663c   0x00000038   Code   RO         3713    i.RegeHostCmdWorkSave  hostrege.o
    0x08006674   0x00000030   Code   RO         3714    i.RegeHostStop      hostrege.o
    0x080066a4   0x0000016c   Code   RO         4041    i.RegeInit          regent.o
    0x08006810   0x000002fc   Code   RO         4042    i.RegeMessageHandler  regent.o
    0x08006b0c   0x0000018c   Code   RO         4156    i.RegeResetNoOptProcessHandle2  statereset.o
    0x08006c98   0x00000110   Code   RO         4157    i.RegeResetOptProcessHandle  statereset.o
    0x08006da8   0x00000014   Code   RO         4356    i.RegeSendCmdCtlPid  slaverege.o
    0x08006dbc   0x00000012   Code   RO         4357    i.RegeSendCmdTemp   slaverege.o
    0x08006dce   0x00000038   Code   RO         4358    i.RegeSendSlaveCmdMode  slaverege.o
    0x08006e06   0x0000002c   Code   RO         4085    i.RegeStateBasicCmdMessageHandler  stateready.o
    0x08006e32   0x00000002   PAD
    0x08006e34   0x0000009c   Code   RO         4311    i.RegeStateClnMessageHandler  stateclean.o
    0x08006ed0   0x000001e0   Code   RO         4283    i.RegeStateDraMessageHandler  statedrain.o
    0x080070b0   0x00000008   Code   RO         4086    i.RegeStateEndHandler  stateready.o
    0x080070b8   0x00000088   Code   RO         4043    i.RegeStateMessageHandler  regent.o
    0x08007140   0x00000248   Code   RO         4158    i.RegeStateMotorResetMessageHandler  statereset.o
    0x08007388   0x0000011c   Code   RO         4087    i.RegeStateMotorZaixDetMessageHandler  stateready.o
    0x080074a4   0x0000008c   Code   RO         4202    i.RegeStateMvMessageHandler  statemovework.o
    0x08007530   0x000002e4   Code   RO         4088    i.RegeStateReadyMessageHandler  stateready.o
    0x08007814   0x0000010c   Code   RO         4240    i.RegeStateSubMessageHandler  statesub.o
    0x08007920   0x000000e8   Code   RO         4089    i.RegeSubAirPluseNum  stateready.o
    0x08007a08   0x00000002   Code   RO         4241    i.RegeSubKnownProcessHandle  statesub.o
    0x08007a0a   0x00000002   PAD
    0x08007a0c   0x000000cc   Code   RO         4242    i.RegeSubUnknownProcessHandle  statesub.o
    0x08007ad8   0x000000ac   Code   RO         4243    i.RegeSubZaxisProcessHandle  statesub.o
    0x08007b84   0x000000bc   Code   RO         4203    i.RegeWrkStateMessageHandler  statemovework.o
    0x08007c40   0x00000050   Code   RO         2662    i.RemoveBackspaceInLineArray  console.o
    0x08007c90   0x00000028   Code   RO         1995    i.SPI_CheckFlag_BSY  stm32f1xx_hal_spi.o
    0x08007cb8   0x00000006   Code   RO         2009    i.SPI_ISCRCErrorValid  stm32f1xx_hal_spi.o
    0x08007cbe   0x000000aa   Code   RO         2016    i.SPI_WaitFlagStateUntilTimeout  stm32f1xx_hal_spi.o
    0x08007d68   0x0000004c   Code   RO         2663    i.SearchConsoleCommand  console.o
    0x08007db4   0x000000b0   Code   RO         2664    i.SearchNextWordInLineArray  console.o
    0x08007e64   0x000000c0   Code   RO         3977    i.SendCombinationMessage  sendresultcode.o
    0x08007f24   0x0000008c   Code   RO         3978    i.SendMotorPos      sendresultcode.o
    0x08007fb0   0x00000120   Code   RO         3979    i.SendParameterMessage  sendresultcode.o
    0x080080d0   0x000000cc   Code   RO         3980    i.SendResultMessage  sendresultcode.o
    0x0800819c   0x00000010   Code   RO         3981    i.SendSetParameterMessage  sendresultcode.o
    0x080081ac   0x00000010   Code   RO         3982    i.SendStopMessage   sendresultcode.o
    0x080081bc   0x000000bc   Code   RO         3983    i.SendSubMessage    sendresultcode.o
    0x08008278   0x00000024   Code   RO         3984    i.SendVersionMessage  sendresultcode.o
    0x0800829c   0x00000010   Code   RO         3985    i.SendWorkSaveMessage  sendresultcode.o
    0x080082ac   0x00000060   Code   RO         4359    i.SlaveInit         slaverege.o
    0x0800830c   0x000000c4   Code   RO         4360    i.SlaveProcess      slaverege.o
    0x080083d0   0x0000009c   Code   RO         4361    i.SlaveSend         slaverege.o
    0x0800846c   0x00000140   Code   RO         3213    i.SpeedPlan         stepmotor.o
    0x080085ac   0x00000064   Code   RO         3214    i.SpeedPlanBrake    stepmotor.o
    0x08008610   0x0000001e   Code   RO         3215    i.SpeedPlanFreqGet  stepmotor.o
    0x0800862e   0x00000048   Code   RO         3216    i.SpeedPlanUpdate   stepmotor.o
    0x08008676   0x00000012   Code   RO         2884    i.SpiDisableCS      spi.o
    0x08008688   0x00000012   Code   RO         2885    i.SpiEnableCS       spi.o
    0x0800869a   0x00000002   PAD
    0x0800869c   0x0000008c   Code   RO         2886    i.SpiGetObject      spi.o
    0x08008728   0x00000198   Code   RO         2887    i.SpiInit           spi.o
    0x080088c0   0x00000038   Code   RO         2888    i.SpiRecv           spi.o
    0x080088f8   0x00000038   Code   RO         2889    i.SpiSend           spi.o
    0x08008930   0x00000010   Code   RO         3217    i.StepMotorBrake    stepmotor.o
    0x08008940   0x00000014   Code   RO         3219    i.StepMotorEnable   stepmotor.o
    0x08008954   0x0000000c   Code   RO         3221    i.StepMotorGetPos   stepmotor.o
    0x08008960   0x0000000c   Code   RO         3222    i.StepMotorGetState  stepmotor.o
    0x0800896c   0x00000044   Code   RO         3223    i.StepMotorInit     stepmotor.o
    0x080089b0   0x00000024   Code   RO         3224    i.StepMotorMovAbs   stepmotor.o
    0x080089d4   0x00000094   Code   RO         3225    i.StepMotorMovRel   stepmotor.o
    0x08008a68   0x0000003e   Code   RO         3226    i.StepMotorMovUntilOpto  stepmotor.o
    0x08008aa6   0x00000008   Code   RO         3229    i.StepMotorSetCallback  stepmotor.o
    0x08008aae   0x00000002   PAD
    0x08008ab0   0x0000004c   Code   RO         4090    i.StepMotorSubAirCallback  stateready.o
    0x08008afc   0x00000024   Code   RO         3862    i.StepSYNAxisMotorMovAbs  stepmotorrege.o
    0x08008b20   0x0000003c   Code   RO         3863    i.StepSYNAxisMotorMovRel  stepmotorrege.o
    0x08008b5c   0x0000003e   Code   RO         3864    i.StepSYNAxisMotorMovUntilOpto  stepmotorrege.o
    0x08008b9a   0x00000024   Code   RO         3865    i.StepZAxisMotorMovAbs  stepmotorrege.o
    0x08008bbe   0x00000002   PAD
    0x08008bc0   0x0000003c   Code   RO         3866    i.StepZAxisMotorMovRel  stepmotorrege.o
    0x08008bfc   0x0000003e   Code   RO         3867    i.StepZAxisMotorMovUntilOpto  stepmotorrege.o
    0x08008c3a   0x0000000c   Code   RO         3560    i.SysTick_Handler   interrupts.o
    0x08008c46   0x00000002   PAD
    0x08008c48   0x00000058   Code   RO            5    i.SystemInit        system_stm32f1xx.o
    0x08008ca0   0x00000010   Code   RO         3375    i.TIM2_IRQHandler   pulse4axis.o
    0x08008cb0   0x00000010   Code   RO         3376    i.TIM3_IRQHandler   pulse4axis.o
    0x08008cc0   0x00000010   Code   RO         3377    i.TIM4_IRQHandler   pulse4axis.o
    0x08008cd0   0x00000010   Code   RO         3378    i.TIM5_IRQHandler   pulse4axis.o
    0x08008ce0   0x00000050   Code   RO         3073    i.TIM6_IRQHandler   timer.o
    0x08008d30   0x00000050   Code   RO         3074    i.TIM7_IRQHandler   timer.o
    0x08008d80   0x00000098   Code   RO          744    i.TIM_Base_SetConfig  stm32f1xx_hal_tim.o
    0x08008e18   0x00000024   Code   RO         3075    i.TimerInit         timer.o
    0x08008e3c   0x00000024   Code   RO         3076    i.TimerInit2        timer.o
    0x08008e60   0x00000020   Code   RO         3077    i.TimerStart        timer.o
    0x08008e80   0x00000020   Code   RO         3078    i.TimerStart2       timer.o
    0x08008ea0   0x00000080   Code   RO         3079    i.TimerStartMs      timer.o
    0x08008f20   0x00000080   Code   RO         3080    i.TimerStartMs2     timer.o
    0x08008fa0   0x00000020   Code   RO         3081    i.TimerStop         timer.o
    0x08008fc0   0x00000020   Code   RO         3082    i.TimerStop2        timer.o
    0x08008fe0   0x00000036   Code   RO         2665    i.TransCR2CRLF      console.o
    0x08009016   0x00000002   PAD
    0x08009018   0x00000010   Code   RO         2951    i.UART5_IRQHandler  uart.o
    0x08009028   0x00000014   Code   RO         1337    i.UART_DMAAbortOnError  stm32f1xx_hal_uart.o
    0x0800903c   0x00000020   Code   RO         1347    i.UART_EndRxTransfer  stm32f1xx_hal_uart.o
    0x0800905c   0x00000020   Code   RO         1348    i.UART_EndTransmit_IT  stm32f1xx_hal_uart.o
    0x0800907c   0x000000a6   Code   RO         1350    i.UART_Receive_IT   stm32f1xx_hal_uart.o
    0x08009122   0x00000002   PAD
    0x08009124   0x000001c8   Code   RO         1351    i.UART_SetConfig    stm32f1xx_hal_uart.o
    0x080092ec   0x00000068   Code   RO         1352    i.UART_Transmit_IT  stm32f1xx_hal_uart.o
    0x08009354   0x00000010   Code   RO         2952    i.USART1_IRQHandler  uart.o
    0x08009364   0x00000010   Code   RO         2953    i.USART3_IRQHandler  uart.o
    0x08009374   0x00000050   Code   RO         2954    i.UartGetObject     uart.o
    0x080093c4   0x0000025c   Code   RO         2955    i.UartInit          uart.o
    0x08009620   0x00000070   Code   RO         2956    i.UartSend          uart.o
    0x08009690   0x00000004   Code   RO         3561    i.UsageFault_Handler  interrupts.o
    0x08009694   0x00000028   Code   RO         4726    i.__ARM_fpclassify  m_ws.l(fpclassify.o)
    0x080096bc   0x0000000e   Code   RO         4481    i._is_digit         c_w.l(__printf_wp.o)
    0x080096ca   0x0000006e   Code   RO         3230    i.isOptoChanged     stepmotor.o
    0x08009738   0x00000018   Code   RO         3231    i.isSpeedPlanDone   stepmotor.o
    0x08009750   0x00000026   Code   RO         2957    i.isUartEnable      uart.o
    0x08009776   0x00000002   PAD
    0x08009778   0x0000007c   Code   RO         3615    i.main              main.o
    0x080097f4   0x0000004c   Code   RO         4547    i.sqrt              m_ws.l(sqrt.o)
    0x08009840   0x0000002c   Code   RO         4711    locale$$code        c_w.l(lc_ctype_c.o)
    0x0800986c   0x0000002c   Code   RO         4714    locale$$code        c_w.l(lc_numeric_c.o)
    0x08009898   0x000002b0   Code   RO         4513    x$fpl$ddiv          fz_ws.l(ddiv.o)
    0x08009b48   0x0000005e   Code   RO         4516    x$fpl$dfix          fz_ws.l(dfix.o)
    0x08009ba6   0x00000002   PAD
    0x08009ba8   0x00000154   Code   RO         4520    x$fpl$dmul          fz_ws.l(dmul.o)
    0x08009cfc   0x0000009c   Code   RO         4618    x$fpl$dnaninf       fz_ws.l(dnaninf.o)
    0x08009d98   0x0000000c   Code   RO         4620    x$fpl$dretinf       fz_ws.l(dretinf.o)
    0x08009da4   0x000001cc   Code   RO         4622    x$fpl$dsqrt         fz_ws.l(dsqrt_noumaal.o)
    0x08009f70   0x00000056   Code   RO         4522    x$fpl$f2d           fz_ws.l(f2d.o)
    0x08009fc6   0x00000002   PAD
    0x08009fc8   0x000000c4   Code   RO         4524    x$fpl$fadd          fz_ws.l(faddsub_clz.o)
    0x0800a08c   0x00000184   Code   RO         4531    x$fpl$fdiv          fz_ws.l(fdiv.o)
    0x0800a210   0x00000036   Code   RO         4534    x$fpl$ffix          fz_ws.l(ffix.o)
    0x0800a246   0x00000002   PAD
    0x0800a248   0x00000030   Code   RO         4539    x$fpl$fflt          fz_ws.l(fflt_clz.o)
    0x0800a278   0x00000102   Code   RO         4544    x$fpl$fmul          fz_ws.l(fmul.o)
    0x0800a37a   0x0000008c   Code   RO         4624    x$fpl$fnaninf       fz_ws.l(fnaninf.o)
    0x0800a406   0x0000000a   Code   RO         4626    x$fpl$fretinf       fz_ws.l(fretinf.o)
    0x0800a410   0x000000ea   Code   RO         4526    x$fpl$fsub          fz_ws.l(faddsub_clz.o)
    0x0800a4fa   0x00000004   Code   RO         4628    x$fpl$printf1       fz_ws.l(printf1.o)
    0x0800a4fe   0x00000004   Code   RO         4630    x$fpl$printf2       fz_ws.l(printf2.o)
    0x0800a502   0x00000000   Code   RO         4636    x$fpl$usenofp       fz_ws.l(usenofp.o)
    0x0800a502   0x00000018   Data   RO            6    .constdata          system_stm32f1xx.o
    0x0800a51a   0x00000002   PAD
    0x0800a51c   0x00000d80   Data   RO         3458    .constdata          acceleratetable.o
    0x0800b29c   0x0000000a   Data   RO         4159    .constdata          statereset.o
    0x0800b2a6   0x00000002   PAD
    0x0800b2a8   0x000000e0   Data   RO         4204    .constdata          statemovework.o
    0x0800b388   0x00000354   Data   RO         4424    .constdata          configreage.o
    0x0800b6dc   0x00000028   Data   RO         4469    .constdata          c_w.l(_printf_hex_int_ll_ptr.o)
    0x0800b704   0x00000011   Data   RO         4489    .constdata          c_w.l(__printf_flags_ss_wp.o)
    0x0800b715   0x00000003   PAD
    0x0800b718   0x00000008   Data   RO         4577    .constdata          c_w.l(_printf_wctomb.o)
    0x0800b720   0x00000026   Data   RO         4662    .constdata          c_w.l(_printf_fp_hex.o)
    0x0800b746   0x00000002   PAD
    0x0800b748   0x00000094   Data   RO         4686    .constdata          c_w.l(bigflt0.o)
    0x0800b7dc   0x00000020   Data   RO         4852    Region$$Table       anon$$obj.o
    0x0800b7fc   0x00000110   Data   RO         4710    locale$$data        c_w.l(lc_ctype_c.o)
    0x0800b90c   0x0000001c   Data   RO         4713    locale$$data        c_w.l(lc_numeric_c.o)


    Execution Region RW_IRAM1 (Base: 0x20000000, Size: 0x000015a0, Max: 0x00010000, ABSOLUTE)

    Base Addr    Size         Type   Attr      Idx    E Section Name        Object

    0x20000000   0x00000004   Data   RW            7    .data               system_stm32f1xx.o
    0x20000004   0x00000004   Data   RW          238    .data               stm32f1xx_hal.o
    0x20000008   0x00000008   Data   RW         2547    .data               config.o
    0x20000010   0x00000001   Data   RW         2805    .data               host.o
    0x20000011   0x00000003   PAD
    0x20000014   0x0000000c   Data   RW         2891    .data               spi.o
    0x20000020   0x00000004   Data   RW         3084    .data               timer.o
    0x20000024   0x00000004   Data   RW         3163    .data               framfm25cl64b.o
    0x20000028   0x00000001   Data   RW         4363    .data               slaverege.o
    0x20000029   0x00000003   PAD
    0x2000002c   0x000000a8   Zero   RW         2437    .bss                message.o
    0x200000d4   0x0000033c   Zero   RW         2666    .bss                console.o
    0x20000410   0x00000134   Zero   RW         2804    .bss                host.o
    0x20000544   0x000000f0   Zero   RW         2890    .bss                spi.o
    0x20000634   0x00000190   Zero   RW         2958    .bss                uart.o
    0x200007c4   0x00000080   Zero   RW         3083    .bss                timer.o
    0x20000844   0x000001b8   Zero   RW         3379    .bss                pulse4axis.o
    0x200009fc   0x000000b4   Zero   RW         3487    .bss                board.o
    0x20000ab0   0x00000360   Zero   RW         4044    .bss                regent.o
    0x20000e10   0x0000012c   Zero   RW         4362    .bss                slaverege.o
    0x20000f3c   0x00000060   Zero   RW         4638    .bss                c_w.l(libspace.o)
    0x20000f9c   0x00000004   PAD
    0x20000fa0   0x00000200   Zero   RW          209    HEAP                startup_stm32f103xe.o
    0x200011a0   0x00000400   Zero   RW          208    STACK               startup_stm32f103xe.o


==============================================================================

Image component sizes


      Code (inc. data)   RO Data    RW Data    ZI Data      Debug   Object Name

        28          6       3456          0          0       2021   acceleratetable.o
       742         66          0          0        180       5390   board.o
       518          0          0          0          0       6893   buffer.o
       640         78          0          8          0      10206   config.o
         0          0        852          0          0        620   configreage.o
      1682        242          0          0        828      14949   console.o
       660        138          0          4          0       4882   framfm25cl64b.o
       494         34          0          0          0       4749   gpio.o
      1156        238          0          1        308       8675   host.o
      2156         80          0          0          0      23599   hostrege.o
        36          0          0          0          0       3167   interrupts.o
        82         12          0          0          0       3081   leveldetection.o
       124         44          0          0          0       2327   main.o
       428         86          0          0        168       8265   message.o
      1160         68          0          0        440      10029   pulse4axis.o
      1264        120          0          0        864       4336   regent.o
      1096         58          0          0          0       5528   sendresultcode.o
       602         58          0          1        300       5920   slaverege.o
       696         34          0         12        240       7178   spi.o
        64         26        304          0       1536        920   startup_stm32f103xe.o
       712         54          0          0          0       2445   stateclean.o
       480         20          0          0          0        981   statedrain.o
       772         20        224          0          0       3179   statemovework.o
      1492         76          0          0          0       6164   stateready.o
      1428         22         10          0          0       4219   statereset.o
       814         74          0          0          0       3077   statesub.o
      1216          6          0          0          0      14206   stepmotor.o
       316         12          0          0          0       4532   stepmotorrege.o
       140         20          0          4          0       4421   stm32f1xx_hal.o
       348         22          0          0          0      28305   stm32f1xx_hal_cortex.o
       178          0          0          0          0       3358   stm32f1xx_hal_crc.o
       424         10          0          0          0       1315   stm32f1xx_hal_dma.o
       888         46          0          0          0       4118   stm32f1xx_hal_gpio.o
      1780        114          0          0          0       6248   stm32f1xx_hal_rcc.o
      2194          0          0          0          0       8286   stm32f1xx_hal_spi.o
       762         20          0          0          0       7593   stm32f1xx_hal_tim.o
         4          0          0          0          0       1650   stm32f1xx_hal_tim_ex.o
      1482         12          0          0          0      10053   stm32f1xx_hal_uart.o
        88         18         24          4          0     484027   system_stm32f1xx.o
       616        124          0          4        128       6720   timer.o
       998         62          0          0        400       7223   uart.o

    ----------------------------------------------------------------------
     30794       2120       4906         44       5392     744855   Object Totals
         0          0         32          0          0          0   (incl. Generated)
        34          0          4          6          0          0   (incl. Padding)

    ----------------------------------------------------------------------

      Code (inc. data)   RO Data    RW Data    ZI Data      Debug   Library Member Name

        44          6          0          0          0         84   __2sprintf.o
         8          0          0          0          0         68   __main.o
       392          4         17          0          0         92   __printf_flags_ss_wp.o
        14          0          0          0          0         68   __printf_wp.o
         0          0          0          0          0          0   __rtentry.o
        12          0          0          0          0          0   __rtentry2.o
         6          0          0          0          0          0   __rtentry4.o
        52          8          0          0          0          0   __scatter.o
        26          0          0          0          0          0   __scatter_copy.o
        28          0          0          0          0          0   __scatter_zi.o
        28          0          0          0          0         68   _chval.o
         6          0          0          0          0          0   _printf_a.o
         6          0          0          0          0          0   _printf_c.o
        44          0          0          0          0        108   _printf_char.o
        48          6          0          0          0         96   _printf_char_common.o
        40          0          0          0          0         68   _printf_charcount.o
         6          0          0          0          0          0   _printf_d.o
       120         16          0          0          0         92   _printf_dec.o
         6          0          0          0          0          0   _printf_e.o
         6          0          0          0          0          0   _printf_f.o
      1050          0          0          0          0        216   _printf_fp_dec.o
       764          8         38          0          0        100   _printf_fp_hex.o
       128         16          0          0          0         84   _printf_fp_infnan.o
         6          0          0          0          0          0   _printf_g.o
       148          4         40          0          0        160   _printf_hex_int_ll_ptr.o
         6          0          0          0          0          0   _printf_i.o
       178          0          0          0          0         88   _printf_intcommon.o
        10          0          0          0          0          0   _printf_l.o
         6          0          0          0          0          0   _printf_lc.o
        10          0          0          0          0          0   _printf_ll.o
         6          0          0          0          0          0   _printf_lld.o
         6          0          0          0          0          0   _printf_lli.o
         6          0          0          0          0          0   _printf_llo.o
         6          0          0          0          0          0   _printf_llu.o
         6          0          0          0          0          0   _printf_llx.o
       124         16          0          0          0         92   _printf_longlong_dec.o
         6          0          0          0          0          0   _printf_ls.o
         6          0          0          0          0          0   _printf_n.o
         6          0          0          0          0          0   _printf_o.o
       112         10          0          0          0        124   _printf_oct_int_ll.o
         6          0          0          0          0          0   _printf_p.o
        78          0          0          0          0        108   _printf_pad.o
         0          0          0          0          0          0   _printf_percent.o
         4          0          0          0          0          0   _printf_percent_end.o
         6          0          0          0          0          0   _printf_s.o
        82          0          0          0          0         80   _printf_str.o
        36          0          0          0          0         84   _printf_truncate.o
         6          0          0          0          0          0   _printf_u.o
        44          0          0          0          0        108   _printf_wchar.o
       188          6          8          0          0         92   _printf_wctomb.o
         6          0          0          0          0          0   _printf_x.o
        22          0          0          0          0        100   _rserrno.o
        10          0          0          0          0         68   _sputc.o
       158          0          0          0          0         92   _strtoul.o
        64          0          0          0          0         92   _wcrtomb.o
        26          0          0          0          0         80   atoi.o
       220          4        148          0          0         96   bigflt0.o
      1910        128          0          0          0        672   btod.o
        18          0          0          0          0         80   exit.o
         6          0          0          0          0        152   heapauxi.o
         0          0          0          0          0          0   indicate_semi.o
        44         10        272          0          0         76   lc_ctype_c.o
        44         10         28          0          0         76   lc_numeric_c.o
         2          0          0          0          0          0   libinit.o
        30          0          0          0          0          0   libinit2.o
         2          0          0          0          0          0   libshutdown.o
         2          0          0          0          0          0   libshutdown2.o
         8          4          0          0         96         68   libspace.o
       138          0          0          0          0         80   lludiv10.o
        16          4          0          0          0         76   rt_ctype_table.o
         8          4          0          0          0         68   rt_errno_addr_intlibspace.o
         8          4          0          0          0         68   rt_locale_intlibspace.o
        68          0          0          0          0         68   rt_memclr.o
        78          0          0          0          0         80   rt_memclr_w.o
       138          0          0          0          0         68   rt_memcpy_v6.o
       100          0          0          0          0         80   rt_memcpy_w.o
       132          0          0          0          0         68   rt_memmove_v6.o
       122          0          0          0          0         80   rt_memmove_w.o
         2          0          0          0          0          0   rtexit.o
        10          0          0          0          0          0   rtexit2.o
       128          0          0          0          0         68   strcmpv7m.o
        62          0          0          0          0         76   strlen.o
        86          0          0          0          0         76   strncpy.o
       112          0          0          0          0         88   strtol.o
        12          4          0          0          0         68   sys_exit.o
        74          0          0          0          0         80   sys_stackheap_outer.o
         2          0          0          0          0         68   use_no_semi.o
        36          4          0          0          0         76   vsprintf.o
       688        140          0          0          0        208   ddiv.o
        94          4          0          0          0         92   dfix.o
       340         12          0          0          0        104   dmul.o
       156          4          0          0          0         92   dnaninf.o
        12          0          0          0          0         68   dretinf.o
       460         56          0          0          0        120   dsqrt_noumaal.o
        86          4          0          0          0         84   f2d.o
       430          8          0          0          0        168   faddsub_clz.o
       388         76          0          0          0         96   fdiv.o
        54          4          0          0          0         84   ffix.o
        48          0          0          0          0         68   fflt_clz.o
       258          4          0          0          0         84   fmul.o
       140          4          0          0          0         84   fnaninf.o
        10          0          0          0          0         68   fretinf.o
         4          0          0          0          0         68   printf1.o
         4          0          0          0          0         68   printf2.o
         0          0          0          0          0          0   usenofp.o
        40          0          0          0          0         68   fpclassify.o
        76          0          0          0          0         84   sqrt.o

    ----------------------------------------------------------------------
     11144        592        556          0        100       6776   Library Totals
        20          0          5          0          4          0   (incl. Padding)

    ----------------------------------------------------------------------

      Code (inc. data)   RO Data    RW Data    ZI Data      Debug   Library Name

      7836        276        551          0         96       5068   c_w.l
      3172        316          0          0          0       1556   fz_ws.l
       116          0          0          0          0        152   m_ws.l

    ----------------------------------------------------------------------
     11144        592        556          0        100       6776   Library Totals

    ----------------------------------------------------------------------

==============================================================================


      Code (inc. data)   RO Data    RW Data    ZI Data      Debug   

     41938       2712       5462         44       5492     732751   Grand Totals
     41938       2712       5462         44       5492     732751   ELF Image Totals
     41938       2712       5462         44          0          0   ROM Totals

==============================================================================

    Total RO  Size (Code + RO Data)                47400 (  46.29kB)
    Total RW  Size (RW Data + ZI Data)              5536 (   5.41kB)
    Total ROM Size (Code + RO Data + RW Data)      47444 (  46.33kB)

==============================================================================

